ARM Linker, 4.1 [Build 894] [Standard]

==============================================================================

Section Cross References

    cli.o(.text) refers to drv_uart.o(.text) for uartPrint
    cli.o(.text) refers to strlen.o(.text) for strlen
    cli.o(.text) refers to strncasecmp.o(.text) for strncasecmp
    cli.o(.text) refers to config.o(.text) for checkFirstTime
    cli.o(.text) refers to drv_system.o(.text) for delay
    cli.o(.text) refers to memseta.o(.text) for __aeabi_memclr
    cli.o(.text) refers to toupper.o(.text) for toupper
    cli.o(.text) refers to strchr.o(.text) for strchr
    cli.o(.text) refers to cli.o(.bss) for cliBuffer
    cli.o(.text) refers to cli.o(.data) for bufferIndex
    cli.o(.text) refers to serial.o(.data) for cliMode
    cli.o(.text) refers to cli.o(.constdata) for cmdTable
    cli.o(.text) refers to config.o(.constdata) for rcChannelLetters
    cli.o(.text) refers to config.o(.bss) for cfg
    cli.o(.text) refers to strstr.o(.text) for strstr
    cli.o(.text) refers to atoi.o(.text) for atoi
    cli.o(.text) refers to drv_i2c.o(.text) for i2cGetErrorCounter
    cli.o(.text) refers to bsearch.o(.text) for bsearch
    cli.o(.text) refers to mw.o(.data) for vbat
    cli.o(.text) refers to sensors.o(.data) for accHardware
    cli.o(.constdata) refers to cli.o(.conststring) for .conststring
    cli.o(.constdata) refers to cli.o(.text) for cliDefaults
    cli.o(.constdata) refers to config.o(.bss) for cfg
    cli.o(.data) refers to cli.o(.conststring) for .conststring
    config.o(.text) refers to strchr.o(.text) for strchr
    config.o(.text) refers to memcpya.o(.text) for __aeabi_memcpy4
    config.o(.text) refers to stm32f10x_flash.o(.text) for FLASH_Unlock
    config.o(.text) refers to mw.o(.text) for blinkLED
    config.o(.text) refers to config.o(.constdata) for rcChannelLetters
    config.o(.text) refers to config.o(.bss) for cfg
    config.o(.text) refers to mw.o(.bss) for lookupPitchRollRC
    config.o(.text) refers to config.o(.data) for checkNewConf
    imu.o(.text) refers to ffltui.o(.text) for __aeabi_ui2f
    imu.o(.text) refers to fmul.o(.text) for __aeabi_fmul
    imu.o(.text) refers to ffixi.o(.text) for __aeabi_f2iz
    imu.o(.text) refers to config.o(.text) for sensors
    imu.o(.text) refers to sensors.o(.text) for Mag_init
    imu.o(.text) refers to atan2f.o(i.atan2f) for atan2f
    imu.o(.text) refers to fadd.o(.text) for __aeabi_fadd
    imu.o(.text) refers to drv_system.o(.text) for micros
    imu.o(.text) refers to fflti.o(.text) for __aeabi_i2f
    imu.o(.text) refers to fdiv.o(.text) for __aeabi_fdiv
    imu.o(.text) refers to sensors.o(.data) for acc_1G
    imu.o(.text) refers to imu.o(.data) for acc_25deg
    imu.o(.text) refers to config.o(.bss) for cfg
    imu.o(.text) refers to imu.o(.bss) for accLPF
    imu.o(.text) refers to mw.o(.bss) for f
    imu.o(.text) refers to mw.o(.text) for annexCode
    imu.o(.text) refers to mw.o(.data) for annex650_overrun_count
    main.o(.text) refers to drv_pwm.o(.text) for pwmGetNumOutputChannels
    main.o(.text) refers to drv_system.o(.text) for delay
    main.o(.text) refers to config.o(.text) for readEEPROM
    main.o(.text) refers to serial.o(.text) for serialInit
    main.o(.text) refers to mixer.o(.text) for mixerInit
    main.o(.text) refers to sensors.o(.text) for sensorsAutodetect
    main.o(.text) refers to imu.o(.text) for imuInit
    main.o(.text) refers to spektrum.o(.text) for spektrumInit
    main.o(.text) refers to gps.o(.text) for gpsInit
    main.o(.text) refers to mw.o(.text) for loop
    main.o(.text) refers to mixer.o(.data) for useServo
    main.o(.text) refers to config.o(.bss) for cfg
    main.o(.text) refers to mw.o(.data) for rcReadRawFunc
    main.o(.text) refers to sensors.o(.data) for calibratingA
    main.o(.text) refers to mw.o(.bss) for f
    mixer.o(.text) refers to config.o(.text) for feature
    mixer.o(.text) refers to drv_pwm.o(.text) for pwmWrite
    mixer.o(.text) refers to config.o(.bss) for cfg
    mixer.o(.text) refers to mixer.o(.data) for useServo
    mixer.o(.text) refers to mixer.o(.bss) for motor
    mixer.o(.text) refers to mw.o(.data) for axisPID
    mixer.o(.text) refers to imu.o(.data) for angle
    mixer.o(.text) refers to mw.o(.bss) for rcOptions
    mw.o(.text) refers to drv_system.o(.text) for delay
    mw.o(.text) refers to fflti.o(.text) for __aeabi_i2f
    mw.o(.text) refers to fmul.o(.text) for __aeabi_fmul
    mw.o(.text) refers to fdiv.o(.text) for __aeabi_fdiv
    mw.o(.text) refers to cosf.o(i.cosf) for cosf
    mw.o(.text) refers to sinf.o(i.sinf) for sinf
    mw.o(.text) refers to fadd.o(.text) for __aeabi_fadd
    mw.o(.text) refers to ffixi.o(.text) for __aeabi_f2iz
    mw.o(.text) refers to config.o(.text) for feature
    mw.o(.text) refers to drv_adc.o(.text) for adcGetBattery
[...]
    .bss                                     0x200004f0   Section      116  imu.o(.bss)
    EstG                                     0x200004f0   Data          12  imu.o(.bss)
    EstM                                     0x200004fc   Data          12  imu.o(.bss)
    accLPF                                   0x20000508   Data          12  imu.o(.bss)
    BaroHistTab                              0x20000514   Data          80  imu.o(.bss)
    .bss                                     0x20000564   Section       16  mixer.o(.bss)
    .bss                                     0x20000574   Section      160  mw.o(.bss)
    vbatRawArray                             0x20000574   Data          16  mw.o(.bss)
    rcData4Values                            0x20000584   Data          64  mw.o(.bss)
    rcDataMean                               0x200005c4   Data          16  mw.o(.bss)
    .bss                                     0x20000614   Section       68  sensors.o(.bss)
    a                                        0x20000614   Data          12  sensors.o(.bss)
    b                                        0x20000620   Data          12  sensors.o(.bss)
    g                                        0x2000062c   Data          12  sensors.o(.bss)
    .bss                                     0x20000658   Section       64  serial.o(.bss)
    inBuf                                    0x20000658   Data          64  serial.o(.bss)
    .bss                                     0x20000698   Section      224  gps.o(.bss)
    string                                   0x20000698   Data          15  gps.o(.bss)
    posholdPID                               0x200006a8   Data          16  gps.o(.bss)
    poshold_ratePID                          0x200006b8   Data          16  gps.o(.bss)
    navPID                                   0x200006c8   Data          16  gps.o(.bss)
    pi_poshold                               0x200006d8   Data          40  gps.o(.bss)
    pid_poshold_rate                         0x20000700   Data          40  gps.o(.bss)
    pid_nav                                  0x20000728   Data          40  gps.o(.bss)
    GPS_filter                               0x20000750   Data          40  gps.o(.bss)
    .bss                                     0x20000778   Section       44  spektrum.o(.bss)
    spekChannelData                          0x20000778   Data          28  spektrum.o(.bss)
    .bss                                     0x200007a4   Section       40  drv_bmp085.o(.bss)
    bmp085                                   0x200007a4   Data          40  drv_bmp085.o(.bss)
    .bss                                     0x200007cc   Section       74  drv_pwm.o(.bss)
    Inputs                                   0x200007cc   Data          64  drv_pwm.o(.bss)
    TIM_ICInitStructure                      0x2000080c   Data          10  drv_pwm.o(.bss)
    .bss                                     0x20000816   Section      512  drv_uart.o(.bss)
    .bss                                     0x20000a18   Section       24  drv_ms5611.o(.bss)
    ms5611ctx                                0x20000a18   Data          24  drv_ms5611.o(.bss)
    STACK                                    0x20000a30   Section     4096  startup_stm32f10x_md.o(STACK)

    Global Symbols

    Symbol Name                              Value     Ov Type        Size  Object(Section)

    BuildAttributes$$THM_ISAv4$P$D$K$B$S$PE$A:L22UL41UL21$X:L11$S22US41US21$IEEE1$IW$USESV6$~STKCKD$USESV7$~SHL$OTIME$ROPI$IEEEX$EBA8$MICROLIB$REQ8$PRES8$EABIv2 0x00000000   Number         0  anon$$obj.o ABSOLUTE
    __ARM_use_no_argv                        0x00000000   Number         0  main.o ABSOLUTE
    _clock_init                               - Undefined Weak Reference
    __Vectors_Size                           0x000000ec   Number         0  startup_stm32f10x_md.o ABSOLUTE
    __Vectors                                0x08000000   Data           4  startup_stm32f10x_md.o(RESET)
    __Vectors_End                            0x080000ec   Data           0  startup_stm32f10x_md.o(RESET)
    __main                                   0x080000ed   Thumb Code     0  entry.o(.ARM.Collect$$$$00000000)
    _main_stk                                0x080000ed   Thumb Code     0  entry2.o(.ARM.Collect$$$$00000001)
    _main_scatterload                        0x080000f1   Thumb Code     0  entry5.o(.ARM.Collect$$$$00000004)
    __main_after_scatterload                 0x080000f5   Thumb Code     0  entry5.o(.ARM.Collect$$$$00000004)
    _main_clock                              0x080000f5   Thumb Code     0  entry7b.o(.ARM.Collect$$$$00000008)
    _main_init                               0x080000f5   Thumb Code     0  entry8.o(.ARM.Collect$$$$00000009)
    itoa                                     0x08000131   Thumb Code    60  cli.o(.text)
    cliProcess                               0x0800091b   Thumb Code   964  cli.o(.text)
    parseRcChannels                          0x08000ce9   Thumb Code    42  config.o(.text)
    readEEPROM                               0x08000d13   Thumb Code   330  config.o(.text)
    writeParams                              0x08000e5d   Thumb Code    80  config.o(.text)
    featureSet                               0x08000ead   Thumb Code    16  config.o(.text)
    featureClearAll                          0x08000ebd   Thumb Code    10  config.o(.text)
    checkFirstTime                           0x08000ec7   Thumb Code   658  config.o(.text)
    sensors                                  0x08001159   Thumb Code    18  config.o(.text)
    sensorsSet                               0x0800116b   Thumb Code    12  config.o(.text)
    sensorsClear                             0x08001177   Thumb Code    12  config.o(.text)
    sensorsMask                              0x08001183   Thumb Code     6  config.o(.text)
    feature                                  0x08001189   Thumb Code    18  config.o(.text)
    featureClear                             0x0800119b   Thumb Code    12  config.o(.text)
    featureMask                              0x080011a7   Thumb Code     6  config.o(.text)
    imuInit                                  0x080011b5   Thumb Code    44  imu.o(.text)
    rotateV                                  0x08001205   Thumb Code   128  imu.o(.text)
    computeIMU                               0x0800158d   Thumb Code   446  imu.o(.text)
    getEstimatedAltitude                     0x0800174b   Thumb Code   484  imu.o(.text)
    throttleCalibration                      0x08001989   Thumb Code    92  main.o(.text)
    main                                     0x080019e5   Thumb Code   348  main.o(.text)
    HardFault_Handler                        0x08001b41   Thumb Code    16  main.o(.text)
    mixerInit                                0x08001b7d   Thumb Code   158  mixer.o(.text)
    writeServos                              0x08001c1b   Thumb Code    88  mixer.o(.text)
    writeMotors                              0x08001c73   Thumb Code    46  mixer.o(.text)
    writeAllMotors                           0x08001ca1   Thumb Code    32  mixer.o(.text)
    mixTable                                 0x08001cc1   Thumb Code  4198  mixer.o(.text)
    blinkLED                                 0x08002d41   Thumb Code    84  mw.o(.text)
    annexCode                                0x08002d95   Thumb Code  1314  mw.o(.text)
    pwmReadRawRC                             0x080032b7   Thumb Code    42  mw.o(.text)
    computeRC                                0x080032e1   Thumb Code   198  mw.o(.text)
    loop                                     0x080033a7   Thumb Code  3618  mw.o(.text)
    sensorsAutodetect                        0x08004219   Thumb Code   366  sensors.o(.text)
    batteryAdcToVoltage                      0x08004387   Thumb Code    60  sensors.o(.text)
    batteryInit                              0x080043c3   Thumb Code    80  sensors.o(.text)
    ACC_getADC                               0x08004679   Thumb Code    24  sensors.o(.text)
    Baro_update                              0x08004691   Thumb Code   222  sensors.o(.text)
    Gyro_getADC                              0x08004865   Thumb Code    24  sensors.o(.text)
    Mag_init                                 0x0800489f   Thumb Code   398  sensors.o(.text)
    Mag_getADC                               0x08004a2d   Thumb Code   512  sensors.o(.text)
    Sonar_init                               0x08004c2d   Thumb Code    22  sensors.o(.text)
    Sonar_update                             0x08004c43   Thumb Code    10  sensors.o(.text)
    serialize32                              0x08004c7d   Thumb Code   116  serial.o(.text)
    serialize16                              0x08004cf1   Thumb Code    60  serial.o(.text)
    serialize8                               0x08004d2d   Thumb Code    22  serial.o(.text)
    read8                                    0x08004d43   Thumb Code    18  serial.o(.text)
    read16                                   0x08004d55   Thumb Code    22  serial.o(.text)
    read32                                   0x08004d6b   Thumb Code    20  serial.o(.text)
    headSerialResponse                       0x08004d7f   Thumb Code    54  serial.o(.text)
    headSerialReply                          0x08004db5   Thumb Code    14  serial.o(.text)
    headSerialError                          0x08004dc3   Thumb Code    14  serial.o(.text)
    tailSerialReply                          0x08004dd1   Thumb Code    12  serial.o(.text)
    serializeNames                           0x08004ddd   Thumb Code    24  serial.o(.text)
    serialInit                               0x08004df5   Thumb Code    12  serial.o(.text)
    serialCom                                0x080053f5   Thumb Code   476  serial.o(.text)
    wrap_18000                               0x080055ed   Thumb Code    26  gps.o(.text)
    GPS_coord_to_degrees                     0x08005d77   Thumb Code   270  gps.o(.text)
    gpsInit                                  0x08006467   Thumb Code    38  gps.o(.text)
    GPS_reset_home_position                  0x08006497   Thumb Code    50  gps.o(.text)
    GPS_reset_nav                            0x080064c9   Thumb Code    70  gps.o(.text)
    GPS_set_next_wp                          0x0800650f   Thumb Code    86  gps.o(.text)
    spektrumInit                             0x08006637   Thumb Code    48  spektrum.o(.text)
    spektrumFrameComplete                    0x08006667   Thumb Code     6  spektrum.o(.text)
    spektrumReadRawRC                        0x0800666d   Thumb Code   144  spektrum.o(.text)
    buzzer                                   0x08006853   Thumb Code   388  buzzer.o(.text)
    initTelemetry                            0x08006c21   Thumb Code    40  telemetry.o(.text)
    sendTelemetry                            0x08006c49   Thumb Code   106  telemetry.o(.text)
    adcInit                                  0x08006ce1   Thumb Code   202  drv_adc.o(.text)
    adcGetBattery                            0x08006dab   Thumb Code     6  drv_adc.o(.text)
    adxl345Detect                            0x08006ee5   Thumb Code    62  drv_adxl345.o(.text)
    EXTI15_10_IRQHandler                     0x08006f3d   Thumb Code    28  drv_bmp085.o(.text)
    bmp085Init                               0x08007047   Thumb Code   270  drv_bmp085.o(.text)
    bmp085_get_ut                            0x08007155   Thumb Code    54  drv_bmp085.o(.text)
    bmp085_get_temperature                   0x0800718b   Thumb Code    78  drv_bmp085.o(.text)
    bmp085_start_ut                          0x080071d9   Thumb Code    24  drv_bmp085.o(.text)
    bmp085_read_temperature                  0x080071f1   Thumb Code    40  drv_bmp085.o(.text)
    bmp085_get_up                            0x08007219   Thumb Code    80  drv_bmp085.o(.text)
    bmp085_get_pressure                      0x08007269   Thumb Code   310  drv_bmp085.o(.text)
    bmp085_start_up                          0x0800739f   Thumb Code    38  drv_bmp085.o(.text)
    bmp085_read_pressure                     0x080073c5   Thumb Code    40  drv_bmp085.o(.text)
    hmc5883lDetect                           0x080073fd   Thumb Code    62  drv_hmc5883l.o(.text)
    hmc5883lInit                             0x0800743b   Thumb Code    26  drv_hmc5883l.o(.text)
    hmc5883lCal                              0x08007455   Thumb Code    42  drv_hmc5883l.o(.text)
    hmc5883lFinishCal                        0x0800747f   Thumb Code    34  drv_hmc5883l.o(.text)
    hmc5883lRead                             0x080074a1   Thumb Code    66  drv_hmc5883l.o(.text)
    i2cInit                                  0x080075a7   Thumb Code   174  drv_i2c.o(.text)
    I2C1_ER_IRQHandler                       0x080076f7   Thumb Code     8  drv_i2c.o(.text)
    I2C1_EV_IRQHandler                       0x08007ad5   Thumb Code     8  drv_i2c.o(.text)
    I2C2_ER_IRQHandler                       0x08007add   Thumb Code     8  drv_i2c.o(.text)
    I2C2_EV_IRQHandler                       0x08007ae5   Thumb Code     8  drv_i2c.o(.text)
    i2cWriteBuffer                           0x08007aed   Thumb Code   206  drv_i2c.o(.text)
    i2cWrite                                 0x08007bbb   Thumb Code    20  drv_i2c.o(.text)
    i2cRead                                  0x08007bcf   Thumb Code   172  drv_i2c.o(.text)
    i2cGetErrorCounter                       0x08007c7b   Thumb Code     6  drv_i2c.o(.text)
    mpu3050Detect                            0x08007da3   Thumb Code    48  drv_mpu3050.o(.text)
    mpu3050Config                            0x08007dd3   Thumb Code   102  drv_mpu3050.o(.text)
    TIM2_IRQHandler                          0x08007fb9   Thumb Code    28  drv_pwm.o(.text)
    TIM3_IRQHandler                          0x08007fd5   Thumb Code    10  drv_pwm.o(.text)
    pwmInit                                  0x0800815f   Thumb Code   688  drv_pwm.o(.text)
    pwmWrite                                 0x0800840f   Thumb Code    18  drv_pwm.o(.text)
    pwmRead                                  0x08008421   Thumb Code    12  drv_pwm.o(.text)
    pwmGetNumOutputChannels                  0x0800842d   Thumb Code     6  drv_pwm.o(.text)
    SysTick_Handler                          0x08008473   Thumb Code    12  drv_system.o(.text)
    micros                                   0x0800847f   Thumb Code    44  drv_system.o(.text)
    millis                                   0x080084ab   Thumb Code     6  drv_system.o(.text)
    delayMicroseconds                        0x080084b1   Thumb Code    24  drv_system.o(.text)
    delay                                    0x080084c9   Thumb Code    24  drv_system.o(.text)
    systemInit                               0x080084e1   Thumb Code   266  drv_system.o(.text)
    failureMode                              0x080085eb   Thumb Code    86  drv_system.o(.text)
    systemReset                              0x08008641   Thumb Code    18  drv_system.o(.text)
    DMA1_Channel4_IRQHandler                 0x080086e9   Thumb Code    38  drv_uart.o(.text)
    uartInit                                 0x0800870f   Thumb Code   296  drv_uart.o(.text)
    uartAvailable                            0x08008837   Thumb Code    26  drv_uart.o(.text)
    uartTransmitEmpty                        0x08008851   Thumb Code    20  drv_uart.o(.text)
    uartRead                                 0x08008865   Thumb Code    32  drv_uart.o(.text)
    uartReadPoll                             0x08008885   Thumb Code    18  drv_uart.o(.text)
    uartWrite                                0x08008897   Thumb Code    40  drv_uart.o(.text)
    uartPrint                                0x080088bf   Thumb Code    22  drv_uart.o(.text)
    uart2Init                                0x080088d5   Thumb Code   130  drv_uart.o(.text)
    USART2_IRQHandler                        0x08008957   Thumb Code    38  drv_uart.o(.text)
    ledringDetect                            0x080089a5   Thumb Code    28  drv_ledring.o(.text)
    ledringState                             0x080089c1   Thumb Code   274  drv_ledring.o(.text)
    ledringBlink                             0x08008ad3   Thumb Code    32  drv_ledring.o(.text)
    mpu6050Detect                            0x08008c87   Thumb Code    96  drv_mpu6050.o(.text)
    mpu6050DmpLoop                           0x08008ce7   Thumb Code     2  drv_mpu6050.o(.text)
    mpu6050DmpResetFifo                      0x08008ce9   Thumb Code     2  drv_mpu6050.o(.text)
    mma8452Detect                            0x08008df3   Thumb Code    70  drv_mma845x.o(.text)
    ECHO_EXTI_IRQHandler                     0x08008e4d   Thumb Code    70  drv_hcsr04.o(.text)
    EXTI1_IRQHandler                         0x08008e93   Thumb Code     8  drv_hcsr04.o(.text)
    EXTI9_5_IRQHandler                       0x08008e9b   Thumb Code     8  drv_hcsr04.o(.text)
    hcsr04_init                              0x08008ea3   Thumb Code   216  drv_hcsr04.o(.text)
    hcsr04_get_distance                      0x08008f7b   Thumb Code    60  drv_hcsr04.o(.text)
    l3g4200dDetect                           0x08009083   Thumb Code    50  drv_l3g4200d.o(.text)
    l3g4200dConfig                           0x080090b5   Thumb Code    74  drv_l3g4200d.o(.text)
    ms5611reset                              0x08009111   Thumb Code    46  drv_ms5611.o(.text)
    ms5611ReadCalibration                    0x0800913f   Thumb Code    64  drv_ms5611.o(.text)
    ms5611Init                               0x0800917f   Thumb Code    18  drv_ms5611.o(.text)
    ms5611UT_Start                           0x08009191   Thumb Code    14  drv_ms5611.o(.text)
    ms5611UP_Start                           0x0800919f   Thumb Code    14  drv_ms5611.o(.text)
    ms5611UP_Read                            0x080091ad   Thumb Code    40  drv_ms5611.o(.text)
    ms5611UT_Read                            0x080091d5   Thumb Code    40  drv_ms5611.o(.text)
    ms5611Calculate                          0x080091fd   Thumb Code   326  drv_ms5611.o(.text)
    SystemInit                               0x0800934d   Thumb Code    64  system_stm32f10x.o(.text)
    SystemCoreClockUpdate                    0x0800938d   Thumb Code    86  system_stm32f10x.o(.text)
    NVIC_PriorityGroupConfig                 0x0800948d   Thumb Code    10  misc.o(.text)
    NVIC_Init                                0x08009497   Thumb Code    90  misc.o(.text)
    NVIC_SetVectorTable                      0x080094f1   Thumb Code    14  misc.o(.text)
    NVIC_SystemLPConfig                      0x080094ff   Thumb Code    20  misc.o(.text)
    SysTick_CLKSourceConfig                  0x08009513   Thumb Code    24  misc.o(.text)
    ADC_DeInit                               0x0800953d   Thumb Code    56  stm32f10x_adc.o(.text)
    ADC_Init                                 0x08009575   Thumb Code    62  stm32f10x_adc.o(.text)
    ADC_StructInit                           0x080095b3   Thumb Code    18  stm32f10x_adc.o(.text)
    ADC_Cmd                                  0x080095c5   Thumb Code    20  stm32f10x_adc.o(.text)
    ADC_DMACmd                               0x080095d9   Thumb Code    20  stm32f10x_adc.o(.text)
    ADC_ITConfig                             0x080095ed   Thumb Code    18  stm32f10x_adc.o(.text)
    ADC_ResetCalibration                     0x080095ff   Thumb Code    10  stm32f10x_adc.o(.text)
    ADC_GetResetCalibrationStatus            0x08009609   Thumb Code    14  stm32f10x_adc.o(.text)
    ADC_StartCalibration                     0x08009617   Thumb Code    10  stm32f10x_adc.o(.text)
    ADC_GetCalibrationStatus                 0x08009621   Thumb Code    14  stm32f10x_adc.o(.text)
    ADC_SoftwareStartConvCmd                 0x0800962f   Thumb Code    20  stm32f10x_adc.o(.text)
    ADC_GetSoftwareStartConvStatus           0x08009643   Thumb Code    14  stm32f10x_adc.o(.text)
    ADC_DiscModeChannelCountConfig           0x08009651   Thumb Code    16  stm32f10x_adc.o(.text)
    ADC_DiscModeCmd                          0x08009661   Thumb Code    20  stm32f10x_adc.o(.text)
    ADC_RegularChannelConfig                 0x08009675   Thumb Code   116  stm32f10x_adc.o(.text)
    ADC_ExternalTrigConvCmd                  0x080096e9   Thumb Code    20  stm32f10x_adc.o(.text)
    ADC_GetConversionValue                   0x080096fd   Thumb Code     6  stm32f10x_adc.o(.text)
    ADC_GetDualModeConversionValue           0x08009703   Thumb Code     8  stm32f10x_adc.o(.text)
    ADC_AutoInjectedConvCmd                  0x0800970b   Thumb Code    20  stm32f10x_adc.o(.text)
    ADC_InjectedDiscModeCmd                  0x0800971f   Thumb Code    20  stm32f10x_adc.o(.text)
    ADC_ExternalTrigInjectedConvConfig       0x08009733   Thumb Code    12  stm32f10x_adc.o(.text)
    ADC_ExternalTrigInjectedConvCmd          0x0800973f   Thumb Code    20  stm32f10x_adc.o(.text)
    ADC_SoftwareStartInjectedConvCmd         0x08009753   Thumb Code    20  stm32f10x_adc.o(.text)
    ADC_GetSoftwareStartInjectedConvCmdStatus 0x08009767   Thumb Code    14  stm32f10x_adc.o(.text)
    ADC_InjectedChannelConfig                0x08009775   Thumb Code    74  stm32f10x_adc.o(.text)
    ADC_InjectedSequencerLengthConfig        0x080097bf   Thumb Code    16  stm32f10x_adc.o(.text)
    ADC_SetInjectedOffset                    0x080097cf   Thumb Code     4  stm32f10x_adc.o(.text)
    ADC_GetInjectedConversionValue           0x080097d3   Thumb Code     8  stm32f10x_adc.o(.text)
    ADC_AnalogWatchdogCmd                    0x080097db   Thumb Code    12  stm32f10x_adc.o(.text)
    ADC_AnalogWatchdogThresholdsConfig       0x080097e7   Thumb Code     6  stm32f10x_adc.o(.text)
    ADC_AnalogWatchdogSingleChannelConfig    0x080097ed   Thumb Code    12  stm32f10x_adc.o(.text)
    ADC_TempSensorVrefintCmd                 0x080097f9   Thumb Code    24  stm32f10x_adc.o(.text)
    ADC_GetFlagStatus                        0x08009811   Thumb Code    14  stm32f10x_adc.o(.text)
    ADC_ClearFlag                            0x0800981f   Thumb Code     6  stm32f10x_adc.o(.text)
    ADC_GetITStatus                          0x08009825   Thumb Code    26  stm32f10x_adc.o(.text)
    ADC_ClearITPendingBit                    0x0800983f   Thumb Code     8  stm32f10x_adc.o(.text)
    DMA_DeInit                               0x08009861   Thumb Code   218  stm32f10x_dma.o(.text)
    DMA_Init                                 0x0800993b   Thumb Code    58  stm32f10x_dma.o(.text)
    DMA_StructInit                           0x08009975   Thumb Code    26  stm32f10x_dma.o(.text)
    DMA_Cmd                                  0x0800998f   Thumb Code    22  stm32f10x_dma.o(.text)
    DMA_ITConfig                             0x080099a5   Thumb Code    16  stm32f10x_dma.o(.text)
    DMA_SetCurrDataCounter                   0x080099b5   Thumb Code     4  stm32f10x_dma.o(.text)
    DMA_GetCurrDataCounter                   0x080099b9   Thumb Code     6  stm32f10x_dma.o(.text)
    DMA_GetFlagStatus                        0x080099bf   Thumb Code    28  stm32f10x_dma.o(.text)
    DMA_ClearFlag                            0x080099db   Thumb Code    20  stm32f10x_dma.o(.text)
    DMA_GetITStatus                          0x080099ef   Thumb Code    28  stm32f10x_dma.o(.text)
    DMA_ClearITPendingBit                    0x08009a0b   Thumb Code    20  stm32f10x_dma.o(.text)
    EXTI_DeInit                              0x08009a29   Thumb Code    28  stm32f10x_exti.o(.text)
    EXTI_Init                                0x08009a45   Thumb Code   108  stm32f10x_exti.o(.text)
    EXTI_StructInit                          0x08009ab1   Thumb Code    14  stm32f10x_exti.o(.text)
    EXTI_GenerateSWInterrupt                 0x08009abf   Thumb Code    12  stm32f10x_exti.o(.text)
    EXTI_GetFlagStatus                       0x08009acb   Thumb Code    18  stm32f10x_exti.o(.text)
    EXTI_ClearFlag                           0x08009add   Thumb Code     8  stm32f10x_exti.o(.text)
    EXTI_GetITStatus                         0x08009ae5   Thumb Code    28  stm32f10x_exti.o(.text)
    EXTI_ClearITPendingBit                   0x08009b01   Thumb Code     8  stm32f10x_exti.o(.text)
    I2C_DeInit                               0x08009b11   Thumb Code    38  stm32f10x_i2c.o(.text)
    I2C_Init                                 0x08009b37   Thumb Code   176  stm32f10x_i2c.o(.text)
    I2C_StructInit                           0x08009be7   Thumb Code    28  stm32f10x_i2c.o(.text)
    I2C_Cmd                                  0x08009c03   Thumb Code    20  stm32f10x_i2c.o(.text)
    I2C_DMACmd                               0x08009c17   Thumb Code    20  stm32f10x_i2c.o(.text)
    I2C_DMALastTransferCmd                   0x08009c2b   Thumb Code    20  stm32f10x_i2c.o(.text)
    I2C_GenerateSTART                        0x08009c3f   Thumb Code    20  stm32f10x_i2c.o(.text)
    I2C_GenerateSTOP                         0x08009c53   Thumb Code    20  stm32f10x_i2c.o(.text)
    I2C_AcknowledgeConfig                    0x08009c67   Thumb Code    20  stm32f10x_i2c.o(.text)
    I2C_OwnAddress2Config                    0x08009c7b   Thumb Code    16  stm32f10x_i2c.o(.text)
    I2C_DualAddressCmd                       0x08009c8b   Thumb Code    20  stm32f10x_i2c.o(.text)
    I2C_GeneralCallCmd                       0x08009c9f   Thumb Code    20  stm32f10x_i2c.o(.text)
    I2C_ITConfig                             0x08009cb3   Thumb Code    16  stm32f10x_i2c.o(.text)
    I2C_SendData                             0x08009cc3   Thumb Code     4  stm32f10x_i2c.o(.text)
    I2C_ReceiveData                          0x08009cc7   Thumb Code     6  stm32f10x_i2c.o(.text)
    I2C_Send7bitAddress                      0x08009ccd   Thumb Code    16  stm32f10x_i2c.o(.text)
    I2C_ReadRegister                         0x08009cdd   Thumb Code     4  stm32f10x_i2c.o(.text)
    I2C_SoftwareResetCmd                     0x08009ce1   Thumb Code    20  stm32f10x_i2c.o(.text)
    I2C_NACKPositionConfig                   0x08009cf5   Thumb Code    22  stm32f10x_i2c.o(.text)
    I2C_SMBusAlertConfig                     0x08009d0b   Thumb Code    22  stm32f10x_i2c.o(.text)
    I2C_TransmitPEC                          0x08009d21   Thumb Code    20  stm32f10x_i2c.o(.text)
    I2C_PECPositionConfig                    0x08009d35   Thumb Code    22  stm32f10x_i2c.o(.text)
    I2C_CalculatePEC                         0x08009d4b   Thumb Code    20  stm32f10x_i2c.o(.text)
    I2C_GetPEC                               0x08009d5f   Thumb Code     6  stm32f10x_i2c.o(.text)
    I2C_ARPCmd                               0x08009d65   Thumb Code    20  stm32f10x_i2c.o(.text)
    I2C_StretchClockCmd                      0x08009d79   Thumb Code    20  stm32f10x_i2c.o(.text)
    I2C_FastModeDutyCycleConfig              0x08009d8d   Thumb Code    22  stm32f10x_i2c.o(.text)
    I2C_CheckEvent                           0x08009da3   Thumb Code    24  stm32f10x_i2c.o(.text)
    I2C_GetLastEvent                         0x08009dbb   Thumb Code    14  stm32f10x_i2c.o(.text)
    I2C_GetFlagStatus                        0x08009dc9   Thumb Code    30  stm32f10x_i2c.o(.text)
    I2C_ClearFlag                            0x08009de7   Thumb Code     6  stm32f10x_i2c.o(.text)
    I2C_GetITStatus                          0x08009ded   Thumb Code    32  stm32f10x_i2c.o(.text)
    I2C_ClearITPendingBit                    0x08009e0d   Thumb Code     6  stm32f10x_i2c.o(.text)
    RCC_DeInit                               0x08009e21   Thumb Code    50  stm32f10x_rcc.o(.text)
    RCC_HSEConfig                            0x08009e53   Thumb Code    48  stm32f10x_rcc.o(.text)
    RCC_GetFlagStatus                        0x08009e83   Thumb Code    42  stm32f10x_rcc.o(.text)
    RCC_WaitForHSEStartUp                    0x08009ead   Thumb Code    38  stm32f10x_rcc.o(.text)
    RCC_AdjustHSICalibrationValue            0x08009ed3   Thumb Code    16  stm32f10x_rcc.o(.text)
    RCC_HSICmd                               0x08009ee3   Thumb Code     6  stm32f10x_rcc.o(.text)
    RCC_PLLConfig                            0x08009ee9   Thumb Code    16  stm32f10x_rcc.o(.text)
    RCC_PLLCmd                               0x08009ef9   Thumb Code     6  stm32f10x_rcc.o(.text)
    RCC_SYSCLKConfig                         0x08009eff   Thumb Code    14  stm32f10x_rcc.o(.text)
    RCC_GetSYSCLKSource                      0x08009f0d   Thumb Code    10  stm32f10x_rcc.o(.text)
    RCC_HCLKConfig                           0x08009f17   Thumb Code    14  stm32f10x_rcc.o(.text)
    RCC_PCLK1Config                          0x08009f25   Thumb Code    14  stm32f10x_rcc.o(.text)
    RCC_PCLK2Config                          0x08009f33   Thumb Code    16  stm32f10x_rcc.o(.text)
    RCC_ITConfig                             0x08009f43   Thumb Code    18  stm32f10x_rcc.o(.text)
    RCC_USBCLKConfig                         0x08009f55   Thumb Code     6  stm32f10x_rcc.o(.text)
    RCC_ADCCLKConfig                         0x08009f5b   Thumb Code    14  stm32f10x_rcc.o(.text)
    RCC_LSEConfig                            0x08009f69   Thumb Code    26  stm32f10x_rcc.o(.text)
    RCC_LSICmd                               0x08009f83   Thumb Code     6  stm32f10x_rcc.o(.text)
    RCC_RTCCLKConfig                         0x08009f89   Thumb Code    10  stm32f10x_rcc.o(.text)
    RCC_RTCCLKCmd                            0x08009f93   Thumb Code     8  stm32f10x_rcc.o(.text)
    RCC_GetClocksFreq                        0x08009f9b   Thumb Code   138  stm32f10x_rcc.o(.text)
    RCC_AHBPeriphClockCmd                    0x0800a025   Thumb Code    18  stm32f10x_rcc.o(.text)
    RCC_APB2PeriphClockCmd                   0x0800a037   Thumb Code    18  stm32f10x_rcc.o(.text)
    RCC_APB1PeriphClockCmd                   0x0800a049   Thumb Code    18  stm32f10x_rcc.o(.text)
    RCC_APB2PeriphResetCmd                   0x0800a05b   Thumb Code    18  stm32f10x_rcc.o(.text)
    RCC_APB1PeriphResetCmd                   0x0800a06d   Thumb Code    18  stm32f10x_rcc.o(.text)
    RCC_BackupResetCmd                       0x0800a07f   Thumb Code     8  stm32f10x_rcc.o(.text)
    RCC_ClockSecuritySystemCmd               0x0800a087   Thumb Code     6  stm32f10x_rcc.o(.text)
    RCC_MCOConfig                            0x0800a08d   Thumb Code     6  stm32f10x_rcc.o(.text)
    RCC_ClearFlag                            0x0800a093   Thumb Code    12  stm32f10x_rcc.o(.text)
    RCC_GetITStatus                          0x0800a09f   Thumb Code    16  stm32f10x_rcc.o(.text)
    RCC_ClearITPendingBit                    0x0800a0af   Thumb Code     6  stm32f10x_rcc.o(.text)
    TIM_DeInit                               0x0800a0dd   Thumb Code   304  stm32f10x_tim.o(.text)
    TIM_TimeBaseInit                         0x0800a20d   Thumb Code   114  stm32f10x_tim.o(.text)
    TIM_OC1Init                              0x0800a27f   Thumb Code   106  stm32f10x_tim.o(.text)
    TIM_OC2Init                              0x0800a2e9   Thumb Code   116  stm32f10x_tim.o(.text)
    TIM_OC3Init                              0x0800a35d   Thumb Code   112  stm32f10x_tim.o(.text)
    TIM_OC4Init                              0x0800a3cd   Thumb Code    86  stm32f10x_tim.o(.text)
    TIM_SetIC4Prescaler                      0x0800a423   Thumb Code    18  stm32f10x_tim.o(.text)
    TIM_SetIC3Prescaler                      0x0800a435   Thumb Code    16  stm32f10x_tim.o(.text)
    TIM_SetIC2Prescaler                      0x0800a445   Thumb Code    18  stm32f10x_tim.o(.text)
    TIM_SetIC1Prescaler                      0x0800a4f9   Thumb Code    16  stm32f10x_tim.o(.text)
    TIM_ICInit                               0x0800a55d   Thumb Code   262  stm32f10x_tim.o(.text)
    TIM_PWMIConfig                           0x0800a663   Thumb Code   104  stm32f10x_tim.o(.text)
    TIM_BDTRConfig                           0x0800a6cb   Thumb Code    34  stm32f10x_tim.o(.text)
    TIM_TimeBaseStructInit                   0x0800a6ed   Thumb Code    18  stm32f10x_tim.o(.text)
    TIM_OCStructInit                         0x0800a6ff   Thumb Code    20  stm32f10x_tim.o(.text)
    TIM_ICStructInit                         0x0800a713   Thumb Code    16  stm32f10x_tim.o(.text)
    TIM_BDTRStructInit                       0x0800a723   Thumb Code    18  stm32f10x_tim.o(.text)
    TIM_Cmd                                  0x0800a735   Thumb Code    20  stm32f10x_tim.o(.text)
    TIM_CtrlPWMOutputs                       0x0800a749   Thumb Code    22  stm32f10x_tim.o(.text)
    TIM_ITConfig                             0x0800a75f   Thumb Code    16  stm32f10x_tim.o(.text)
    TIM_GenerateEvent                        0x0800a76f   Thumb Code     4  stm32f10x_tim.o(.text)
    TIM_DMAConfig                            0x0800a773   Thumb Code     8  stm32f10x_tim.o(.text)
    TIM_DMACmd                               0x0800a77b   Thumb Code    16  stm32f10x_tim.o(.text)
    TIM_InternalClockConfig                  0x0800a78b   Thumb Code    10  stm32f10x_tim.o(.text)
    TIM_SelectInputTrigger                   0x0800a795   Thumb Code    12  stm32f10x_tim.o(.text)
    TIM_ITRxExternalClockConfig              0x0800a7a1   Thumb Code    18  stm32f10x_tim.o(.text)
    TIM_TIxExternalClockConfig               0x0800a7b3   Thumb Code    44  stm32f10x_tim.o(.text)
    TIM_ETRConfig                            0x0800a7df   Thumb Code    18  stm32f10x_tim.o(.text)
    TIM_ETRClockMode1Config                  0x0800a7f1   Thumb Code    18  stm32f10x_tim.o(.text)
    TIM_ETRClockMode2Config                  0x0800a803   Thumb Code    18  stm32f10x_tim.o(.text)
    TIM_PrescalerConfig                      0x0800a815   Thumb Code     6  stm32f10x_tim.o(.text)
    TIM_CounterModeConfig                    0x0800a81b   Thumb Code    12  stm32f10x_tim.o(.text)
    TIM_EncoderInterfaceConfig               0x0800a827   Thumb Code    44  stm32f10x_tim.o(.text)
    TIM_ForcedOC1Config                      0x0800a853   Thumb Code    12  stm32f10x_tim.o(.text)
    TIM_ForcedOC2Config                      0x0800a85f   Thumb Code    14  stm32f10x_tim.o(.text)
    TIM_ForcedOC3Config                      0x0800a86d   Thumb Code    12  stm32f10x_tim.o(.text)
    TIM_ForcedOC4Config                      0x0800a879   Thumb Code    14  stm32f10x_tim.o(.text)
    TIM_ARRPreloadConfig                     0x0800a887   Thumb Code    20  stm32f10x_tim.o(.text)
    TIM_SelectCOM                            0x0800a89b   Thumb Code    20  stm32f10x_tim.o(.text)
    TIM_SelectCCDMA                          0x0800a8af   Thumb Code    20  stm32f10x_tim.o(.text)
    TIM_CCPreloadControl                     0x0800a8c3   Thumb Code    20  stm32f10x_tim.o(.text)
    TIM_OC1PreloadConfig                     0x0800a8d7   Thumb Code    12  stm32f10x_tim.o(.text)
    TIM_OC2PreloadConfig                     0x0800a8e3   Thumb Code    14  stm32f10x_tim.o(.text)
    TIM_OC3PreloadConfig                     0x0800a8f1   Thumb Code    32  stm32f10x_tim.o(.text)
    TIM_OC4PreloadConfig                     0x0800a911   Thumb Code    14  stm32f10x_tim.o(.text)
    TIM_OC1FastConfig                        0x0800a91f   Thumb Code    12  stm32f10x_tim.o(.text)
    TIM_OC2FastConfig                        0x0800a92b   Thumb Code    14  stm32f10x_tim.o(.text)
    TIM_OC3FastConfig                        0x0800a939   Thumb Code    12  stm32f10x_tim.o(.text)
    TIM_OC4FastConfig                        0x0800a945   Thumb Code    14  stm32f10x_tim.o(.text)
    TIM_ClearOC1Ref                          0x0800a953   Thumb Code    12  stm32f10x_tim.o(.text)
    TIM_ClearOC2Ref                          0x0800a95f   Thumb Code    14  stm32f10x_tim.o(.text)
    TIM_ClearOC3Ref                          0x0800a96d   Thumb Code    12  stm32f10x_tim.o(.text)
    TIM_ClearOC4Ref                          0x0800a979   Thumb Code    14  stm32f10x_tim.o(.text)
    TIM_OC1PolarityConfig                    0x0800a987   Thumb Code    12  stm32f10x_tim.o(.text)
    TIM_OC1NPolarityConfig                   0x0800a993   Thumb Code    12  stm32f10x_tim.o(.text)
    TIM_OC2PolarityConfig                    0x0800a99f   Thumb Code    14  stm32f10x_tim.o(.text)
    TIM_OC2NPolarityConfig                   0x0800a9ad   Thumb Code    14  stm32f10x_tim.o(.text)
    TIM_OC3PolarityConfig                    0x0800a9bb   Thumb Code    14  stm32f10x_tim.o(.text)
    TIM_OC3NPolarityConfig                   0x0800a9c9   Thumb Code    14  stm32f10x_tim.o(.text)
    TIM_OC4PolarityConfig                    0x0800a9d7   Thumb Code    14  stm32f10x_tim.o(.text)
    TIM_CCxCmd                               0x0800a9e5   Thumb Code    22  stm32f10x_tim.o(.text)
    TIM_CCxNCmd                              0x0800a9fb   Thumb Code    22  stm32f10x_tim.o(.text)
    TIM_SelectOCxM                           0x0800aa11   Thumb Code    66  stm32f10x_tim.o(.text)
    TIM_UpdateDisableConfig                  0x0800aa53   Thumb Code    20  stm32f10x_tim.o(.text)
    TIM_UpdateRequestConfig                  0x0800aa67   Thumb Code    20  stm32f10x_tim.o(.text)
    TIM_SelectHallSensor                     0x0800aa7b   Thumb Code    20  stm32f10x_tim.o(.text)
    TIM_SelectOnePulseMode                   0x0800aa8f   Thumb Code    16  stm32f10x_tim.o(.text)
    TIM_SelectOutputTrigger                  0x0800aa9f   Thumb Code    16  stm32f10x_tim.o(.text)
    TIM_SelectSlaveMode                      0x0800aaaf   Thumb Code    16  stm32f10x_tim.o(.text)
    TIM_SelectMasterSlaveMode                0x0800aabf   Thumb Code    16  stm32f10x_tim.o(.text)
    TIM_SetCounter                           0x0800aacf   Thumb Code     4  stm32f10x_tim.o(.text)
    TIM_SetAutoreload                        0x0800aad3   Thumb Code     4  stm32f10x_tim.o(.text)
    TIM_SetCompare1                          0x0800aad7   Thumb Code     4  stm32f10x_tim.o(.text)
    TIM_SetCompare2                          0x0800aadb   Thumb Code     4  stm32f10x_tim.o(.text)
    TIM_SetCompare3                          0x0800aadf   Thumb Code     4  stm32f10x_tim.o(.text)
    TIM_SetCompare4                          0x0800aae3   Thumb Code     6  stm32f10x_tim.o(.text)
    TIM_SetClockDivision                     0x0800aae9   Thumb Code    16  stm32f10x_tim.o(.text)
    TIM_GetCapture1                          0x0800aaf9   Thumb Code     4  stm32f10x_tim.o(.text)
    TIM_GetCapture2                          0x0800aafd   Thumb Code     4  stm32f10x_tim.o(.text)
    TIM_GetCapture3                          0x0800ab01   Thumb Code     4  stm32f10x_tim.o(.text)
    TIM_GetCapture4                          0x0800ab05   Thumb Code     6  stm32f10x_tim.o(.text)
    TIM_GetCounter                           0x0800ab0b   Thumb Code     4  stm32f10x_tim.o(.text)
    TIM_GetPrescaler                         0x0800ab0f   Thumb Code     4  stm32f10x_tim.o(.text)
    TIM_GetFlagStatus                        0x0800ab13   Thumb Code    14  stm32f10x_tim.o(.text)
    TIM_ClearFlag                            0x0800ab21   Thumb Code     6  stm32f10x_tim.o(.text)
    TIM_GetITStatus                          0x0800ab27   Thumb Code    22  stm32f10x_tim.o(.text)
    TIM_ClearITPendingBit                    0x0800ab3d   Thumb Code     6  stm32f10x_tim.o(.text)
    USART_DeInit                             0x0800ab45   Thumb Code    96  stm32f10x_usart.o(.text)
    USART_Init                               0x0800aba5   Thumb Code   176  stm32f10x_usart.o(.text)
    USART_StructInit                         0x0800ac55   Thumb Code    22  stm32f10x_usart.o(.text)
    USART_ClockInit                          0x0800ac6b   Thumb Code    30  stm32f10x_usart.o(.text)
    USART_ClockStructInit                    0x0800ac89   Thumb Code    12  stm32f10x_usart.o(.text)
    USART_Cmd                                0x0800ac95   Thumb Code    20  stm32f10x_usart.o(.text)
    USART_ITConfig                           0x0800aca9   Thumb Code    48  stm32f10x_usart.o(.text)
    USART_DMACmd                             0x0800acd9   Thumb Code    16  stm32f10x_usart.o(.text)
    USART_SetAddress                         0x0800ace9   Thumb Code    16  stm32f10x_usart.o(.text)
    USART_WakeUpConfig                       0x0800acf9   Thumb Code    16  stm32f10x_usart.o(.text)
    USART_ReceiverWakeUpCmd                  0x0800ad09   Thumb Code    20  stm32f10x_usart.o(.text)
    USART_LINBreakDetectLengthConfig         0x0800ad1d   Thumb Code    16  stm32f10x_usart.o(.text)
    USART_LINCmd                             0x0800ad2d   Thumb Code    20  stm32f10x_usart.o(.text)
    USART_SendData                           0x0800ad41   Thumb Code     8  stm32f10x_usart.o(.text)
    USART_ReceiveData                        0x0800ad49   Thumb Code     8  stm32f10x_usart.o(.text)
    USART_SendBreak                          0x0800ad51   Thumb Code    10  stm32f10x_usart.o(.text)
    USART_SetGuardTime                       0x0800ad5b   Thumb Code    16  stm32f10x_usart.o(.text)
    USART_SetPrescaler                       0x0800ad6b   Thumb Code    16  stm32f10x_usart.o(.text)
    USART_SmartCardCmd                       0x0800ad7b   Thumb Code    20  stm32f10x_usart.o(.text)
    USART_SmartCardNACKCmd                   0x0800ad8f   Thumb Code    20  stm32f10x_usart.o(.text)
    USART_HalfDuplexCmd                      0x0800ada3   Thumb Code    20  stm32f10x_usart.o(.text)
    USART_OverSampling8Cmd                   0x0800adb7   Thumb Code    20  stm32f10x_usart.o(.text)
    USART_OneBitMethodCmd                    0x0800adcb   Thumb Code    20  stm32f10x_usart.o(.text)
    USART_IrDAConfig                         0x0800addf   Thumb Code    16  stm32f10x_usart.o(.text)
    USART_IrDACmd                            0x0800adef   Thumb Code    20  stm32f10x_usart.o(.text)
    USART_GetFlagStatus                      0x0800ae03   Thumb Code    14  stm32f10x_usart.o(.text)
    USART_ClearFlag                          0x0800ae11   Thumb Code     6  stm32f10x_usart.o(.text)
    USART_GetITStatus                        0x0800ae17   Thumb Code    62  stm32f10x_usart.o(.text)
    USART_ClearITPendingBit                  0x0800ae55   Thumb Code    12  stm32f10x_usart.o(.text)
    GPIO_DeInit                              0x0800ae75   Thumb Code   152  stm32f10x_gpio.o(.text)
    GPIO_AFIODeInit                          0x0800af0d   Thumb Code    22  stm32f10x_gpio.o(.text)
    GPIO_Init                                0x0800af23   Thumb Code   162  stm32f10x_gpio.o(.text)
    GPIO_StructInit                          0x0800afc5   Thumb Code    16  stm32f10x_gpio.o(.text)
    GPIO_ReadInputDataBit                    0x0800afd5   Thumb Code    14  stm32f10x_gpio.o(.text)
    GPIO_ReadInputData                       0x0800afe3   Thumb Code     6  stm32f10x_gpio.o(.text)
    GPIO_ReadOutputDataBit                   0x0800afe9   Thumb Code    14  stm32f10x_gpio.o(.text)
    GPIO_ReadOutputData                      0x0800aff7   Thumb Code     6  stm32f10x_gpio.o(.text)
    GPIO_SetBits                             0x0800affd   Thumb Code     4  stm32f10x_gpio.o(.text)
    GPIO_ResetBits                           0x0800b001   Thumb Code     4  stm32f10x_gpio.o(.text)
    GPIO_WriteBit                            0x0800b005   Thumb Code    10  stm32f10x_gpio.o(.text)
    GPIO_Write                               0x0800b00f   Thumb Code     4  stm32f10x_gpio.o(.text)
    GPIO_PinLockConfig                       0x0800b013   Thumb Code    16  stm32f10x_gpio.o(.text)
    GPIO_EventOutputConfig                   0x0800b023   Thumb Code    22  stm32f10x_gpio.o(.text)
    GPIO_EventOutputCmd                      0x0800b039   Thumb Code     6  stm32f10x_gpio.o(.text)
    GPIO_PinRemapConfig                      0x0800b03f   Thumb Code    82  stm32f10x_gpio.o(.text)
    GPIO_EXTILineConfig                      0x0800b091   Thumb Code    34  stm32f10x_gpio.o(.text)
    GPIO_ETH_MediaInterfaceConfig            0x0800b0b3   Thumb Code     6  stm32f10x_gpio.o(.text)
    FLASH_SetLatency                         0x0800b0e1   Thumb Code    14  stm32f10x_flash.o(.text)
    FLASH_HalfCycleAccessCmd                 0x0800b0ef   Thumb Code    18  stm32f10x_flash.o(.text)
    FLASH_PrefetchBufferCmd                  0x0800b101   Thumb Code    18  stm32f10x_flash.o(.text)
    FLASH_Unlock                             0x0800b113   Thumb Code    12  stm32f10x_flash.o(.text)
    FLASH_UnlockBank1                        0x0800b11f   Thumb Code    12  stm32f10x_flash.o(.text)
    FLASH_Lock                               0x0800b12b   Thumb Code    12  stm32f10x_flash.o(.text)
    FLASH_LockBank1                          0x0800b137   Thumb Code    12  stm32f10x_flash.o(.text)
    FLASH_GetBank1Status                     0x0800b143   Thumb Code    34  stm32f10x_flash.o(.text)
    FLASH_WaitForLastOperation               0x0800b165   Thumb Code    36  stm32f10x_flash.o(.text)
    FLASH_ErasePage                          0x0800b189   Thumb Code    56  stm32f10x_flash.o(.text)
    FLASH_EraseAllPages                      0x0800b1c1   Thumb Code    52  stm32f10x_flash.o(.text)
    FLASH_WaitForLastBank1Operation          0x0800b1f5   Thumb Code    36  stm32f10x_flash.o(.text)
    FLASH_EraseAllBank1Pages                 0x0800b219   Thumb Code    52  stm32f10x_flash.o(.text)
    FLASH_GetReadOutProtectionStatus         0x0800b24d   Thumb Code    14  stm32f10x_flash.o(.text)
    FLASH_EraseOptionBytes                   0x0800b25b   Thumb Code   108  stm32f10x_flash.o(.text)
    FLASH_ProgramWord                        0x0800b2c7   Thumb Code    64  stm32f10x_flash.o(.text)
    FLASH_ProgramHalfWord                    0x0800b307   Thumb Code    48  stm32f10x_flash.o(.text)
    FLASH_ProgramOptionByteData              0x0800b337   Thumb Code    62  stm32f10x_flash.o(.text)
    FLASH_EnableWriteProtection              0x0800b375   Thumb Code   158  stm32f10x_flash.o(.text)
    FLASH_ReadOutProtection                  0x0800b413   Thumb Code   118  stm32f10x_flash.o(.text)
    FLASH_UserOptionByteConfig               0x0800b489   Thumb Code    92  stm32f10x_flash.o(.text)
    FLASH_GetUserOptionByte                  0x0800b4e5   Thumb Code     8  stm32f10x_flash.o(.text)
    FLASH_GetWriteProtectionOptionByte       0x0800b4ed   Thumb Code     6  stm32f10x_flash.o(.text)
    FLASH_GetPrefetchBufferStatus            0x0800b4f3   Thumb Code    14  stm32f10x_flash.o(.text)
    FLASH_ITConfig                           0x0800b501   Thumb Code    18  stm32f10x_flash.o(.text)
    FLASH_GetFlagStatus                      0x0800b513   Thumb Code    28  stm32f10x_flash.o(.text)
    FLASH_ClearFlag                          0x0800b52f   Thumb Code     6  stm32f10x_flash.o(.text)
    FLASH_GetStatus                          0x0800b535   Thumb Code    34  stm32f10x_flash.o(.text)
    Reset_Handler                            0x0800b55d   Thumb Code    20  startup_stm32f10x_md.o(.text)
    Reboot_Loader                            0x0800b571   Thumb Code    44  startup_stm32f10x_md.o(.text)
    NMI_Handler                              0x0800b59d   Thumb Code     2  startup_stm32f10x_md.o(.text)
    MemManage_Handler                        0x0800b5a1   Thumb Code     2  startup_stm32f10x_md.o(.text)
    BusFault_Handler                         0x0800b5a3   Thumb Code     2  startup_stm32f10x_md.o(.text)
    UsageFault_Handler                       0x0800b5a5   Thumb Code     2  startup_stm32f10x_md.o(.text)
    SVC_Handler                              0x0800b5a7   Thumb Code     2  startup_stm32f10x_md.o(.text)
    DebugMon_Handler                         0x0800b5a9   Thumb Code     2  startup_stm32f10x_md.o(.text)
    PendSV_Handler                           0x0800b5ab   Thumb Code     2  startup_stm32f10x_md.o(.text)
    ADC1_2_IRQHandler                        0x0800b5af   Thumb Code     0  startup_stm32f10x_md.o(.text)
    CAN1_RX1_IRQHandler                      0x0800b5af   Thumb Code     0  startup_stm32f10x_md.o(.text)
    CAN1_SCE_IRQHandler                      0x0800b5af   Thumb Code     0  startup_stm32f10x_md.o(.text)
    DMA1_Channel1_IRQHandler                 0x0800b5af   Thumb Code     0  startup_stm32f10x_md.o(.text)
    DMA1_Channel2_IRQHandler                 0x0800b5af   Thumb Code     0  startup_stm32f10x_md.o(.text)
    DMA1_Channel3_IRQHandler                 0x0800b5af   Thumb Code     0  startup_stm32f10x_md.o(.text)
    DMA1_Channel5_IRQHandler                 0x0800b5af   Thumb Code     0  startup_stm32f10x_md.o(.text)
    DMA1_Channel6_IRQHandler                 0x0800b5af   Thumb Code     0  startup_stm32f10x_md.o(.text)
    DMA1_Channel7_IRQHandler                 0x0800b5af   Thumb Code     0  startup_stm32f10x_md.o(.text)
    EXTI0_IRQHandler                         0x0800b5af   Thumb Code     0  startup_stm32f10x_md.o(.text)
    EXTI2_IRQHandler                         0x0800b5af   Thumb Code     0  startup_stm32f10x_md.o(.text)
    EXTI3_IRQHandler                         0x0800b5af   Thumb Code     0  startup_stm32f10x_md.o(.text)
    EXTI4_IRQHandler                         0x0800b5af   Thumb Code     0  startup_stm32f10x_md.o(.text)
    FLASH_IRQHandler                         0x0800b5af   Thumb Code     0  startup_stm32f10x_md.o(.text)
    PVD_IRQHandler                           0x0800b5af   Thumb Code     0  startup_stm32f10x_md.o(.text)
    RCC_IRQHandler                           0x0800b5af   Thumb Code     0  startup_stm32f10x_md.o(.text)
    RTCAlarm_IRQHandler                      0x0800b5af   Thumb Code     0  startup_stm32f10x_md.o(.text)
    RTC_IRQHandler                           0x0800b5af   Thumb Code     0  startup_stm32f10x_md.o(.text)
    SPI1_IRQHandler                          0x0800b5af   Thumb Code     0  startup_stm32f10x_md.o(.text)
    SPI2_IRQHandler                          0x0800b5af   Thumb Code     0  startup_stm32f10x_md.o(.text)
    TAMPER_IRQHandler                        0x0800b5af   Thumb Code     0  startup_stm32f10x_md.o(.text)
    TIM1_BRK_IRQHandler                      0x0800b5af   Thumb Code     0  startup_stm32f10x_md.o(.text)
    TIM1_CC_IRQHandler                       0x0800b5af   Thumb Code     0  startup_stm32f10x_md.o(.text)
    TIM1_TRG_COM_IRQHandler                  0x0800b5af   Thumb Code     0  startup_stm32f10x_md.o(.text)
    TIM1_UP_IRQHandler                       0x0800b5af   Thumb Code     0  startup_stm32f10x_md.o(.text)
    TIM4_IRQHandler                          0x0800b5af   Thumb Code     0  startup_stm32f10x_md.o(.text)
    USART1_IRQHandler                        0x0800b5af   Thumb Code     0  startup_stm32f10x_md.o(.text)
    USART3_IRQHandler                        0x0800b5af   Thumb Code     0  startup_stm32f10x_md.o(.text)
    USBWakeUp_IRQHandler                     0x0800b5af   Thumb Code     0  startup_stm32f10x_md.o(.text)
    USB_HP_CAN1_TX_IRQHandler                0x0800b5af   Thumb Code     0  startup_stm32f10x_md.o(.text)
    USB_LP_CAN1_RX0_IRQHandler               0x0800b5af   Thumb Code     0  startup_stm32f10x_md.o(.text)
    WWDG_IRQHandler                          0x0800b5af   Thumb Code     0  startup_stm32f10x_md.o(.text)
    __aeabi_lasr                             0x0800b5d9   Thumb Code    36  llsshr.o(.text)
    _ll_sshift_r                             0x0800b5d9   Thumb Code     0  llsshr.o(.text)
    __rt_ctype_table                         0x0800b5fd   Thumb Code     4  ctype_o.o(.text)
    toupper                                  0x0800b605   Thumb Code    12  toupper.o(.text)
    bsearch                                  0x0800b611   Thumb Code    70  bsearch.o(.text)
    __aeabi_memcpy                           0x0800b657   Thumb Code    36  memcpya.o(.text)
    __aeabi_memcpy4                          0x0800b657   Thumb Code     0  memcpya.o(.text)
    __aeabi_memcpy8                          0x0800b657   Thumb Code     0  memcpya.o(.text)
    __aeabi_memset                           0x0800b67b   Thumb Code    14  memseta.o(.text)
    __aeabi_memset4                          0x0800b67b   Thumb Code     0  memseta.o(.text)
    __aeabi_memset8                          0x0800b67b   Thumb Code     0  memseta.o(.text)
    __aeabi_memclr                           0x0800b689   Thumb Code     4  memseta.o(.text)
    __aeabi_memclr4                          0x0800b689   Thumb Code     0  memseta.o(.text)
    __aeabi_memclr8                          0x0800b689   Thumb Code     0  memseta.o(.text)
    _memset$wrapper                          0x0800b68d   Thumb Code    20  memseta.o(.text)
    strstr                                   0x0800b6a1   Thumb Code    44  strstr.o(.text)
    strchr                                   0x0800b6cd   Thumb Code    18  strchr.o(.text)
    strlen                                   0x0800b6df   Thumb Code    16  strlen.o(.text)
    strncasecmp                              0x0800b6ef   Thumb Code    50  strncasecmp.o(.text)
    atoi                                     0x0800b721   Thumb Code    26  atoi.o(.text)
    __aeabi_fadd                             0x0800b73b   Thumb Code   164  fadd.o(.text)
    __aeabi_fsub                             0x0800b7df   Thumb Code     6  fadd.o(.text)
    __aeabi_frsub                            0x0800b7e5   Thumb Code     6  fadd.o(.text)
    __aeabi_fmul                             0x0800b7eb   Thumb Code   108  fmul.o(.text)
    __aeabi_fdiv                             0x0800b857   Thumb Code   128  fdiv.o(.text)
    __aeabi_dadd                             0x0800b8d7   Thumb Code   320  dadd.o(.text)
    __aeabi_dsub                             0x0800ba17   Thumb Code     6  dadd.o(.text)
    __aeabi_drsub                            0x0800ba1d   Thumb Code     6  dadd.o(.text)
    __aeabi_dmul                             0x0800ba23   Thumb Code   224  dmul.o(.text)
    __aeabi_i2f                              0x0800bb03   Thumb Code    18  fflti.o(.text)
    __aeabi_ui2f                             0x0800bb15   Thumb Code    10  ffltui.o(.text)
    __aeabi_f2iz                             0x0800bb1f   Thumb Code    50  ffixi.o(.text)
    __aeabi_f2uiz                            0x0800bb51   Thumb Code    40  ffixui.o(.text)
    __aeabi_d2iz                             0x0800bb79   Thumb Code    62  dfixi.o(.text)
    __aeabi_f2d                              0x0800bbb7   Thumb Code    44  f2d.o(.text)
    __aeabi_cfcmpeq                          0x0800bbe5   Thumb Code     0  cfcmple.o(.text)
    __aeabi_cfcmple                          0x0800bbe5   Thumb Code    20  cfcmple.o(.text)
    __aeabi_cfrcmple                         0x0800bbf9   Thumb Code    20  cfrcmple.o(.text)
    __aeabi_llsl                             0x0800bc0d   Thumb Code    30  llshl.o(.text)
    _ll_shift_l                              0x0800bc0d   Thumb Code     0  llshl.o(.text)
    __aeabi_llsr                             0x0800bc2b   Thumb Code    32  llushr.o(.text)
    _ll_ushift_r                             0x0800bc2b   Thumb Code     0  llushr.o(.text)
    tolower                                  0x0800bc4b   Thumb Code    12  tolower.o(.text)
    strtol                                   0x0800bc57   Thumb Code   112  strtol.o(.text)
    __I$use$fp                               0x0800bcc7   Thumb Code     0  iusefp.o(.text)
    _float_round                             0x0800bcc7   Thumb Code    18  fepilogue.o(.text)
    _float_epilogue                          0x0800bcd9   Thumb Code    90  fepilogue.o(.text)
    __ARM_scalbnf                            0x0800bd33   Thumb Code    24  fscalb.o(.text)
    scalbnf                                  0x0800bd33   Thumb Code     0  fscalb.o(.text)
    _fsqrt                                   0x0800bd4b   Thumb Code    94  fsqrt.o(.text)
    _frnd                                    0x0800bda9   Thumb Code    60  frnd.o(.text)
    _double_round                            0x0800bde5   Thumb Code    26  depilogue.o(.text)
    _double_epilogue                         0x0800bdff   Thumb Code   164  depilogue.o(.text)
    __aeabi_ddiv                             0x0800bea3   Thumb Code   222  ddiv.o(.text)
    __ARM_scalbn                             0x0800bf81   Thumb Code    46  dscalb.o(.text)
    scalbn                                   0x0800bf81   Thumb Code     0  dscalb.o(.text)
    __aeabi_i2d                              0x0800bfaf   Thumb Code    34  dflti.o(.text)
    __aeabi_cdrcmple                         0x0800bfd1   Thumb Code    38  cdrcmple.o(.text)
    __scatterload                            0x0800bff9   Thumb Code    28  init.o(.text)
    __scatterload_rt2                        0x0800bff9   Thumb Code     0  init.o(.text)
    _strtoul                                 0x0800c01d   Thumb Code   158  _strtoul.o(.text)
    _dsqrt                                   0x0800c0bb   Thumb Code   162  dsqrt.o(.text)
    _chval                                   0x0800c15d   Thumb Code    28  _chval.o(.text)
    __decompress                             0x0800c179   Thumb Code     0  __dczerorl2.o(.text)
    __decompress1                            0x0800c179   Thumb Code    92  __dczerorl2.o(.text)
    __ARM_fpclassify                         0x0800c1d5   Thumb Code    40  fpclassify.o(i.__ARM_fpclassify)
    __ARM_fpclassifyf                        0x0800c1fd   Thumb Code    38  fpclassifyf.o(i.__ARM_fpclassifyf)
    __aeabi_errno_addr                       0x0800c225   Thumb Code     4  errno.o(i.__aeabi_errno_addr)
    __rt_errno_addr                          0x0800c225   Thumb Code     0  errno.o(i.__aeabi_errno_addr)
    __kernel_poly                            0x0800c22d   Thumb Code   170  poly.o(i.__kernel_poly)
    __mathlib_dbl_underflow                  0x0800c2d9   Thumb Code    10  dunder.o(i.__mathlib_dbl_underflow)
    __mathlib_flt_underflow                  0x0800c2e9   Thumb Code    10  funder.o(i.__mathlib_flt_underflow)
    __mathlib_rredf2                         0x0800c2f5   Thumb Code   328  rredf.o(i.__mathlib_rredf2)
    __scatterload_copy                       0x0800c44d   Thumb Code    14  handlers.o(i.__scatterload_copy)
    __scatterload_null                       0x0800c45b   Thumb Code     2  handlers.o(i.__scatterload_null)
    __scatterload_zeroinit                   0x0800c45d   Thumb Code    14  handlers.o(i.__scatterload_zeroinit)
    __set_errno                              0x0800c46d   Thumb Code     6  errno.o(i.__set_errno)
    atan2f                                   0x0800c479   Thumb Code   520  atan2f.o(i.atan2f)
    cosf                                     0x0800c6cd   Thumb Code   332  cosf.o(i.cosf)
    pow                                      0x0800c84d   Thumb Code  2522  pow.o(i.pow)
    sinf                                     0x0800d239   Thumb Code   342  sinf.o(i.sinf)
    sqrt                                     0x0800d3c5   Thumb Code    76  sqrt.o(i.sqrt)
    sqrtf                                    0x0800d411   Thumb Code    44  sqrtf.o(i.sqrtf)
    cmdTable                                 0x0800d43c   Data         120  cli.o(.constdata)
    valueTable                               0x0800d4b4   Data        1400  cli.o(.constdata)
    rcChannelLetters                         0x0800da2c   Data           9  config.o(.constdata)
    __ctype_table                            0x0800db70   Data         129  ctype_o.o(.constdata)
    __mathlib_zero                           0x0800dbf8   Data           8  qnan.o(.constdata)
    Region$$Table$$Base                      0x0800e15c   Number         0  anon$$obj.o(Region$$Table)
    Region$$Table$$Limit                     0x0800e17c   Number         0  anon$$obj.o(Region$$Table)
    mixerNames                               0x20000004   Data          72  cli.o(.data)
    featureNames                             0x2000004c   Data          52  cli.o(.data)
    sensorNames                              0x20000080   Data          24  cli.o(.data)
    accNames                                 0x20000098   Data          20  cli.o(.data)
    checkNewConf                             0x200000b0   Data           1  config.o(.data)
    acc_25deg                                0x200000b4   Data           2  imu.o(.data)
    BaroPID                                  0x200000b6   Data           2  imu.o(.data)
    errorAltitudeI                           0x200000b8   Data           2  imu.o(.data)
    magneticDeclination                      0x200000bc   Data           4  imu.o(.data)
    gyroData                                 0x200000c0   Data           6  imu.o(.data)
    gyroZero                                 0x200000c6   Data           6  imu.o(.data)
    angle                                    0x200000cc   Data           4  imu.o(.data)
    gyroADC                                  0x200000fc   Data           6  imu.o(.data)
    accADC                                   0x20000102   Data           6  imu.o(.data)
    accSmooth                                0x20000108   Data           6  imu.o(.data)
    magADC                                   0x2000010e   Data           6  imu.o(.data)
    BaroAlt                                  0x20000114   Data           4  imu.o(.data)
    sonarAlt                                 0x20000118   Data           2  imu.o(.data)
    EstAlt                                   0x2000011c   Data           4  imu.o(.data)
    AltHold                                  0x20000120   Data           4  imu.o(.data)
    useServo                                 0x20000125   Data           1  mixer.o(.data)
    servo                                    0x20000126   Data          16  mixer.o(.data)
    toggleBeep                               0x20000138   Data           1  mw.o(.data)
    currentTime                              0x2000013c   Data           4  mw.o(.data)
    previousTime                             0x20000140   Data           4  mw.o(.data)
    cycleTime                                0x20000144   Data           2  mw.o(.data)
    annex650_overrun_count                   0x20000146   Data           2  mw.o(.data)
    failsafeCnt                              0x20000148   Data           2  mw.o(.data)
    failsafeEvents                           0x2000014a   Data           2  mw.o(.data)
    rcData                                   0x2000014c   Data          16  mw.o(.data)
    rcReadRawFunc                            0x2000015c   Data           4  mw.o(.data)
    GPS_update                               0x20000160   Data           1  mw.o(.data)
    GPS_angle                                0x20000162   Data           4  mw.o(.data)
    GPS_ground_course                        0x20000166   Data           2  mw.o(.data)
    GPS_Present                              0x20000168   Data           1  mw.o(.data)
    GPS_Enable                               0x20000169   Data           1  mw.o(.data)
    nav_mode                                 0x2000016a   Data           1  mw.o(.data)
    InflightcalibratingA                     0x2000016c   Data           2  mw.o(.data)
    AccInflightCalibrationMeasurementDone    0x2000016e   Data           2  mw.o(.data)
    AccInflightCalibrationSavetoEEProm       0x20000170   Data           2  mw.o(.data)
    AccInflightCalibrationActive             0x20000172   Data           2  mw.o(.data)
    batteryCellCount                         0x20000174   Data           1  mw.o(.data)
    debug                                    0x200001b6   Data           8  mw.o(.data)
    headFreeModeHold                         0x200001be   Data           2  mw.o(.data)
    vbat                                     0x200001c0   Data           1  mw.o(.data)
    telemTemperature1                        0x200001c2   Data           2  mw.o(.data)
    rcCommand                                0x200001c4   Data           8  mw.o(.data)
    dynP8                                    0x200001cc   Data           3  mw.o(.data)
    dynI8                                    0x200001cf   Data           3  mw.o(.data)
    dynD8                                    0x200001d2   Data           3  mw.o(.data)
    axisPID                                  0x200001d6   Data           6  mw.o(.data)
    GPS_coord                                0x200001dc   Data           8  mw.o(.data)
    GPS_home                                 0x200001e4   Data           8  mw.o(.data)
    GPS_hold                                 0x200001ec   Data           8  mw.o(.data)
    GPS_numSat                               0x200001f4   Data           1  mw.o(.data)
    GPS_distanceToHome                       0x200001f6   Data           2  mw.o(.data)
    GPS_directionToHome                      0x200001f8   Data           2  mw.o(.data)
    GPS_altitude                             0x200001fa   Data           2  mw.o(.data)
    GPS_speed                                0x200001fc   Data           2  mw.o(.data)
    nav                                      0x200001fe   Data           4  mw.o(.data)
    nav_rated                                0x20000202   Data           4  mw.o(.data)
    AccInflightCalibrationArmed              0x20000206   Data           2  mw.o(.data)
    batteryWarningVoltage                    0x20000208   Data           2  mw.o(.data)
    calibratingA                             0x2000020c   Data           2  sensors.o(.data)
    calibratingG                             0x2000020e   Data           2  sensors.o(.data)
    acc_1G                                   0x20000210   Data           2  sensors.o(.data)
    accHardware                              0x20000212   Data           1  sensors.o(.data)
    heading                                  0x20000258   Data           2  sensors.o(.data)
    magHold                                  0x2000025a   Data           2  sensors.o(.data)
    cliMode                                  0x2000025d   Data           1  serial.o(.data)
    acc_samples                              0x2000030d   Data           1  drv_adxl345.o(.data)
    rxDMAPos                                 0x200003b8   Data           4  drv_uart.o(.data)
    txBufferTail                             0x200003bc   Data           4  drv_uart.o(.data)
    txBufferHead                             0x200003c0   Data           4  drv_uart.o(.data)
    uart2Callback                            0x200003c4   Data           4  drv_uart.o(.data)
    mpuProductID                             0x200003c9   Data           1  drv_mpu6050.o(.data)
    SystemCoreClock                          0x200003e8   Data           4  system_stm32f10x.o(.data)
    AHBPrescTable                            0x200003ec   Data          16  system_stm32f10x.o(.data)
    cfg                                      0x20000434   Data         188  config.o(.bss)
    motor                                    0x20000564   Data          16  mixer.o(.bss)
    f                                        0x200005d4   Data          15  mw.o(.bss)
    lookupPitchRollRC                        0x200005e4   Data          12  mw.o(.bss)
    lookupThrottleRC                         0x200005f0   Data          22  mw.o(.bss)
    rcOptions                                0x20000606   Data          14  mw.o(.bss)
    acc                                      0x20000638   Data          16  sensors.o(.bss)
    gyro                                     0x20000648   Data          16  sensors.o(.bss)
    spekFrame                                0x20000794   Data          16  spektrum.o(.bss)
    rxBuffer                                 0x20000816   Data         256  drv_uart.o(.bss)
    txBuffer                                 0x20000916   Data         256  drv_uart.o(.bss)
    __initial_sp                             0x20001a30   Data           0  startup_stm32f10x_md.o(STACK)



==============================================================================

Memory Map of the image

  Image Entry point : 0x080000ed

  Load Region LR_IROM1 (Base: 0x08000000, Size: 0x0000e590, Max: 0x00010000, ABSOLUTE, COMPRESSED[0x0000e278])

    Execution Region ER_IROM1 (Base: 0x08000000, Size: 0x0000e17c, Max: 0x00010000, ABSOLUTE)

    Base Addr    Size         Type   Attr      Idx    E Section Name        Object

    0x08000000   0x000000ec   Data   RO          731    RESET               startup_stm32f10x_md.o
    0x080000ec   0x00000000   Code   RO          778  * .ARM.Collect$$$$00000000  mc_w.l(entry.o)
    0x080000ec   0x00000004   Code   RO          879    .ARM.Collect$$$$00000001  mc_w.l(entry2.o)
    0x080000f0   0x00000004   Code   RO          882    .ARM.Collect$$$$00000004  mc_w.l(entry5.o)
    0x080000f4   0x00000000   Code   RO          884    .ARM.Collect$$$$00000008  mc_w.l(entry7b.o)
    0x080000f4   0x00000008   Code   RO          885    .ARM.Collect$$$$00000009  mc_w.l(entry8.o)
    0x080000fc   0x00000004   Code   RO          880    .ARM.Collect$$$$00002712  mc_w.l(entry2.o)
    0x08000100   0x00000be8   Code   RO            1    .text               cli.o
    0x08000ce8   0x000004cc   Code   RO          145    .text               config.o
    0x080011b4   0x000007d4   Code   RO          166    .text               imu.o
    0x08001988   0x000001f4   Code   RO          186    .text               main.o
    0x08001b7c   0x000011c4   Code   RO          199    .text               mixer.o
    0x08002d40   0x000014d8   Code   RO          220    .text               mw.o
    0x08004218   0x00000a64   Code   RO          240    .text               sensors.o
    0x08004c7c   0x00000970   Code   RO          268    .text               serial.o
    0x080055ec   0x00000ff0   Code   RO          285    .text               gps.o
    0x080065dc   0x00000150   Code   RO          300    .text               spektrum.o
    0x0800672c   0x000002e4   Code   RO          316    .text               buzzer.o
    0x08006a10   0x000002d0   Code   RO          330    .text               telemetry.o
    0x08006ce0   0x000000dc   Code   RO          344    .text               drv_adc.o
    0x08006dbc   0x00000180   Code   RO          358    .text               drv_adxl345.o
    0x08006f3c   0x000004c0   Code   RO          374    .text               drv_bmp085.o
    0x080073fc   0x000000e6   Code   RO          389    .text               drv_hmc5883l.o
    0x080074e2   0x00000002   PAD
    0x080074e4   0x000007d0   Code   RO          401    .text               drv_i2c.o
    0x08007cb4   0x00000198   Code   RO          415    .text               drv_mpu3050.o
    0x08007e4c   0x0000060c   Code   RO          429    .text               drv_pwm.o
    0x08008458   0x00000240   Code   RO          445    .text               drv_system.o
    0x08008698   0x0000030c   Code   RO          464    .text               drv_uart.o
    0x080089a4   0x00000160   Code   RO          480    .text               drv_ledring.o
    0x08008b04   0x00000208   Code   RO          493    .text               drv_mpu6050.o
    0x08008d0c   0x00000140   Code   RO          509    .text               drv_mma845x.o
    0x08008e4c   0x00000190   Code   RO          524    .text               drv_hcsr04.o
    0x08008fdc   0x00000134   Code   RO          548    .text               drv_l3g4200d.o
    0x08009110   0x0000023c   Code   RO          562    .text               drv_ms5611.o
    0x0800934c   0x00000140   Code   RO          587    .text               system_stm32f10x.o
    0x0800948c   0x000000b0   Code   RO          605    .text               misc.o
    0x0800953c   0x00000324   Code   RO          617    .text               stm32f10x_adc.o
    0x08009860   0x000001c8   Code   RO          629    .text               stm32f10x_dma.o
    0x08009a28   0x000000e8   Code   RO          641    .text               stm32f10x_exti.o
    0x08009b10   0x00000310   Code   RO          653    .text               stm32f10x_i2c.o
    0x08009e20   0x000002bc   Code   RO          665    .text               stm32f10x_rcc.o
    0x0800a0dc   0x00000a66   Code   RO          679    .text               stm32f10x_tim.o
    0x0800ab42   0x00000002   PAD
    0x0800ab44   0x00000330   Code   RO          692    .text               stm32f10x_usart.o
    0x0800ae74   0x0000026c   Code   RO          704    .text               stm32f10x_gpio.o
    0x0800b0e0   0x0000047c   Code   RO          716    .text               stm32f10x_flash.o
    0x0800b55c   0x0000007c   Code   RO          732    .text               startup_stm32f10x_md.o
    0x0800b5d8   0x00000024   Code   RO          781    .text               mc_w.l(llsshr.o)
    0x0800b5fc   0x00000008   Code   RO          783    .text               mc_w.l(ctype_o.o)
    0x0800b604   0x0000000c   Code   RO          811    .text               mc_w.l(toupper.o)
    0x0800b610   0x00000046   Code   RO          813    .text               mc_w.l(bsearch.o)
    0x0800b656   0x00000024   Code   RO          815    .text               mc_w.l(memcpya.o)
    0x0800b67a   0x00000026   Code   RO          817    .text               mc_w.l(memseta.o)
    0x0800b6a0   0x0000002c   Code   RO          819    .text               mc_w.l(strstr.o)
    0x0800b6cc   0x00000012   Code   RO          821    .text               mc_w.l(strchr.o)
    0x0800b6de   0x00000010   Code   RO          823    .text               mc_w.l(strlen.o)
    0x0800b6ee   0x00000032   Code   RO          827    .text               mc_w.l(strncasecmp.o)
    0x0800b720   0x0000001a   Code   RO          829    .text               mc_w.l(atoi.o)
    0x0800b73a   0x000000b0   Code   RO          831    .text               mf_w.l(fadd.o)
    0x0800b7ea   0x0000006c   Code   RO          833    .text               mf_w.l(fmul.o)
    0x0800b856   0x00000080   Code   RO          835    .text               mf_w.l(fdiv.o)
    0x0800b8d6   0x0000014c   Code   RO          837    .text               mf_w.l(dadd.o)
    0x0800ba22   0x000000e0   Code   RO          839    .text               mf_w.l(dmul.o)
    0x0800bb02   0x00000012   Code   RO          841    .text               mf_w.l(fflti.o)
    0x0800bb14   0x0000000a   Code   RO          843    .text               mf_w.l(ffltui.o)
    0x0800bb1e   0x00000032   Code   RO          845    .text               mf_w.l(ffixi.o)
    0x0800bb50   0x00000028   Code   RO          847    .text               mf_w.l(ffixui.o)
    0x0800bb78   0x0000003e   Code   RO          849    .text               mf_w.l(dfixi.o)
    0x0800bbb6   0x0000002c   Code   RO          851    .text               mf_w.l(f2d.o)
    0x0800bbe2   0x00000002   PAD
    0x0800bbe4   0x00000014   Code   RO          853    .text               mf_w.l(cfcmple.o)
    0x0800bbf8   0x00000014   Code   RO          855    .text               mf_w.l(cfrcmple.o)
    0x0800bc0c   0x0000001e   Code   RO          886    .text               mc_w.l(llshl.o)
    0x0800bc2a   0x00000020   Code   RO          888    .text               mc_w.l(llushr.o)
    0x0800bc4a   0x0000000c   Code   RO          890    .text               mc_w.l(tolower.o)
    0x0800bc56   0x00000070   Code   RO          899    .text               mc_w.l(strtol.o)
    0x0800bcc6   0x00000000   Code   RO          901    .text               mc_w.l(iusefp.o)
    0x0800bcc6   0x0000006c   Code   RO          902    .text               mf_w.l(fepilogue.o)
    0x0800bd32   0x00000018   Code   RO          904    .text               mf_w.l(fscalb.o)
    0x0800bd4a   0x0000005e   Code   RO          906    .text               mf_w.l(fsqrt.o)
    0x0800bda8   0x0000003c   Code   RO          908    .text               mf_w.l(frnd.o)
    0x0800bde4   0x000000be   Code   RO          910    .text               mf_w.l(depilogue.o)
    0x0800bea2   0x000000de   Code   RO          912    .text               mf_w.l(ddiv.o)
    0x0800bf80   0x0000002e   Code   RO          914    .text               mf_w.l(dscalb.o)
    0x0800bfae   0x00000022   Code   RO          916    .text               mf_w.l(dflti.o)
    0x0800bfd0   0x00000028   Code   RO          918    .text               mf_w.l(cdrcmple.o)
    0x0800bff8   0x00000024   Code   RO          920    .text               mc_w.l(init.o)
    0x0800c01c   0x0000009e   Code   RO          922    .text               mc_w.l(_strtoul.o)
    0x0800c0ba   0x000000a2   Code   RO          924    .text               mf_w.l(dsqrt.o)
    0x0800c15c   0x0000001c   Code   RO          928    .text               mc_w.l(_chval.o)
    0x0800c178   0x0000005c   Code   RO          938    .text               mc_w.l(__dczerorl2.o)
    0x0800c1d4   0x00000028   Code   RO          859    i.__ARM_fpclassify  m_ws.l(fpclassify.o)
    0x0800c1fc   0x00000026   Code   RO          861    i.__ARM_fpclassifyf  m_ws.l(fpclassifyf.o)
    0x0800c222   0x00000002   PAD
    0x0800c224   0x00000008   Code   RO          892    i.__aeabi_errno_addr  mc_w.l(errno.o)
    0x0800c22c   0x000000aa   Code   RO          865    i.__kernel_poly     m_ws.l(poly.o)
    0x0800c2d6   0x00000002   PAD
    0x0800c2d8   0x00000010   Code   RO          857    i.__mathlib_dbl_underflow  m_ws.l(dunder.o)
    0x0800c2e8   0x0000000a   Code   RO          863    i.__mathlib_flt_underflow  m_ws.l(funder.o)
    0x0800c2f2   0x00000002   PAD
    0x0800c2f4   0x00000158   Code   RO          868    i.__mathlib_rredf2  m_ws.l(rredf.o)
    0x0800c44c   0x0000000e   Code   RO          932    i.__scatterload_copy  mc_w.l(handlers.o)
    0x0800c45a   0x00000002   Code   RO          933    i.__scatterload_null  mc_w.l(handlers.o)
    0x0800c45c   0x0000000e   Code   RO          934    i.__scatterload_zeroinit  mc_w.l(handlers.o)
    0x0800c46a   0x00000002   PAD
    0x0800c46c   0x0000000c   Code   RO          894    i.__set_errno       mc_w.l(errno.o)
    0x0800c478   0x00000254   Code   RO          737    i.atan2f            m_ws.l(atan2f.o)
    0x0800c6cc   0x00000180   Code   RO          745    i.cosf              m_ws.l(cosf.o)
    0x0800c84c   0x000009ec   Code   RO          753    i.pow               m_ws.l(pow.o)
    0x0800d238   0x0000018c   Code   RO          763    i.sinf              m_ws.l(sinf.o)
    0x0800d3c4   0x0000004c   Code   RO          872    i.sqrt              m_ws.l(sqrt.o)
    0x0800d410   0x0000002c   Code   RO          771    i.sqrtf             m_ws.l(sqrtf.o)
    0x0800d43c   0x000005f0   Data   RO            3    .constdata          cli.o
    0x0800da2c   0x00000009   Data   RO          147    .constdata          config.o
    0x0800da35   0x00000094   Data   RO          270    .constdata          serial.o
    0x0800dac9   0x00000003   PAD
    0x0800dacc   0x00000018   Data   RO          446    .constdata          drv_system.o
    0x0800dae4   0x00000004   PAD
    0x0800dae8   0x00000088   Data   RO          754    .constdata          m_ws.l(pow.o)
    0x0800db70   0x00000081   Data   RO          784    .constdata          mc_w.l(ctype_o.o)
    0x0800dbf1   0x00000003   PAD
    0x0800dbf4   0x00000004   Data   RO          785    .constdata          mc_w.l(ctype_o.o)
    0x0800dbf8   0x00000008   Data   RO          867    .constdata          m_ws.l(qnan.o)
    0x0800dc00   0x00000020   Data   RO          869    .constdata          m_ws.l(rredf.o)
    0x0800dc20   0x00000539   Data   RO            4    .conststring        cli.o
    0x0800e159   0x00000003   PAD
    0x0800e15c   0x00000020   Data   RO          930    Region$$Table       anon$$obj.o


    Execution Region RW_IRAM1 (Base: 0x20000000, Size: 0x00001a30, Max: 0x00005000, ABSOLUTE, COMPRESSED[0x000000fc])

    Base Addr    Size         Type   Attr      Idx    E Section Name        Object

    0x20000000   0x000000ac   Data   RW            5    .data               cli.o
    0x200000ac   0x00000005   Data   RW          148    .data               config.o
    0x200000b1   0x00000003   PAD
    0x200000b4   0x00000070   Data   RW          168    .data               imu.o
    0x20000124   0x00000012   Data   RW          201    .data               mixer.o
    0x20000136   0x00000002   PAD
    0x20000138   0x000000d2   Data   RW          222    .data               mw.o
    0x2000020a   0x00000002   PAD
    0x2000020c   0x00000050   Data   RW          242    .data               sensors.o
    0x2000025c   0x0000000a   Data   RW          271    .data               serial.o
    0x20000266   0x00000002   PAD
    0x20000268   0x0000007a   Data   RW          287    .data               gps.o
    0x200002e2   0x00000002   PAD
    0x200002e4   0x0000000f   Data   RW          302    .data               spektrum.o
    0x200002f3   0x00000001   PAD
    0x200002f4   0x0000000c   Data   RW          317    .data               buzzer.o
    0x20000300   0x00000009   Data   RW          331    .data               telemetry.o
    0x20000309   0x00000001   PAD
    0x2000030a   0x00000002   Data   RW          345    .data               drv_adc.o
    0x2000030c   0x00000002   Data   RW          359    .data               drv_adxl345.o
    0x2000030e   0x00000002   PAD
    0x20000310   0x00000009   Data   RW          376    .data               drv_bmp085.o
    0x20000319   0x00000003   PAD
    0x2000031c   0x0000001c   Data   RW          402    .data               drv_i2c.o
    0x20000338   0x00000001   Data   RW          416    .data               drv_mpu3050.o
    0x20000339   0x00000003   PAD
    0x2000033c   0x00000071   Data   RW          431    .data               drv_pwm.o
    0x200003ad   0x00000003   PAD
    0x200003b0   0x00000008   Data   RW          447    .data               drv_system.o
    0x200003b8   0x00000010   Data   RW          466    .data               drv_uart.o
    0x200003c8   0x00000001   Data   RW          481    .data               drv_ledring.o
    0x200003c9   0x00000001   Data   RW          494    .data               drv_mpu6050.o
    0x200003ca   0x00000001   Data   RW          510    .data               drv_mma845x.o
    0x200003cb   0x00000001   PAD
    0x200003cc   0x00000018   Data   RW          525    .data               drv_hcsr04.o
    0x200003e4   0x00000001   Data   RW          549    .data               drv_l3g4200d.o
    0x200003e5   0x00000003   PAD
    0x200003e8   0x00000014   Data   RW          588    .data               system_stm32f10x.o
    0x200003fc   0x00000014   Data   RW          666    .data               stm32f10x_rcc.o
    0x20000410   0x00000004   Data   RW          895    .data               mc_w.l(errno.o)
    0x20000414   0x00000020   Zero   RW            2    .bss                cli.o
    0x20000434   0x000000bc   Zero   RW          146    .bss                config.o
    0x200004f0   0x00000074   Zero   RW          167    .bss                imu.o
    0x20000564   0x00000010   Zero   RW          200    .bss                mixer.o
    0x20000574   0x000000a0   Zero   RW          221    .bss                mw.o
    0x20000614   0x00000044   Zero   RW          241    .bss                sensors.o
    0x20000658   0x00000040   Zero   RW          269    .bss                serial.o
    0x20000698   0x000000e0   Zero   RW          286    .bss                gps.o
    0x20000778   0x0000002c   Zero   RW          301    .bss                spektrum.o
    0x200007a4   0x00000028   Zero   RW          375    .bss                drv_bmp085.o
    0x200007cc   0x0000004a   Zero   RW          430    .bss                drv_pwm.o
    0x20000816   0x00000200   Zero   RW          465    .bss                drv_uart.o
    0x20000a16   0x00000002   PAD
    0x20000a18   0x00000018   Zero   RW          563    .bss                drv_ms5611.o
    0x20000a30   0x00001000   Zero   RW          729    STACK               startup_stm32f10x_md.o


==============================================================================

Image component sizes


      Code (inc. data)   RO Data    RW Data    ZI Data      Debug   Object Name

       740         58          0         12          0       1605   buzzer.o
      3048        912       2857        172         32     296125   cli.o
      1228         50          9          5        188       9191   config.o
         0          0          0          0          0         32   core_cm3.o
       220         12          0          2          0       1064   drv_adc.o
       384         26          0          2          0       2347   drv_adxl345.o
      1216         36          0          9         40       4966   drv_bmp085.o
       400         38          0         24          0      16998   drv_hcsr04.o
       230          0          0          0          0       1909   drv_hmc5883l.o
      2000        100          0         28          0       4461   drv_i2c.o
       308         18          0          1          0       1964   drv_l3g4200d.o
       352         18          0          1          0        938   drv_ledring.o
       320         20          0          1          0       2457   drv_mma845x.o
       408         20          0          1          0       2174   drv_mpu3050.o
       520         34          0          1          0       5511   drv_mpu6050.o
       572         10          0          0         24       2445   drv_ms5611.o
      1548        102          0        113         74       3877   drv_pwm.o
       576         70         24          8          0      17750   drv_system.o
       780         40          0         16        512       3223   drv_uart.o
      4080        414          0        122        224       9644   gps.o
      2004        172          0        112        116       4005   imu.o
       500         44          0          0          0       1021   main.o
       176         18          0          0          0       1785   misc.o
      4548        174          0         18         16       2597   mixer.o
      5336        468          0        210        160      11675   mw.o
      2660        242          0         80         68       5107   sensors.o
      2416        250        148         10         64       5238   serial.o
       336         48          0         15         44       1843   spektrum.o
       124         40        236          0       4096        824   startup_stm32f10x_md.o
       804         26          0          0          0      10953   stm32f10x_adc.o
       456         10          0          0          0       4562   stm32f10x_dma.o
       232          8          0          0          0       2275   stm32f10x_exti.o
      1148         22          0          0          0       9168   stm32f10x_flash.o
       620         40          0          0          0       5701   stm32f10x_gpio.o
       784         14          0          0          0       9327   stm32f10x_i2c.o
       700         40          0         20          0       8812   stm32f10x_rcc.o
      2662         84          0          0          0      22682   stm32f10x_tim.o
       816         20          0          0          0       8660   stm32f10x_usart.o
       320         32          0         20          0       1847   system_stm32f10x.o
       720         46          0          9          0       1966   telemetry.o

    ----------------------------------------------------------------------
     46296       3776       3316       1040       5660     508729   Object Totals
         0          0         32          0          0          0   (incl. Generated)
         4          0         10         28          2          0   (incl. Padding)

    ----------------------------------------------------------------------

      Code (inc. data)   RO Data    RW Data    ZI Data      Debug   Library Member Name

       596         76          0          0          0        116   atan2f.o
       384         52          0          0          0        116   cosf.o
        16          6          0          0          0         68   dunder.o
        40          0          0          0          0         68   fpclassify.o
        38          0          0          0          0         68   fpclassifyf.o
        10          0          0          0          0         68   funder.o
       170          0          0          0          0         96   poly.o
      2540        192        136          0          0        340   pow.o
         0          0          8          0          0          0   qnan.o
       344         16         32          0          0         88   rredf.o
       396         54          0          0          0        116   sinf.o
        76          0          0          0          0         84   sqrt.o
        44          0          0          0          0         80   sqrtf.o
        92          0          0          0          0          0   __dczerorl2.o
        28          0          0          0          0         68   _chval.o
       158          0          0          0          0         92   _strtoul.o
        26          0          0          0          0         80   atoi.o
        70          0          0          0          0         92   bsearch.o
         8          4        133          0          0         68   ctype_o.o
         0          0          0          0          0          0   entry.o
         8          4          0          0          0          0   entry2.o
         4          0          0          0          0          0   entry5.o
         0          0          0          0          0          0   entry7b.o
         8          4          0          0          0          0   entry8.o
        20         10          0          4          0        136   errno.o
        30          0          0          0          0          0   handlers.o
        36          8          0          0          0         68   init.o
         0          0          0          0          0          0   iusefp.o
        30          0          0          0          0         68   llshl.o
        36          0          0          0          0         68   llsshr.o
        32          0          0          0          0         68   llushr.o
        36          0          0          0          0         68   memcpya.o
        38          0          0          0          0        108   memseta.o
        18          0          0          0          0         68   strchr.o
        16          0          0          0          0         68   strlen.o
        50          0          0          0          0         84   strncasecmp.o
        44          0          0          0          0         80   strstr.o
       112          0          0          0          0         88   strtol.o
        12          0          0          0          0         68   tolower.o
        12          0          0          0          0         68   toupper.o
        40          2          0          0          0         68   cdrcmple.o
        20          0          0          0          0         68   cfcmple.o
        20          0          0          0          0         68   cfrcmple.o
       332          0          0          0          0        148   dadd.o
       222          0          0          0          0        100   ddiv.o
       190          0          0          0          0        176   depilogue.o
        62          0          0          0          0         80   dfixi.o
        34          0          0          0          0         76   dflti.o
       224          0          0          0          0         96   dmul.o
        46          0          0          0          0         80   dscalb.o
       162          0          0          0          0        100   dsqrt.o
        44          0          0          0          0         68   f2d.o
       176          0          0          0          0        140   fadd.o
       128          0          0          0          0         88   fdiv.o
       108          0          0          0          0        168   fepilogue.o
        50          0          0          0          0         68   ffixi.o
        40          0          0          0          0         68   ffixui.o
        18          0          0          0          0         68   fflti.o
        10          0          0          0          0         68   ffltui.o
       108          0          0          0          0         76   fmul.o
        60          0          0          0          0         76   frnd.o
        24          0          0          0          0         68   fscalb.o
        94          0          0          0          0         96   fsqrt.o

    ----------------------------------------------------------------------
      7800        428        312          4          0       4928   Library Totals
        10          0          3          0          0          0   (incl. Padding)

    ----------------------------------------------------------------------

      Code (inc. data)   RO Data    RW Data    ZI Data      Debug   Library Name

      4654        396        176          0          0       1308   m_ws.l
       924         30        133          4          0       1508   mc_w.l
      2212          2          0          0          0       2112   mf_w.l

    ----------------------------------------------------------------------
      7800        428        312          4          0       4928   Library Totals

    ----------------------------------------------------------------------

==============================================================================


      Code (inc. data)   RO Data    RW Data    ZI Data      Debug   

     54096       4204       3628       1044       5660     506481   Grand Totals
     54096       4204       3628        252       5660     506481   ELF Image Totals (compressed)
     54096       4204       3628        252          0          0   ROM Totals

==============================================================================

    Total RO  Size (Code + RO Data)                57724 (  56.37kB)
    Total RW  Size (RW Data + ZI Data)              6704 (   6.55kB)
    Total ROM Size (Code + RO Data + RW Data)      57976 (  56.62kB)

==============================================================================

