ARM Linker, 4.1 [Build 894] [Standard]

==============================================================================

Section Cross References

    cli.o(.text) refers to drv_uart.o(.text) for uartPrint
    cli.o(.text) refers to strlen.o(.text) for strlen
    cli.o(.text) refers to strncasecmp.o(.text) for strncasecmp
    cli.o(.text) refers to config.o(.text) for checkFirstTime
    cli.o(.text) refers to drv_system.o(.text) for delay
    cli.o(.text) refers to memseta.o(.text) for __aeabi_memclr
    cli.o(.text) refers to toupper.o(.text) for toupper
    cli.o(.text) refers to strchr.o(.text) for strchr
    cli.o(.text) refers to cli.o(.bss) for cliBuffer
    cli.o(.text) refers to cli.o(.data) for bufferIndex
    cli.o(.text) refers to serial.o(.data) for cliMode
    cli.o(.text) refers to cli.o(.constdata) for cmdTable
    cli.o(.text) refers to config.o(.constdata) for rcChannelLetters
    cli.o(.text) refers to config.o(.bss) for cfg
    cli.o(.text) refers to strstr.o(.text) for strstr
    cli.o(.text) refers to atoi.o(.text) for atoi
    cli.o(.text) refers to drv_i2c.o(.text) for i2cGetErrorCounter
    cli.o(.text) refers to bsearch.o(.text) for bsearch
    cli.o(.text) refers to mw.o(.data) for vbat
    cli.o(.text) refers to sensors.o(.data) for accHardware
    cli.o(.constdata) refers to cli.o(.conststring) for .conststring
    cli.o(.constdata) refers to cli.o(.text) for cliDefaults
    cli.o(.constdata) refers to config.o(.bss) for cfg
    cli.o(.data) refers to cli.o(.conststring) for .conststring
    config.o(.text) refers to strchr.o(.text) for strchr
    config.o(.text) refers to memcpya.o(.text) for __aeabi_memcpy4
    config.o(.text) refers to stm32f10x_flash.o(.text) for FLASH_Unlock
    config.o(.text) refers to mw.o(.text) for blinkLED
    config.o(.text) refers to config.o(.constdata) for rcChannelLetters
    config.o(.text) refers to config.o(.bss) for cfg
    config.o(.text) refers to mw.o(.bss) for lookupPitchRollRC
    config.o(.text) refers to config.o(.data) for checkNewConf
    imu.o(.text) refers to ffltui.o(.text) for __aeabi_ui2f
    imu.o(.text) refers to fmul.o(.text) for __aeabi_fmul
    imu.o(.text) refers to ffixi.o(.text) for __aeabi_f2iz
    imu.o(.text) refers to config.o(.text) for sensors
    imu.o(.text) refers to sensors.o(.text) for Mag_init
    imu.o(.text) refers to atan2f.o(i.atan2f) for atan2f
    imu.o(.text) refers to fadd.o(.text) for __aeabi_fadd
    imu.o(.text) refers to drv_system.o(.text) for micros
    imu.o(.text) refers to fflti.o(.text) for __aeabi_i2f
    imu.o(.text) refers to fdiv.o(.text) for __aeabi_fdiv
    imu.o(.text) refers to sensors.o(.data) for acc_1G
    imu.o(.text) refers to imu.o(.data) for acc_25deg
    imu.o(.text) refers to config.o(.bss) for cfg
    imu.o(.text) refers to imu.o(.bss) for accLPF
    imu.o(.text) refers to mw.o(.bss) for f
    imu.o(.text) refers to mw.o(.text) for annexCode
    imu.o(.text) refers to mw.o(.data) for annex650_overrun_count
    main.o(.text) refers to drv_system.o(.text) for systemInit
    main.o(.text) refers to config.o(.text) for readEEPROM
    main.o(.text) refers to serial.o(.text) for serialInit
    main.o(.text) refers to mixer.o(.text) for mixerInit
    main.o(.text) refers to drv_pwm.o(.text) for pwmInit
    main.o(.text) refers to sensors.o(.text) for sensorsAutodetect
    main.o(.text) refers to imu.o(.text) for imuInit
    main.o(.text) refers to spektrum.o(.text) for spektrumInit
    main.o(.text) refers to gps.o(.text) for gpsInit
    main.o(.text) refers to mw.o(.text) for loop
    main.o(.text) refers to config.o(.bss) for cfg
    main.o(.text) refers to mixer.o(.data) for useServo
    main.o(.text) refers to mw.o(.data) for rcReadRawFunc
    main.o(.text) refers to sensors.o(.data) for calibratingA
    main.o(.text) refers to mw.o(.bss) for f
    mixer.o(.text) refers to config.o(.text) for feature
    mixer.o(.text) refers to drv_pwm.o(.text) for pwmWriteServo
    mixer.o(.text) refers to config.o(.bss) for cfg
    mixer.o(.text) refers to mixer.o(.data) for useServo
    mixer.o(.text) refers to mixer.o(.bss) for customMixer
    mixer.o(.text) refers to mw.o(.data) for axisPID
    mixer.o(.text) refers to imu.o(.data) for angle
    mixer.o(.text) refers to mw.o(.bss) for f
    mw.o(.text) refers to drv_system.o(.text) for delay
    mw.o(.text) refers to fflti.o(.text) for __aeabi_i2f
    mw.o(.text) refers to fmul.o(.text) for __aeabi_fmul
    mw.o(.text) refers to fdiv.o(.text) for __aeabi_fdiv
    mw.o(.text) refers to cosf.o(i.cosf) for cosf
    mw.o(.text) refers to sinf.o(i.sinf) for sinf
    mw.o(.text) refers to fadd.o(.text) for __aeabi_fadd
    mw.o(.text) refers to ffixi.o(.text) for __aeabi_f2iz
    mw.o(.text) refers to config.o(.text) for feature
    mw.o(.text) refers to drv_adc.o(.text) for adcGetBattery
    mw.o(.text) refers to sensors.o(.text) for batteryAdcToVoltage
[...]
    .data                                    0x20000470   Section       12  drv_ms5611.o(.data)
    ms5611_osr                               0x20000470   Data           1  drv_ms5611.o(.data)
    ms5611_ut                                0x20000474   Data           4  drv_ms5611.o(.data)
    ms5611_up                                0x20000478   Data           4  drv_ms5611.o(.data)
    .data                                    0x2000047c   Section       20  system_stm32f10x.o(.data)
    .data                                    0x20000490   Section       20  stm32f10x_rcc.o(.data)
    ADCPrescTable                            0x20000490   Data           4  stm32f10x_rcc.o(.data)
    APBAHBPrescTable                         0x20000494   Data          16  stm32f10x_rcc.o(.data)
    .data                                    0x200004a4   Section        4  errno.o(.data)
    _errno                                   0x200004a4   Data           4  errno.o(.data)
    .bss                                     0x200004a8   Section       32  cli.o(.bss)
    cliBuffer                                0x200004a8   Data          32  cli.o(.bss)
    .bss                                     0x200004c8   Section      212  config.o(.bss)
    .bss                                     0x2000059c   Section      116  imu.o(.bss)
    EstG                                     0x2000059c   Data          12  imu.o(.bss)
    EstM                                     0x200005a8   Data          12  imu.o(.bss)
    accLPF                                   0x200005b4   Data          12  imu.o(.bss)
    BaroHistTab                              0x200005c0   Data          80  imu.o(.bss)
    .bss                                     0x20000610   Section      264  mixer.o(.bss)
    customMixer                              0x20000628   Data         240  mixer.o(.bss)
    .bss                                     0x20000718   Section      160  mw.o(.bss)
    vbatRawArray                             0x20000718   Data          16  mw.o(.bss)
    rcData4Values                            0x20000728   Data          64  mw.o(.bss)
    rcDataMean                               0x20000768   Data          16  mw.o(.bss)
    .bss                                     0x200007b8   Section       96  sensors.o(.bss)
    a                                        0x200007b8   Data          12  sensors.o(.bss)
    b                                        0x200007c4   Data          12  sensors.o(.bss)
    g                                        0x200007d0   Data          12  sensors.o(.bss)
    .bss                                     0x20000818   Section       64  serial.o(.bss)
    inBuf                                    0x20000818   Data          64  serial.o(.bss)
    .bss                                     0x20000858   Section      224  gps.o(.bss)
    string                                   0x20000858   Data          15  gps.o(.bss)
    posholdPID                               0x20000868   Data          16  gps.o(.bss)
    poshold_ratePID                          0x20000878   Data          16  gps.o(.bss)
    navPID                                   0x20000888   Data          16  gps.o(.bss)
    pi_poshold                               0x20000898   Data          40  gps.o(.bss)
    pid_poshold_rate                         0x200008c0   Data          40  gps.o(.bss)
    pid_nav                                  0x200008e8   Data          40  gps.o(.bss)
    GPS_filter                               0x20000910   Data          40  gps.o(.bss)
    .bss                                     0x20000938   Section       44  spektrum.o(.bss)
    spekChannelData                          0x20000938   Data          28  spektrum.o(.bss)
    .bss                                     0x20000964   Section       36  drv_bmp085.o(.bss)
    bmp085                                   0x20000964   Data          36  drv_bmp085.o(.bss)
    .bss                                     0x20000988   Section      376  drv_pwm.o(.bss)
    pwmPorts                                 0x20000988   Data         280  drv_pwm.o(.bss)
    captures                                 0x20000aa0   Data          16  drv_pwm.o(.bss)
    motors                                   0x20000ab0   Data          48  drv_pwm.o(.bss)
    servos                                   0x20000ae0   Data          32  drv_pwm.o(.bss)
    .bss                                     0x20000b00   Section      512  drv_uart.o(.bss)
    .bss                                     0x20000d00   Section       16  drv_ms5611.o(.bss)
    ms5611_c                                 0x20000d00   Data          16  drv_ms5611.o(.bss)
    STACK                                    0x20000d10   Section     4096  startup_stm32f10x_md.o(STACK)

    Global Symbols

    Symbol Name                              Value     Ov Type        Size  Object(Section)

    BuildAttributes$$THM_ISAv4$P$D$K$B$S$PE$A:L22UL41UL21$X:L11$S22US41US21$IEEE1$IW$USESV6$~STKCKD$USESV7$~SHL$OTIME$ROPI$IEEEX$EBA8$MICROLIB$REQ8$PRES8$EABIv2 0x00000000   Number         0  anon$$obj.o ABSOLUTE
    __ARM_use_no_argv                        0x00000000   Number         0  main.o ABSOLUTE
    _clock_init                               - Undefined Weak Reference
    __Vectors_Size                           0x000000ec   Number         0  startup_stm32f10x_md.o ABSOLUTE
    __Vectors                                0x08000000   Data           4  startup_stm32f10x_md.o(RESET)
    __Vectors_End                            0x080000ec   Data           0  startup_stm32f10x_md.o(RESET)
    __main                                   0x080000ed   Thumb Code     0  entry.o(.ARM.Collect$$$$00000000)
    _main_stk                                0x080000ed   Thumb Code     0  entry2.o(.ARM.Collect$$$$00000001)
    _main_scatterload                        0x080000f1   Thumb Code     0  entry5.o(.ARM.Collect$$$$00000004)
    __main_after_scatterload                 0x080000f5   Thumb Code     0  entry5.o(.ARM.Collect$$$$00000004)
    _main_clock                              0x080000f5   Thumb Code     0  entry7b.o(.ARM.Collect$$$$00000008)
    _main_init                               0x080000f5   Thumb Code     0  entry8.o(.ARM.Collect$$$$00000009)
    itoa                                     0x08000131   Thumb Code    60  cli.o(.text)
    cliProcess                               0x0800091b   Thumb Code   964  cli.o(.text)
    parseRcChannels                          0x08000ce9   Thumb Code    42  config.o(.text)
    readEEPROM                               0x08000d13   Thumb Code   330  config.o(.text)
    writeParams                              0x08000e5d   Thumb Code    80  config.o(.text)
    featureSet                               0x08000ead   Thumb Code    16  config.o(.text)
    featureClearAll                          0x08000ebd   Thumb Code    10  config.o(.text)
    checkFirstTime                           0x08000ec7   Thumb Code   658  config.o(.text)
    sensors                                  0x08001159   Thumb Code    18  config.o(.text)
    sensorsSet                               0x0800116b   Thumb Code    12  config.o(.text)
    sensorsClear                             0x08001177   Thumb Code    12  config.o(.text)
    sensorsMask                              0x08001183   Thumb Code     6  config.o(.text)
    feature                                  0x08001189   Thumb Code    18  config.o(.text)
    featureClear                             0x0800119b   Thumb Code    12  config.o(.text)
    featureMask                              0x080011a7   Thumb Code     6  config.o(.text)
    imuInit                                  0x080011b5   Thumb Code    44  imu.o(.text)
    rotateV                                  0x08001205   Thumb Code   128  imu.o(.text)
    computeIMU                               0x0800158d   Thumb Code   446  imu.o(.text)
    getEstimatedAltitude                     0x0800174b   Thumb Code   484  imu.o(.text)
    main                                     0x08001989   Thumb Code   364  main.o(.text)
    HardFault_Handler                        0x08001af5   Thumb Code    16  main.o(.text)
    mixerInit                                0x08001b31   Thumb Code   210  mixer.o(.text)
    writeServos                              0x08001c03   Thumb Code   116  mixer.o(.text)
    writeMotors                              0x08001c77   Thumb Code    34  mixer.o(.text)
    writeAllMotors                           0x08001c99   Thumb Code    32  mixer.o(.text)
    mixTable                                 0x08001cbb   Thumb Code  4376  mixer.o(.text)
    blinkLED                                 0x08002df5   Thumb Code    84  mw.o(.text)
    annexCode                                0x08002e49   Thumb Code  1314  mw.o(.text)
    pwmReadRawRC                             0x0800336b   Thumb Code    42  mw.o(.text)
    computeRC                                0x08003395   Thumb Code   198  mw.o(.text)
    loop                                     0x0800345b   Thumb Code  3618  mw.o(.text)
    sensorsAutodetect                        0x080042cd   Thumb Code   376  sensors.o(.text)
    batteryAdcToVoltage                      0x08004445   Thumb Code    60  sensors.o(.text)
    batteryInit                              0x08004481   Thumb Code    80  sensors.o(.text)
    ACC_getADC                               0x0800473b   Thumb Code    24  sensors.o(.text)
    Baro_update                              0x08004753   Thumb Code   234  sensors.o(.text)
    Gyro_getADC                              0x08004933   Thumb Code    24  sensors.o(.text)
    Mag_init                                 0x0800496d   Thumb Code   398  sensors.o(.text)
    Mag_getADC                               0x08004afb   Thumb Code   518  sensors.o(.text)
    Sonar_init                               0x08004d01   Thumb Code    22  sensors.o(.text)
    Sonar_update                             0x08004d17   Thumb Code    10  sensors.o(.text)
    serialize32                              0x08004d51   Thumb Code   116  serial.o(.text)
    serialize16                              0x08004dc5   Thumb Code    60  serial.o(.text)
    serialize8                               0x08004e01   Thumb Code    22  serial.o(.text)
    read8                                    0x08004e17   Thumb Code    18  serial.o(.text)
    read16                                   0x08004e29   Thumb Code    22  serial.o(.text)
    read32                                   0x08004e3f   Thumb Code    20  serial.o(.text)
    headSerialResponse                       0x08004e53   Thumb Code    54  serial.o(.text)
    headSerialReply                          0x08004e89   Thumb Code    14  serial.o(.text)
    headSerialError                          0x08004e97   Thumb Code    14  serial.o(.text)
    tailSerialReply                          0x08004ea5   Thumb Code    12  serial.o(.text)
    serializeNames                           0x08004eb1   Thumb Code    24  serial.o(.text)
    serialInit                               0x08004ec9   Thumb Code    12  serial.o(.text)
    serialCom                                0x080054c9   Thumb Code   476  serial.o(.text)
    wrap_18000                               0x080056c1   Thumb Code    26  gps.o(.text)
    GPS_coord_to_degrees                     0x08005e4b   Thumb Code   270  gps.o(.text)
    gpsInit                                  0x0800653b   Thumb Code    60  gps.o(.text)
    GPS_reset_home_position                  0x08006581   Thumb Code    50  gps.o(.text)
    GPS_reset_nav                            0x080065b3   Thumb Code    70  gps.o(.text)
    GPS_set_next_wp                          0x080065f9   Thumb Code    86  gps.o(.text)
    spektrumInit                             0x08006723   Thumb Code    48  spektrum.o(.text)
    spektrumFrameComplete                    0x08006753   Thumb Code     6  spektrum.o(.text)
    spektrumReadRawRC                        0x08006759   Thumb Code   144  spektrum.o(.text)
    buzzer                                   0x0800693f   Thumb Code   388  buzzer.o(.text)
    initTelemetry                            0x08006d0d   Thumb Code    40  telemetry.o(.text)
    sendTelemetry                            0x08006d35   Thumb Code   106  telemetry.o(.text)
    adcInit                                  0x08006dcd   Thumb Code   202  drv_adc.o(.text)
    adcGetBattery                            0x08006e97   Thumb Code     6  drv_adc.o(.text)
    adxl345Detect                            0x08006fd1   Thumb Code    62  drv_adxl345.o(.text)
    EXTI15_10_IRQHandler                     0x08007029   Thumb Code    28  drv_bmp085.o(.text)
    bmp085Detect                             0x08007311   Thumb Code   328  drv_bmp085.o(.text)
    hmc5883lDetect                           0x08007459   Thumb Code    68  drv_hmc5883l.o(.text)
    hmc5883lInit                             0x0800749d   Thumb Code    26  drv_hmc5883l.o(.text)
    hmc5883lCal                              0x080074b7   Thumb Code    42  drv_hmc5883l.o(.text)
    hmc5883lFinishCal                        0x080074e1   Thumb Code    34  drv_hmc5883l.o(.text)
    hmc5883lRead                             0x08007503   Thumb Code    66  drv_hmc5883l.o(.text)
    i2cInit                                  0x08007607   Thumb Code   174  drv_i2c.o(.text)
    I2C1_ER_IRQHandler                       0x08007761   Thumb Code     8  drv_i2c.o(.text)
    I2C1_EV_IRQHandler                       0x08007b45   Thumb Code     8  drv_i2c.o(.text)
    I2C2_ER_IRQHandler                       0x08007b4d   Thumb Code     8  drv_i2c.o(.text)
    I2C2_EV_IRQHandler                       0x08007b55   Thumb Code     8  drv_i2c.o(.text)
    i2cWriteBuffer                           0x08007b5d   Thumb Code   216  drv_i2c.o(.text)
    i2cWrite                                 0x08007c35   Thumb Code    20  drv_i2c.o(.text)
    i2cRead                                  0x08007c49   Thumb Code   184  drv_i2c.o(.text)
    i2cGetErrorCounter                       0x08007d01   Thumb Code     6  drv_i2c.o(.text)
    mpu3050Detect                            0x08007e2f   Thumb Code    48  drv_mpu3050.o(.text)
    mpu3050Config                            0x08007e5f   Thumb Code   102  drv_mpu3050.o(.text)
    TIM1_CC_IRQHandler                       0x080081b9   Thumb Code    98  drv_pwm.o(.text)
    TIM2_IRQHandler                          0x080082eb   Thumb Code    14  drv_pwm.o(.text)
    TIM3_IRQHandler                          0x080082f9   Thumb Code    12  drv_pwm.o(.text)
    TIM4_IRQHandler                          0x08008305   Thumb Code    12  drv_pwm.o(.text)
    pwmInit                                  0x08008451   Thumb Code   262  drv_pwm.o(.text)
    pwmWriteMotor                            0x08008557   Thumb Code    20  drv_pwm.o(.text)
    pwmWriteServo                            0x0800856b   Thumb Code    20  drv_pwm.o(.text)
    pwmRead                                  0x0800857f   Thumb Code    10  drv_pwm.o(.text)
    SysTick_Handler                          0x080085cf   Thumb Code    12  drv_system.o(.text)
    micros                                   0x080085db   Thumb Code    44  drv_system.o(.text)
    millis                                   0x08008607   Thumb Code     6  drv_system.o(.text)
    delayMicroseconds                        0x0800860d   Thumb Code    24  drv_system.o(.text)
    delay                                    0x08008625   Thumb Code    24  drv_system.o(.text)
    systemInit                               0x0800863d   Thumb Code   266  drv_system.o(.text)
    failureMode                              0x08008747   Thumb Code    86  drv_system.o(.text)
    systemReset                              0x0800879d   Thumb Code    18  drv_system.o(.text)
    DMA1_Channel4_IRQHandler                 0x08008845   Thumb Code    38  drv_uart.o(.text)
    uartInit                                 0x0800886b   Thumb Code   296  drv_uart.o(.text)
    uartAvailable                            0x08008993   Thumb Code    26  drv_uart.o(.text)
    uartTransmitEmpty                        0x080089ad   Thumb Code    20  drv_uart.o(.text)
    uartRead                                 0x080089c1   Thumb Code    32  drv_uart.o(.text)
    uartReadPoll                             0x080089e1   Thumb Code    18  drv_uart.o(.text)
    uartWrite                                0x080089f3   Thumb Code    40  drv_uart.o(.text)
    uartPrint                                0x08008a1b   Thumb Code    22  drv_uart.o(.text)
    uart2Init                                0x08008a31   Thumb Code   130  drv_uart.o(.text)
    USART2_IRQHandler                        0x08008ab3   Thumb Code    38  drv_uart.o(.text)
    ledringDetect                            0x08008b01   Thumb Code    28  drv_ledring.o(.text)
    ledringState                             0x08008b1d   Thumb Code   274  drv_ledring.o(.text)
    ledringBlink                             0x08008c2f   Thumb Code    32  drv_ledring.o(.text)
    mpu6050Detect                            0x08008dd9   Thumb Code   116  drv_mpu6050.o(.text)
    mpu6050DmpLoop                           0x08008e4d   Thumb Code     2  drv_mpu6050.o(.text)
    mpu6050DmpResetFifo                      0x08008e4f   Thumb Code     2  drv_mpu6050.o(.text)
    mma8452Detect                            0x08008f57   Thumb Code    70  drv_mma845x.o(.text)
    ECHO_EXTI_IRQHandler                     0x08008fb1   Thumb Code    70  drv_hcsr04.o(.text)
    EXTI1_IRQHandler                         0x08008ff7   Thumb Code     8  drv_hcsr04.o(.text)
    EXTI9_5_IRQHandler                       0x08008fff   Thumb Code     8  drv_hcsr04.o(.text)
    hcsr04_init                              0x08009007   Thumb Code   216  drv_hcsr04.o(.text)
    hcsr04_get_distance                      0x080090df   Thumb Code    60  drv_hcsr04.o(.text)
    l3g4200dDetect                           0x080091e7   Thumb Code    50  drv_l3g4200d.o(.text)
    l3g4200dConfig                           0x08009219   Thumb Code    74  drv_l3g4200d.o(.text)
    ms5611Detect                             0x080094e5   Thumb Code   144  drv_ms5611.o(.text)
    SystemInit                               0x080095a1   Thumb Code    64  system_stm32f10x.o(.text)
    SystemCoreClockUpdate                    0x080095e1   Thumb Code    86  system_stm32f10x.o(.text)
    NVIC_PriorityGroupConfig                 0x080096e1   Thumb Code    10  misc.o(.text)
    NVIC_Init                                0x080096eb   Thumb Code    90  misc.o(.text)
    NVIC_SetVectorTable                      0x08009745   Thumb Code    14  misc.o(.text)
    NVIC_SystemLPConfig                      0x08009753   Thumb Code    20  misc.o(.text)
    SysTick_CLKSourceConfig                  0x08009767   Thumb Code    24  misc.o(.text)
    ADC_DeInit                               0x08009791   Thumb Code    56  stm32f10x_adc.o(.text)
    ADC_Init                                 0x080097c9   Thumb Code    62  stm32f10x_adc.o(.text)
    ADC_StructInit                           0x08009807   Thumb Code    18  stm32f10x_adc.o(.text)
    ADC_Cmd                                  0x08009819   Thumb Code    20  stm32f10x_adc.o(.text)
    ADC_DMACmd                               0x0800982d   Thumb Code    20  stm32f10x_adc.o(.text)
    ADC_ITConfig                             0x08009841   Thumb Code    18  stm32f10x_adc.o(.text)
    ADC_ResetCalibration                     0x08009853   Thumb Code    10  stm32f10x_adc.o(.text)
    ADC_GetResetCalibrationStatus            0x0800985d   Thumb Code    14  stm32f10x_adc.o(.text)
    ADC_StartCalibration                     0x0800986b   Thumb Code    10  stm32f10x_adc.o(.text)
    ADC_GetCalibrationStatus                 0x08009875   Thumb Code    14  stm32f10x_adc.o(.text)
    ADC_SoftwareStartConvCmd                 0x08009883   Thumb Code    20  stm32f10x_adc.o(.text)
    ADC_GetSoftwareStartConvStatus           0x08009897   Thumb Code    14  stm32f10x_adc.o(.text)
    ADC_DiscModeChannelCountConfig           0x080098a5   Thumb Code    16  stm32f10x_adc.o(.text)
    ADC_DiscModeCmd                          0x080098b5   Thumb Code    20  stm32f10x_adc.o(.text)
    ADC_RegularChannelConfig                 0x080098c9   Thumb Code   116  stm32f10x_adc.o(.text)
    ADC_ExternalTrigConvCmd                  0x0800993d   Thumb Code    20  stm32f10x_adc.o(.text)
    ADC_GetConversionValue                   0x08009951   Thumb Code     6  stm32f10x_adc.o(.text)
    ADC_GetDualModeConversionValue           0x08009957   Thumb Code     8  stm32f10x_adc.o(.text)
    ADC_AutoInjectedConvCmd                  0x0800995f   Thumb Code    20  stm32f10x_adc.o(.text)
    ADC_InjectedDiscModeCmd                  0x08009973   Thumb Code    20  stm32f10x_adc.o(.text)
    ADC_ExternalTrigInjectedConvConfig       0x08009987   Thumb Code    12  stm32f10x_adc.o(.text)
    ADC_ExternalTrigInjectedConvCmd          0x08009993   Thumb Code    20  stm32f10x_adc.o(.text)
    ADC_SoftwareStartInjectedConvCmd         0x080099a7   Thumb Code    20  stm32f10x_adc.o(.text)
    ADC_GetSoftwareStartInjectedConvCmdStatus 0x080099bb   Thumb Code    14  stm32f10x_adc.o(.text)
    ADC_InjectedChannelConfig                0x080099c9   Thumb Code    74  stm32f10x_adc.o(.text)
    ADC_InjectedSequencerLengthConfig        0x08009a13   Thumb Code    16  stm32f10x_adc.o(.text)
    ADC_SetInjectedOffset                    0x08009a23   Thumb Code     4  stm32f10x_adc.o(.text)
    ADC_GetInjectedConversionValue           0x08009a27   Thumb Code     8  stm32f10x_adc.o(.text)
    ADC_AnalogWatchdogCmd                    0x08009a2f   Thumb Code    12  stm32f10x_adc.o(.text)
    ADC_AnalogWatchdogThresholdsConfig       0x08009a3b   Thumb Code     6  stm32f10x_adc.o(.text)
    ADC_AnalogWatchdogSingleChannelConfig    0x08009a41   Thumb Code    12  stm32f10x_adc.o(.text)
    ADC_TempSensorVrefintCmd                 0x08009a4d   Thumb Code    24  stm32f10x_adc.o(.text)
    ADC_GetFlagStatus                        0x08009a65   Thumb Code    14  stm32f10x_adc.o(.text)
    ADC_ClearFlag                            0x08009a73   Thumb Code     6  stm32f10x_adc.o(.text)
    ADC_GetITStatus                          0x08009a79   Thumb Code    26  stm32f10x_adc.o(.text)
    ADC_ClearITPendingBit                    0x08009a93   Thumb Code     8  stm32f10x_adc.o(.text)
    DMA_DeInit                               0x08009ab5   Thumb Code   218  stm32f10x_dma.o(.text)
    DMA_Init                                 0x08009b8f   Thumb Code    58  stm32f10x_dma.o(.text)
    DMA_StructInit                           0x08009bc9   Thumb Code    26  stm32f10x_dma.o(.text)
    DMA_Cmd                                  0x08009be3   Thumb Code    22  stm32f10x_dma.o(.text)
    DMA_ITConfig                             0x08009bf9   Thumb Code    16  stm32f10x_dma.o(.text)
    DMA_SetCurrDataCounter                   0x08009c09   Thumb Code     4  stm32f10x_dma.o(.text)
    DMA_GetCurrDataCounter                   0x08009c0d   Thumb Code     6  stm32f10x_dma.o(.text)
    DMA_GetFlagStatus                        0x08009c13   Thumb Code    28  stm32f10x_dma.o(.text)
    DMA_ClearFlag                            0x08009c2f   Thumb Code    20  stm32f10x_dma.o(.text)
    DMA_GetITStatus                          0x08009c43   Thumb Code    28  stm32f10x_dma.o(.text)
    DMA_ClearITPendingBit                    0x08009c5f   Thumb Code    20  stm32f10x_dma.o(.text)
    EXTI_DeInit                              0x08009c7d   Thumb Code    28  stm32f10x_exti.o(.text)
    EXTI_Init                                0x08009c99   Thumb Code   108  stm32f10x_exti.o(.text)
    EXTI_StructInit                          0x08009d05   Thumb Code    14  stm32f10x_exti.o(.text)
    EXTI_GenerateSWInterrupt                 0x08009d13   Thumb Code    12  stm32f10x_exti.o(.text)
    EXTI_GetFlagStatus                       0x08009d1f   Thumb Code    18  stm32f10x_exti.o(.text)
    EXTI_ClearFlag                           0x08009d31   Thumb Code     8  stm32f10x_exti.o(.text)
    EXTI_GetITStatus                         0x08009d39   Thumb Code    28  stm32f10x_exti.o(.text)
    EXTI_ClearITPendingBit                   0x08009d55   Thumb Code     8  stm32f10x_exti.o(.text)
    I2C_DeInit                               0x08009d65   Thumb Code    38  stm32f10x_i2c.o(.text)
    I2C_Init                                 0x08009d8b   Thumb Code   176  stm32f10x_i2c.o(.text)
    I2C_StructInit                           0x08009e3b   Thumb Code    28  stm32f10x_i2c.o(.text)
    I2C_Cmd                                  0x08009e57   Thumb Code    20  stm32f10x_i2c.o(.text)
    I2C_DMACmd                               0x08009e6b   Thumb Code    20  stm32f10x_i2c.o(.text)
    I2C_DMALastTransferCmd                   0x08009e7f   Thumb Code    20  stm32f10x_i2c.o(.text)
    I2C_GenerateSTART                        0x08009e93   Thumb Code    20  stm32f10x_i2c.o(.text)
    I2C_GenerateSTOP                         0x08009ea7   Thumb Code    20  stm32f10x_i2c.o(.text)
    I2C_AcknowledgeConfig                    0x08009ebb   Thumb Code    20  stm32f10x_i2c.o(.text)
    I2C_OwnAddress2Config                    0x08009ecf   Thumb Code    16  stm32f10x_i2c.o(.text)
    I2C_DualAddressCmd                       0x08009edf   Thumb Code    20  stm32f10x_i2c.o(.text)
    I2C_GeneralCallCmd                       0x08009ef3   Thumb Code    20  stm32f10x_i2c.o(.text)
    I2C_ITConfig                             0x08009f07   Thumb Code    16  stm32f10x_i2c.o(.text)
    I2C_SendData                             0x08009f17   Thumb Code     4  stm32f10x_i2c.o(.text)
    I2C_ReceiveData                          0x08009f1b   Thumb Code     6  stm32f10x_i2c.o(.text)
    I2C_Send7bitAddress                      0x08009f21   Thumb Code    16  stm32f10x_i2c.o(.text)
    I2C_ReadRegister                         0x08009f31   Thumb Code     4  stm32f10x_i2c.o(.text)
    I2C_SoftwareResetCmd                     0x08009f35   Thumb Code    20  stm32f10x_i2c.o(.text)
    I2C_NACKPositionConfig                   0x08009f49   Thumb Code    22  stm32f10x_i2c.o(.text)
    I2C_SMBusAlertConfig                     0x08009f5f   Thumb Code    22  stm32f10x_i2c.o(.text)
    I2C_TransmitPEC                          0x08009f75   Thumb Code    20  stm32f10x_i2c.o(.text)
    I2C_PECPositionConfig                    0x08009f89   Thumb Code    22  stm32f10x_i2c.o(.text)
    I2C_CalculatePEC                         0x08009f9f   Thumb Code    20  stm32f10x_i2c.o(.text)
    I2C_GetPEC                               0x08009fb3   Thumb Code     6  stm32f10x_i2c.o(.text)
    I2C_ARPCmd                               0x08009fb9   Thumb Code    20  stm32f10x_i2c.o(.text)
    I2C_StretchClockCmd                      0x08009fcd   Thumb Code    20  stm32f10x_i2c.o(.text)
    I2C_FastModeDutyCycleConfig              0x08009fe1   Thumb Code    22  stm32f10x_i2c.o(.text)
    I2C_CheckEvent                           0x08009ff7   Thumb Code    24  stm32f10x_i2c.o(.text)
    I2C_GetLastEvent                         0x0800a00f   Thumb Code    14  stm32f10x_i2c.o(.text)
    I2C_GetFlagStatus                        0x0800a01d   Thumb Code    30  stm32f10x_i2c.o(.text)
    I2C_ClearFlag                            0x0800a03b   Thumb Code     6  stm32f10x_i2c.o(.text)
    I2C_GetITStatus                          0x0800a041   Thumb Code    32  stm32f10x_i2c.o(.text)
    I2C_ClearITPendingBit                    0x0800a061   Thumb Code     6  stm32f10x_i2c.o(.text)
    RCC_DeInit                               0x0800a075   Thumb Code    50  stm32f10x_rcc.o(.text)
    RCC_HSEConfig                            0x0800a0a7   Thumb Code    48  stm32f10x_rcc.o(.text)
    RCC_GetFlagStatus                        0x0800a0d7   Thumb Code    42  stm32f10x_rcc.o(.text)
    RCC_WaitForHSEStartUp                    0x0800a101   Thumb Code    38  stm32f10x_rcc.o(.text)
    RCC_AdjustHSICalibrationValue            0x0800a127   Thumb Code    16  stm32f10x_rcc.o(.text)
    RCC_HSICmd                               0x0800a137   Thumb Code     6  stm32f10x_rcc.o(.text)
    RCC_PLLConfig                            0x0800a13d   Thumb Code    16  stm32f10x_rcc.o(.text)
    RCC_PLLCmd                               0x0800a14d   Thumb Code     6  stm32f10x_rcc.o(.text)
    RCC_SYSCLKConfig                         0x0800a153   Thumb Code    14  stm32f10x_rcc.o(.text)
    RCC_GetSYSCLKSource                      0x0800a161   Thumb Code    10  stm32f10x_rcc.o(.text)
    RCC_HCLKConfig                           0x0800a16b   Thumb Code    14  stm32f10x_rcc.o(.text)
    RCC_PCLK1Config                          0x0800a179   Thumb Code    14  stm32f10x_rcc.o(.text)
    RCC_PCLK2Config                          0x0800a187   Thumb Code    16  stm32f10x_rcc.o(.text)
    RCC_ITConfig                             0x0800a197   Thumb Code    18  stm32f10x_rcc.o(.text)
    RCC_USBCLKConfig                         0x0800a1a9   Thumb Code     6  stm32f10x_rcc.o(.text)
    RCC_ADCCLKConfig                         0x0800a1af   Thumb Code    14  stm32f10x_rcc.o(.text)
    RCC_LSEConfig                            0x0800a1bd   Thumb Code    26  stm32f10x_rcc.o(.text)
    RCC_LSICmd                               0x0800a1d7   Thumb Code     6  stm32f10x_rcc.o(.text)
    RCC_RTCCLKConfig                         0x0800a1dd   Thumb Code    10  stm32f10x_rcc.o(.text)
    RCC_RTCCLKCmd                            0x0800a1e7   Thumb Code     8  stm32f10x_rcc.o(.text)
    RCC_GetClocksFreq                        0x0800a1ef   Thumb Code   138  stm32f10x_rcc.o(.text)
    RCC_AHBPeriphClockCmd                    0x0800a279   Thumb Code    18  stm32f10x_rcc.o(.text)
    RCC_APB2PeriphClockCmd                   0x0800a28b   Thumb Code    18  stm32f10x_rcc.o(.text)
    RCC_APB1PeriphClockCmd                   0x0800a29d   Thumb Code    18  stm32f10x_rcc.o(.text)
    RCC_APB2PeriphResetCmd                   0x0800a2af   Thumb Code    18  stm32f10x_rcc.o(.text)
    RCC_APB1PeriphResetCmd                   0x0800a2c1   Thumb Code    18  stm32f10x_rcc.o(.text)
    RCC_BackupResetCmd                       0x0800a2d3   Thumb Code     8  stm32f10x_rcc.o(.text)
    RCC_ClockSecuritySystemCmd               0x0800a2db   Thumb Code     6  stm32f10x_rcc.o(.text)
    RCC_MCOConfig                            0x0800a2e1   Thumb Code     6  stm32f10x_rcc.o(.text)
    RCC_ClearFlag                            0x0800a2e7   Thumb Code    12  stm32f10x_rcc.o(.text)
    RCC_GetITStatus                          0x0800a2f3   Thumb Code    16  stm32f10x_rcc.o(.text)
    RCC_ClearITPendingBit                    0x0800a303   Thumb Code     6  stm32f10x_rcc.o(.text)
    TIM_DeInit                               0x0800a331   Thumb Code   304  stm32f10x_tim.o(.text)
    TIM_TimeBaseInit                         0x0800a461   Thumb Code   114  stm32f10x_tim.o(.text)
    TIM_OC1Init                              0x0800a4d3   Thumb Code   106  stm32f10x_tim.o(.text)
    TIM_OC2Init                              0x0800a53d   Thumb Code   116  stm32f10x_tim.o(.text)
    TIM_OC3Init                              0x0800a5b1   Thumb Code   112  stm32f10x_tim.o(.text)
    TIM_OC4Init                              0x0800a621   Thumb Code    86  stm32f10x_tim.o(.text)
    TIM_SetIC4Prescaler                      0x0800a677   Thumb Code    18  stm32f10x_tim.o(.text)
    TIM_SetIC3Prescaler                      0x0800a689   Thumb Code    16  stm32f10x_tim.o(.text)
    TIM_SetIC2Prescaler                      0x0800a699   Thumb Code    18  stm32f10x_tim.o(.text)
    TIM_SetIC1Prescaler                      0x0800a74d   Thumb Code    16  stm32f10x_tim.o(.text)
    TIM_ICInit                               0x0800a7b1   Thumb Code   262  stm32f10x_tim.o(.text)
    TIM_PWMIConfig                           0x0800a8b7   Thumb Code   104  stm32f10x_tim.o(.text)
    TIM_BDTRConfig                           0x0800a91f   Thumb Code    34  stm32f10x_tim.o(.text)
    TIM_TimeBaseStructInit                   0x0800a941   Thumb Code    18  stm32f10x_tim.o(.text)
    TIM_OCStructInit                         0x0800a953   Thumb Code    20  stm32f10x_tim.o(.text)
    TIM_ICStructInit                         0x0800a967   Thumb Code    16  stm32f10x_tim.o(.text)
    TIM_BDTRStructInit                       0x0800a977   Thumb Code    18  stm32f10x_tim.o(.text)
    TIM_Cmd                                  0x0800a989   Thumb Code    20  stm32f10x_tim.o(.text)
    TIM_CtrlPWMOutputs                       0x0800a99d   Thumb Code    22  stm32f10x_tim.o(.text)
    TIM_ITConfig                             0x0800a9b3   Thumb Code    16  stm32f10x_tim.o(.text)
    TIM_GenerateEvent                        0x0800a9c3   Thumb Code     4  stm32f10x_tim.o(.text)
    TIM_DMAConfig                            0x0800a9c7   Thumb Code     8  stm32f10x_tim.o(.text)
    TIM_DMACmd                               0x0800a9cf   Thumb Code    16  stm32f10x_tim.o(.text)
    TIM_InternalClockConfig                  0x0800a9df   Thumb Code    10  stm32f10x_tim.o(.text)
    TIM_SelectInputTrigger                   0x0800a9e9   Thumb Code    12  stm32f10x_tim.o(.text)
    TIM_ITRxExternalClockConfig              0x0800a9f5   Thumb Code    18  stm32f10x_tim.o(.text)
    TIM_TIxExternalClockConfig               0x0800aa07   Thumb Code    44  stm32f10x_tim.o(.text)
    TIM_ETRConfig                            0x0800aa33   Thumb Code    18  stm32f10x_tim.o(.text)
    TIM_ETRClockMode1Config                  0x0800aa45   Thumb Code    18  stm32f10x_tim.o(.text)
    TIM_ETRClockMode2Config                  0x0800aa57   Thumb Code    18  stm32f10x_tim.o(.text)
    TIM_PrescalerConfig                      0x0800aa69   Thumb Code     6  stm32f10x_tim.o(.text)
    TIM_CounterModeConfig                    0x0800aa6f   Thumb Code    12  stm32f10x_tim.o(.text)
    TIM_EncoderInterfaceConfig               0x0800aa7b   Thumb Code    44  stm32f10x_tim.o(.text)
    TIM_ForcedOC1Config                      0x0800aaa7   Thumb Code    12  stm32f10x_tim.o(.text)
    TIM_ForcedOC2Config                      0x0800aab3   Thumb Code    14  stm32f10x_tim.o(.text)
    TIM_ForcedOC3Config                      0x0800aac1   Thumb Code    12  stm32f10x_tim.o(.text)
    TIM_ForcedOC4Config                      0x0800aacd   Thumb Code    14  stm32f10x_tim.o(.text)
    TIM_ARRPreloadConfig                     0x0800aadb   Thumb Code    20  stm32f10x_tim.o(.text)
    TIM_SelectCOM                            0x0800aaef   Thumb Code    20  stm32f10x_tim.o(.text)
    TIM_SelectCCDMA                          0x0800ab03   Thumb Code    20  stm32f10x_tim.o(.text)
    TIM_CCPreloadControl                     0x0800ab17   Thumb Code    20  stm32f10x_tim.o(.text)
    TIM_OC1PreloadConfig                     0x0800ab2b   Thumb Code    12  stm32f10x_tim.o(.text)
    TIM_OC2PreloadConfig                     0x0800ab37   Thumb Code    14  stm32f10x_tim.o(.text)
    TIM_OC3PreloadConfig                     0x0800ab45   Thumb Code    32  stm32f10x_tim.o(.text)
    TIM_OC4PreloadConfig                     0x0800ab65   Thumb Code    14  stm32f10x_tim.o(.text)
    TIM_OC1FastConfig                        0x0800ab73   Thumb Code    12  stm32f10x_tim.o(.text)
    TIM_OC2FastConfig                        0x0800ab7f   Thumb Code    14  stm32f10x_tim.o(.text)
    TIM_OC3FastConfig                        0x0800ab8d   Thumb Code    12  stm32f10x_tim.o(.text)
    TIM_OC4FastConfig                        0x0800ab99   Thumb Code    14  stm32f10x_tim.o(.text)
    TIM_ClearOC1Ref                          0x0800aba7   Thumb Code    12  stm32f10x_tim.o(.text)
    TIM_ClearOC2Ref                          0x0800abb3   Thumb Code    14  stm32f10x_tim.o(.text)
    TIM_ClearOC3Ref                          0x0800abc1   Thumb Code    12  stm32f10x_tim.o(.text)
    TIM_ClearOC4Ref                          0x0800abcd   Thumb Code    14  stm32f10x_tim.o(.text)
    TIM_OC1PolarityConfig                    0x0800abdb   Thumb Code    12  stm32f10x_tim.o(.text)
    TIM_OC1NPolarityConfig                   0x0800abe7   Thumb Code    12  stm32f10x_tim.o(.text)
    TIM_OC2PolarityConfig                    0x0800abf3   Thumb Code    14  stm32f10x_tim.o(.text)
    TIM_OC2NPolarityConfig                   0x0800ac01   Thumb Code    14  stm32f10x_tim.o(.text)
    TIM_OC3PolarityConfig                    0x0800ac0f   Thumb Code    14  stm32f10x_tim.o(.text)
    TIM_OC3NPolarityConfig                   0x0800ac1d   Thumb Code    14  stm32f10x_tim.o(.text)
    TIM_OC4PolarityConfig                    0x0800ac2b   Thumb Code    14  stm32f10x_tim.o(.text)
    TIM_CCxCmd                               0x0800ac39   Thumb Code    22  stm32f10x_tim.o(.text)
    TIM_CCxNCmd                              0x0800ac4f   Thumb Code    22  stm32f10x_tim.o(.text)
    TIM_SelectOCxM                           0x0800ac65   Thumb Code    66  stm32f10x_tim.o(.text)
    TIM_UpdateDisableConfig                  0x0800aca7   Thumb Code    20  stm32f10x_tim.o(.text)
    TIM_UpdateRequestConfig                  0x0800acbb   Thumb Code    20  stm32f10x_tim.o(.text)
    TIM_SelectHallSensor                     0x0800accf   Thumb Code    20  stm32f10x_tim.o(.text)
    TIM_SelectOnePulseMode                   0x0800ace3   Thumb Code    16  stm32f10x_tim.o(.text)
    TIM_SelectOutputTrigger                  0x0800acf3   Thumb Code    16  stm32f10x_tim.o(.text)
    TIM_SelectSlaveMode                      0x0800ad03   Thumb Code    16  stm32f10x_tim.o(.text)
    TIM_SelectMasterSlaveMode                0x0800ad13   Thumb Code    16  stm32f10x_tim.o(.text)
    TIM_SetCounter                           0x0800ad23   Thumb Code     4  stm32f10x_tim.o(.text)
    TIM_SetAutoreload                        0x0800ad27   Thumb Code     4  stm32f10x_tim.o(.text)
    TIM_SetCompare1                          0x0800ad2b   Thumb Code     4  stm32f10x_tim.o(.text)
    TIM_SetCompare2                          0x0800ad2f   Thumb Code     4  stm32f10x_tim.o(.text)
    TIM_SetCompare3                          0x0800ad33   Thumb Code     4  stm32f10x_tim.o(.text)
    TIM_SetCompare4                          0x0800ad37   Thumb Code     6  stm32f10x_tim.o(.text)
    TIM_SetClockDivision                     0x0800ad3d   Thumb Code    16  stm32f10x_tim.o(.text)
    TIM_GetCapture1                          0x0800ad4d   Thumb Code     4  stm32f10x_tim.o(.text)
    TIM_GetCapture2                          0x0800ad51   Thumb Code     4  stm32f10x_tim.o(.text)
    TIM_GetCapture3                          0x0800ad55   Thumb Code     4  stm32f10x_tim.o(.text)
    TIM_GetCapture4                          0x0800ad59   Thumb Code     6  stm32f10x_tim.o(.text)
    TIM_GetCounter                           0x0800ad5f   Thumb Code     4  stm32f10x_tim.o(.text)
    TIM_GetPrescaler                         0x0800ad63   Thumb Code     4  stm32f10x_tim.o(.text)
    TIM_GetFlagStatus                        0x0800ad67   Thumb Code    14  stm32f10x_tim.o(.text)
    TIM_ClearFlag                            0x0800ad75   Thumb Code     6  stm32f10x_tim.o(.text)
    TIM_GetITStatus                          0x0800ad7b   Thumb Code    22  stm32f10x_tim.o(.text)
    TIM_ClearITPendingBit                    0x0800ad91   Thumb Code     6  stm32f10x_tim.o(.text)
    USART_DeInit                             0x0800ad99   Thumb Code    96  stm32f10x_usart.o(.text)
    USART_Init                               0x0800adf9   Thumb Code   176  stm32f10x_usart.o(.text)
    USART_StructInit                         0x0800aea9   Thumb Code    22  stm32f10x_usart.o(.text)
    USART_ClockInit                          0x0800aebf   Thumb Code    30  stm32f10x_usart.o(.text)
    USART_ClockStructInit                    0x0800aedd   Thumb Code    12  stm32f10x_usart.o(.text)
    USART_Cmd                                0x0800aee9   Thumb Code    20  stm32f10x_usart.o(.text)
    USART_ITConfig                           0x0800aefd   Thumb Code    48  stm32f10x_usart.o(.text)
    USART_DMACmd                             0x0800af2d   Thumb Code    16  stm32f10x_usart.o(.text)
    USART_SetAddress                         0x0800af3d   Thumb Code    16  stm32f10x_usart.o(.text)
    USART_WakeUpConfig                       0x0800af4d   Thumb Code    16  stm32f10x_usart.o(.text)
    USART_ReceiverWakeUpCmd                  0x0800af5d   Thumb Code    20  stm32f10x_usart.o(.text)
    USART_LINBreakDetectLengthConfig         0x0800af71   Thumb Code    16  stm32f10x_usart.o(.text)
    USART_LINCmd                             0x0800af81   Thumb Code    20  stm32f10x_usart.o(.text)
    USART_SendData                           0x0800af95   Thumb Code     8  stm32f10x_usart.o(.text)
    USART_ReceiveData                        0x0800af9d   Thumb Code     8  stm32f10x_usart.o(.text)
    USART_SendBreak                          0x0800afa5   Thumb Code    10  stm32f10x_usart.o(.text)
    USART_SetGuardTime                       0x0800afaf   Thumb Code    16  stm32f10x_usart.o(.text)
    USART_SetPrescaler                       0x0800afbf   Thumb Code    16  stm32f10x_usart.o(.text)
    USART_SmartCardCmd                       0x0800afcf   Thumb Code    20  stm32f10x_usart.o(.text)
    USART_SmartCardNACKCmd                   0x0800afe3   Thumb Code    20  stm32f10x_usart.o(.text)
    USART_HalfDuplexCmd                      0x0800aff7   Thumb Code    20  stm32f10x_usart.o(.text)
    USART_OverSampling8Cmd                   0x0800b00b   Thumb Code    20  stm32f10x_usart.o(.text)
    USART_OneBitMethodCmd                    0x0800b01f   Thumb Code    20  stm32f10x_usart.o(.text)
    USART_IrDAConfig                         0x0800b033   Thumb Code    16  stm32f10x_usart.o(.text)
    USART_IrDACmd                            0x0800b043   Thumb Code    20  stm32f10x_usart.o(.text)
    USART_GetFlagStatus                      0x0800b057   Thumb Code    14  stm32f10x_usart.o(.text)
    USART_ClearFlag                          0x0800b065   Thumb Code     6  stm32f10x_usart.o(.text)
    USART_GetITStatus                        0x0800b06b   Thumb Code    62  stm32f10x_usart.o(.text)
    USART_ClearITPendingBit                  0x0800b0a9   Thumb Code    12  stm32f10x_usart.o(.text)
    GPIO_DeInit                              0x0800b0c9   Thumb Code   152  stm32f10x_gpio.o(.text)
    GPIO_AFIODeInit                          0x0800b161   Thumb Code    22  stm32f10x_gpio.o(.text)
    GPIO_Init                                0x0800b177   Thumb Code   162  stm32f10x_gpio.o(.text)
    GPIO_StructInit                          0x0800b219   Thumb Code    16  stm32f10x_gpio.o(.text)
    GPIO_ReadInputDataBit                    0x0800b229   Thumb Code    14  stm32f10x_gpio.o(.text)
    GPIO_ReadInputData                       0x0800b237   Thumb Code     6  stm32f10x_gpio.o(.text)
    GPIO_ReadOutputDataBit                   0x0800b23d   Thumb Code    14  stm32f10x_gpio.o(.text)
    GPIO_ReadOutputData                      0x0800b24b   Thumb Code     6  stm32f10x_gpio.o(.text)
    GPIO_SetBits                             0x0800b251   Thumb Code     4  stm32f10x_gpio.o(.text)
    GPIO_ResetBits                           0x0800b255   Thumb Code     4  stm32f10x_gpio.o(.text)
    GPIO_WriteBit                            0x0800b259   Thumb Code    10  stm32f10x_gpio.o(.text)
    GPIO_Write                               0x0800b263   Thumb Code     4  stm32f10x_gpio.o(.text)
    GPIO_PinLockConfig                       0x0800b267   Thumb Code    16  stm32f10x_gpio.o(.text)
    GPIO_EventOutputConfig                   0x0800b277   Thumb Code    22  stm32f10x_gpio.o(.text)
    GPIO_EventOutputCmd                      0x0800b28d   Thumb Code     6  stm32f10x_gpio.o(.text)
    GPIO_PinRemapConfig                      0x0800b293   Thumb Code    82  stm32f10x_gpio.o(.text)
    GPIO_EXTILineConfig                      0x0800b2e5   Thumb Code    34  stm32f10x_gpio.o(.text)
    GPIO_ETH_MediaInterfaceConfig            0x0800b307   Thumb Code     6  stm32f10x_gpio.o(.text)
    FLASH_SetLatency                         0x0800b335   Thumb Code    14  stm32f10x_flash.o(.text)
    FLASH_HalfCycleAccessCmd                 0x0800b343   Thumb Code    18  stm32f10x_flash.o(.text)
    FLASH_PrefetchBufferCmd                  0x0800b355   Thumb Code    18  stm32f10x_flash.o(.text)
    FLASH_Unlock                             0x0800b367   Thumb Code    12  stm32f10x_flash.o(.text)
    FLASH_UnlockBank1                        0x0800b373   Thumb Code    12  stm32f10x_flash.o(.text)
    FLASH_Lock                               0x0800b37f   Thumb Code    12  stm32f10x_flash.o(.text)
    FLASH_LockBank1                          0x0800b38b   Thumb Code    12  stm32f10x_flash.o(.text)
    FLASH_GetBank1Status                     0x0800b397   Thumb Code    34  stm32f10x_flash.o(.text)
    FLASH_WaitForLastOperation               0x0800b3b9   Thumb Code    36  stm32f10x_flash.o(.text)
    FLASH_ErasePage                          0x0800b3dd   Thumb Code    56  stm32f10x_flash.o(.text)
    FLASH_EraseAllPages                      0x0800b415   Thumb Code    52  stm32f10x_flash.o(.text)
    FLASH_WaitForLastBank1Operation          0x0800b449   Thumb Code    36  stm32f10x_flash.o(.text)
    FLASH_EraseAllBank1Pages                 0x0800b46d   Thumb Code    52  stm32f10x_flash.o(.text)
    FLASH_GetReadOutProtectionStatus         0x0800b4a1   Thumb Code    14  stm32f10x_flash.o(.text)
    FLASH_EraseOptionBytes                   0x0800b4af   Thumb Code   108  stm32f10x_flash.o(.text)
    FLASH_ProgramWord                        0x0800b51b   Thumb Code    64  stm32f10x_flash.o(.text)
    FLASH_ProgramHalfWord                    0x0800b55b   Thumb Code    48  stm32f10x_flash.o(.text)
    FLASH_ProgramOptionByteData              0x0800b58b   Thumb Code    62  stm32f10x_flash.o(.text)
    FLASH_EnableWriteProtection              0x0800b5c9   Thumb Code   158  stm32f10x_flash.o(.text)
    FLASH_ReadOutProtection                  0x0800b667   Thumb Code   118  stm32f10x_flash.o(.text)
    FLASH_UserOptionByteConfig               0x0800b6dd   Thumb Code    92  stm32f10x_flash.o(.text)
    FLASH_GetUserOptionByte                  0x0800b739   Thumb Code     8  stm32f10x_flash.o(.text)
    FLASH_GetWriteProtectionOptionByte       0x0800b741   Thumb Code     6  stm32f10x_flash.o(.text)
    FLASH_GetPrefetchBufferStatus            0x0800b747   Thumb Code    14  stm32f10x_flash.o(.text)
    FLASH_ITConfig                           0x0800b755   Thumb Code    18  stm32f10x_flash.o(.text)
    FLASH_GetFlagStatus                      0x0800b767   Thumb Code    28  stm32f10x_flash.o(.text)
    FLASH_ClearFlag                          0x0800b783   Thumb Code     6  stm32f10x_flash.o(.text)
    FLASH_GetStatus                          0x0800b789   Thumb Code    34  stm32f10x_flash.o(.text)
    Reset_Handler                            0x0800b7b1   Thumb Code    20  startup_stm32f10x_md.o(.text)
    Reboot_Loader                            0x0800b7c5   Thumb Code    44  startup_stm32f10x_md.o(.text)
    NMI_Handler                              0x0800b7f1   Thumb Code     2  startup_stm32f10x_md.o(.text)
    MemManage_Handler                        0x0800b7f5   Thumb Code     2  startup_stm32f10x_md.o(.text)
    BusFault_Handler                         0x0800b7f7   Thumb Code     2  startup_stm32f10x_md.o(.text)
    UsageFault_Handler                       0x0800b7f9   Thumb Code     2  startup_stm32f10x_md.o(.text)
    SVC_Handler                              0x0800b7fb   Thumb Code     2  startup_stm32f10x_md.o(.text)
    DebugMon_Handler                         0x0800b7fd   Thumb Code     2  startup_stm32f10x_md.o(.text)
    PendSV_Handler                           0x0800b7ff   Thumb Code     2  startup_stm32f10x_md.o(.text)
    ADC1_2_IRQHandler                        0x0800b803   Thumb Code     0  startup_stm32f10x_md.o(.text)
    CAN1_RX1_IRQHandler                      0x0800b803   Thumb Code     0  startup_stm32f10x_md.o(.text)
    CAN1_SCE_IRQHandler                      0x0800b803   Thumb Code     0  startup_stm32f10x_md.o(.text)
    DMA1_Channel1_IRQHandler                 0x0800b803   Thumb Code     0  startup_stm32f10x_md.o(.text)
    DMA1_Channel2_IRQHandler                 0x0800b803   Thumb Code     0  startup_stm32f10x_md.o(.text)
    DMA1_Channel3_IRQHandler                 0x0800b803   Thumb Code     0  startup_stm32f10x_md.o(.text)
    DMA1_Channel5_IRQHandler                 0x0800b803   Thumb Code     0  startup_stm32f10x_md.o(.text)
    DMA1_Channel6_IRQHandler                 0x0800b803   Thumb Code     0  startup_stm32f10x_md.o(.text)
    DMA1_Channel7_IRQHandler                 0x0800b803   Thumb Code     0  startup_stm32f10x_md.o(.text)
    EXTI0_IRQHandler                         0x0800b803   Thumb Code     0  startup_stm32f10x_md.o(.text)
    EXTI2_IRQHandler                         0x0800b803   Thumb Code     0  startup_stm32f10x_md.o(.text)
    EXTI3_IRQHandler                         0x0800b803   Thumb Code     0  startup_stm32f10x_md.o(.text)
    EXTI4_IRQHandler                         0x0800b803   Thumb Code     0  startup_stm32f10x_md.o(.text)
    FLASH_IRQHandler                         0x0800b803   Thumb Code     0  startup_stm32f10x_md.o(.text)
    PVD_IRQHandler                           0x0800b803   Thumb Code     0  startup_stm32f10x_md.o(.text)
    RCC_IRQHandler                           0x0800b803   Thumb Code     0  startup_stm32f10x_md.o(.text)
    RTCAlarm_IRQHandler                      0x0800b803   Thumb Code     0  startup_stm32f10x_md.o(.text)
    RTC_IRQHandler                           0x0800b803   Thumb Code     0  startup_stm32f10x_md.o(.text)
    SPI1_IRQHandler                          0x0800b803   Thumb Code     0  startup_stm32f10x_md.o(.text)
    SPI2_IRQHandler                          0x0800b803   Thumb Code     0  startup_stm32f10x_md.o(.text)
    TAMPER_IRQHandler                        0x0800b803   Thumb Code     0  startup_stm32f10x_md.o(.text)
    TIM1_BRK_IRQHandler                      0x0800b803   Thumb Code     0  startup_stm32f10x_md.o(.text)
    TIM1_TRG_COM_IRQHandler                  0x0800b803   Thumb Code     0  startup_stm32f10x_md.o(.text)
    TIM1_UP_IRQHandler                       0x0800b803   Thumb Code     0  startup_stm32f10x_md.o(.text)
    USART1_IRQHandler                        0x0800b803   Thumb Code     0  startup_stm32f10x_md.o(.text)
    USART3_IRQHandler                        0x0800b803   Thumb Code     0  startup_stm32f10x_md.o(.text)
    USBWakeUp_IRQHandler                     0x0800b803   Thumb Code     0  startup_stm32f10x_md.o(.text)
    USB_HP_CAN1_TX_IRQHandler                0x0800b803   Thumb Code     0  startup_stm32f10x_md.o(.text)
    USB_LP_CAN1_RX0_IRQHandler               0x0800b803   Thumb Code     0  startup_stm32f10x_md.o(.text)
    WWDG_IRQHandler                          0x0800b803   Thumb Code     0  startup_stm32f10x_md.o(.text)
    __aeabi_lasr                             0x0800b82d   Thumb Code    36  llsshr.o(.text)
    _ll_sshift_r                             0x0800b82d   Thumb Code     0  llsshr.o(.text)
    __rt_ctype_table                         0x0800b851   Thumb Code     4  ctype_o.o(.text)
    toupper                                  0x0800b859   Thumb Code    12  toupper.o(.text)
    bsearch                                  0x0800b865   Thumb Code    70  bsearch.o(.text)
    __aeabi_memcpy                           0x0800b8ab   Thumb Code    36  memcpya.o(.text)
    __aeabi_memcpy4                          0x0800b8ab   Thumb Code     0  memcpya.o(.text)
    __aeabi_memcpy8                          0x0800b8ab   Thumb Code     0  memcpya.o(.text)
    __aeabi_memset                           0x0800b8cf   Thumb Code    14  memseta.o(.text)
    __aeabi_memset4                          0x0800b8cf   Thumb Code     0  memseta.o(.text)
    __aeabi_memset8                          0x0800b8cf   Thumb Code     0  memseta.o(.text)
    __aeabi_memclr                           0x0800b8dd   Thumb Code     4  memseta.o(.text)
    __aeabi_memclr4                          0x0800b8dd   Thumb Code     0  memseta.o(.text)
    __aeabi_memclr8                          0x0800b8dd   Thumb Code     0  memseta.o(.text)
    _memset$wrapper                          0x0800b8e1   Thumb Code    20  memseta.o(.text)
    strstr                                   0x0800b8f5   Thumb Code    44  strstr.o(.text)
    strchr                                   0x0800b921   Thumb Code    18  strchr.o(.text)
    strlen                                   0x0800b933   Thumb Code    16  strlen.o(.text)
    strncasecmp                              0x0800b943   Thumb Code    50  strncasecmp.o(.text)
    atoi                                     0x0800b975   Thumb Code    26  atoi.o(.text)
    __aeabi_fadd                             0x0800b98f   Thumb Code   164  fadd.o(.text)
    __aeabi_fsub                             0x0800ba33   Thumb Code     6  fadd.o(.text)
    __aeabi_frsub                            0x0800ba39   Thumb Code     6  fadd.o(.text)
    __aeabi_fmul                             0x0800ba3f   Thumb Code   108  fmul.o(.text)
    __aeabi_fdiv                             0x0800baab   Thumb Code   128  fdiv.o(.text)
    __aeabi_dadd                             0x0800bb2b   Thumb Code   320  dadd.o(.text)
    __aeabi_dsub                             0x0800bc6b   Thumb Code     6  dadd.o(.text)
    __aeabi_drsub                            0x0800bc71   Thumb Code     6  dadd.o(.text)
    __aeabi_dmul                             0x0800bc77   Thumb Code   224  dmul.o(.text)
    __aeabi_i2f                              0x0800bd57   Thumb Code    18  fflti.o(.text)
    __aeabi_ui2f                             0x0800bd69   Thumb Code    10  ffltui.o(.text)
    __aeabi_f2iz                             0x0800bd73   Thumb Code    50  ffixi.o(.text)
    __aeabi_f2uiz                            0x0800bda5   Thumb Code    40  ffixui.o(.text)
    __aeabi_d2iz                             0x0800bdcd   Thumb Code    62  dfixi.o(.text)
    __aeabi_f2d                              0x0800be0b   Thumb Code    44  f2d.o(.text)
    __aeabi_cfcmpeq                          0x0800be39   Thumb Code     0  cfcmple.o(.text)
    __aeabi_cfcmple                          0x0800be39   Thumb Code    20  cfcmple.o(.text)
    __aeabi_cfrcmple                         0x0800be4d   Thumb Code    20  cfrcmple.o(.text)
    __aeabi_llsl                             0x0800be61   Thumb Code    30  llshl.o(.text)
    _ll_shift_l                              0x0800be61   Thumb Code     0  llshl.o(.text)
    __aeabi_llsr                             0x0800be7f   Thumb Code    32  llushr.o(.text)
    _ll_ushift_r                             0x0800be7f   Thumb Code     0  llushr.o(.text)
    tolower                                  0x0800be9f   Thumb Code    12  tolower.o(.text)
    strtol                                   0x0800beab   Thumb Code   112  strtol.o(.text)
    __I$use$fp                               0x0800bf1b   Thumb Code     0  iusefp.o(.text)
    _float_round                             0x0800bf1b   Thumb Code    18  fepilogue.o(.text)
    _float_epilogue                          0x0800bf2d   Thumb Code    90  fepilogue.o(.text)
    __ARM_scalbnf                            0x0800bf87   Thumb Code    24  fscalb.o(.text)
    scalbnf                                  0x0800bf87   Thumb Code     0  fscalb.o(.text)
    _fsqrt                                   0x0800bf9f   Thumb Code    94  fsqrt.o(.text)
    _frnd                                    0x0800bffd   Thumb Code    60  frnd.o(.text)
    _double_round                            0x0800c039   Thumb Code    26  depilogue.o(.text)
    _double_epilogue                         0x0800c053   Thumb Code   164  depilogue.o(.text)
    __aeabi_ddiv                             0x0800c0f7   Thumb Code   222  ddiv.o(.text)
    __ARM_scalbn                             0x0800c1d5   Thumb Code    46  dscalb.o(.text)
    scalbn                                   0x0800c1d5   Thumb Code     0  dscalb.o(.text)
    __aeabi_i2d                              0x0800c203   Thumb Code    34  dflti.o(.text)
    __aeabi_cdrcmple                         0x0800c225   Thumb Code    38  cdrcmple.o(.text)
    __scatterload                            0x0800c24d   Thumb Code    28  init.o(.text)
    __scatterload_rt2                        0x0800c24d   Thumb Code     0  init.o(.text)
    _strtoul                                 0x0800c271   Thumb Code   158  _strtoul.o(.text)
    _dsqrt                                   0x0800c30f   Thumb Code   162  dsqrt.o(.text)
    _chval                                   0x0800c3b1   Thumb Code    28  _chval.o(.text)
    __decompress                             0x0800c3cd   Thumb Code     0  __dczerorl2.o(.text)
    __decompress1                            0x0800c3cd   Thumb Code    92  __dczerorl2.o(.text)
    __ARM_fpclassify                         0x0800c429   Thumb Code    40  fpclassify.o(i.__ARM_fpclassify)
    __ARM_fpclassifyf                        0x0800c451   Thumb Code    38  fpclassifyf.o(i.__ARM_fpclassifyf)
    __aeabi_errno_addr                       0x0800c479   Thumb Code     4  errno.o(i.__aeabi_errno_addr)
    __rt_errno_addr                          0x0800c479   Thumb Code     0  errno.o(i.__aeabi_errno_addr)
    __kernel_poly                            0x0800c481   Thumb Code   170  poly.o(i.__kernel_poly)
    __mathlib_dbl_underflow                  0x0800c52d   Thumb Code    10  dunder.o(i.__mathlib_dbl_underflow)
    __mathlib_flt_underflow                  0x0800c53d   Thumb Code    10  funder.o(i.__mathlib_flt_underflow)
    __mathlib_rredf2                         0x0800c549   Thumb Code   328  rredf.o(i.__mathlib_rredf2)
    __scatterload_copy                       0x0800c6a1   Thumb Code    14  handlers.o(i.__scatterload_copy)
    __scatterload_null                       0x0800c6af   Thumb Code     2  handlers.o(i.__scatterload_null)
    __scatterload_zeroinit                   0x0800c6b1   Thumb Code    14  handlers.o(i.__scatterload_zeroinit)
    __set_errno                              0x0800c6c1   Thumb Code     6  errno.o(i.__set_errno)
    atan2f                                   0x0800c6cd   Thumb Code   520  atan2f.o(i.atan2f)
    cosf                                     0x0800c921   Thumb Code   332  cosf.o(i.cosf)
    pow                                      0x0800caa1   Thumb Code  2522  pow.o(i.pow)
    sinf                                     0x0800d48d   Thumb Code   342  sinf.o(i.sinf)
    sqrt                                     0x0800d619   Thumb Code    76  sqrt.o(i.sqrt)
    sqrtf                                    0x0800d665   Thumb Code    44  sqrtf.o(i.sqrtf)
    cmdTable                                 0x0800d690   Data         120  cli.o(.constdata)
    valueTable                               0x0800d708   Data        1400  cli.o(.constdata)
    rcChannelLetters                         0x0800dc80   Data           9  config.o(.constdata)
    __ctype_table                            0x0800ddf8   Data         129  ctype_o.o(.constdata)
    __mathlib_zero                           0x0800de80   Data           8  qnan.o(.constdata)
    Region$$Table$$Base                      0x0800e3e8   Number         0  anon$$obj.o(Region$$Table)
    Region$$Table$$Limit                     0x0800e408   Number         0  anon$$obj.o(Region$$Table)
    mixerNames                               0x20000004   Data          76  cli.o(.data)
    featureNames                             0x20000050   Data          52  cli.o(.data)
    sensorNames                              0x20000084   Data          24  cli.o(.data)
    accNames                                 0x2000009c   Data          20  cli.o(.data)
    checkNewConf                             0x200000b4   Data           1  config.o(.data)
    acc_25deg                                0x200000b8   Data           2  imu.o(.data)
    BaroPID                                  0x200000ba   Data           2  imu.o(.data)
    errorAltitudeI                           0x200000bc   Data           2  imu.o(.data)
    magneticDeclination                      0x200000c0   Data           4  imu.o(.data)
    gyroData                                 0x200000c4   Data           6  imu.o(.data)
    gyroZero                                 0x200000ca   Data           6  imu.o(.data)
    angle                                    0x200000d0   Data           4  imu.o(.data)
    gyroADC                                  0x20000100   Data           6  imu.o(.data)
    accADC                                   0x20000106   Data           6  imu.o(.data)
    accSmooth                                0x2000010c   Data           6  imu.o(.data)
    magADC                                   0x20000112   Data           6  imu.o(.data)
    BaroAlt                                  0x20000118   Data           4  imu.o(.data)
    sonarAlt                                 0x2000011c   Data           2  imu.o(.data)
    EstAlt                                   0x20000120   Data           4  imu.o(.data)
    AltHold                                  0x20000124   Data           4  imu.o(.data)
    useServo                                 0x20000129   Data           1  mixer.o(.data)
    servo                                    0x2000012a   Data          16  mixer.o(.data)
    toggleBeep                               0x2000013c   Data           1  mw.o(.data)
    currentTime                              0x20000140   Data           4  mw.o(.data)
    previousTime                             0x20000144   Data           4  mw.o(.data)
    cycleTime                                0x20000148   Data           2  mw.o(.data)
    annex650_overrun_count                   0x2000014a   Data           2  mw.o(.data)
    failsafeCnt                              0x2000014c   Data           2  mw.o(.data)
    failsafeEvents                           0x2000014e   Data           2  mw.o(.data)
    rcData                                   0x20000150   Data          16  mw.o(.data)
    rcReadRawFunc                            0x20000160   Data           4  mw.o(.data)
    GPS_update                               0x20000164   Data           1  mw.o(.data)
    GPS_angle                                0x20000166   Data           4  mw.o(.data)
    GPS_ground_course                        0x2000016a   Data           2  mw.o(.data)
    GPS_Present                              0x2000016c   Data           1  mw.o(.data)
    GPS_Enable                               0x2000016d   Data           1  mw.o(.data)
    nav_mode                                 0x2000016e   Data           1  mw.o(.data)
    InflightcalibratingA                     0x20000170   Data           2  mw.o(.data)
    AccInflightCalibrationMeasurementDone    0x20000172   Data           2  mw.o(.data)
    AccInflightCalibrationSavetoEEProm       0x20000174   Data           2  mw.o(.data)
    AccInflightCalibrationActive             0x20000176   Data           2  mw.o(.data)
    batteryCellCount                         0x20000178   Data           1  mw.o(.data)
    debug                                    0x200001ba   Data           8  mw.o(.data)
    headFreeModeHold                         0x200001c2   Data           2  mw.o(.data)
    vbat                                     0x200001c4   Data           1  mw.o(.data)
    telemTemperature1                        0x200001c6   Data           2  mw.o(.data)
    rcCommand                                0x200001c8   Data           8  mw.o(.data)
    dynP8                                    0x200001d0   Data           3  mw.o(.data)
    dynI8                                    0x200001d3   Data           3  mw.o(.data)
    dynD8                                    0x200001d6   Data           3  mw.o(.data)
    axisPID                                  0x200001da   Data           6  mw.o(.data)
    GPS_coord                                0x200001e0   Data           8  mw.o(.data)
    GPS_home                                 0x200001e8   Data           8  mw.o(.data)
    GPS_hold                                 0x200001f0   Data           8  mw.o(.data)
    GPS_numSat                               0x200001f8   Data           1  mw.o(.data)
    GPS_distanceToHome                       0x200001fa   Data           2  mw.o(.data)
    GPS_directionToHome                      0x200001fc   Data           2  mw.o(.data)
    GPS_altitude                             0x200001fe   Data           2  mw.o(.data)
    GPS_speed                                0x20000200   Data           2  mw.o(.data)
    nav                                      0x20000202   Data           4  mw.o(.data)
    nav_rated                                0x20000206   Data           4  mw.o(.data)
    AccInflightCalibrationArmed              0x2000020a   Data           2  mw.o(.data)
    batteryWarningVoltage                    0x2000020c   Data           2  mw.o(.data)
    calibratingA                             0x20000210   Data           2  sensors.o(.data)
    calibratingG                             0x20000212   Data           2  sensors.o(.data)
    acc_1G                                   0x20000214   Data           2  sensors.o(.data)
    accHardware                              0x20000216   Data           1  sensors.o(.data)
    heading                                  0x20000258   Data           2  sensors.o(.data)
    magHold                                  0x2000025a   Data           2  sensors.o(.data)
    cliMode                                  0x2000025d   Data           1  serial.o(.data)
    acc_samples                              0x2000030d   Data           1  drv_adxl345.o(.data)
    rxDMAPos                                 0x20000440   Data           4  drv_uart.o(.data)
    txBufferTail                             0x20000444   Data           4  drv_uart.o(.data)
    txBufferHead                             0x20000448   Data           4  drv_uart.o(.data)
    uart2Callback                            0x2000044c   Data           4  drv_uart.o(.data)
    mpuProductID                             0x20000451   Data           1  drv_mpu6050.o(.data)
    SystemCoreClock                          0x2000047c   Data           4  system_stm32f10x.o(.data)
    AHBPrescTable                            0x20000480   Data          16  system_stm32f10x.o(.data)
    cfg                                      0x200004c8   Data         212  config.o(.bss)
    motor                                    0x20000610   Data          24  mixer.o(.bss)
    f                                        0x20000778   Data          15  mw.o(.bss)
    lookupPitchRollRC                        0x20000788   Data          12  mw.o(.bss)
    lookupThrottleRC                         0x20000794   Data          22  mw.o(.bss)
    rcOptions                                0x200007aa   Data          14  mw.o(.bss)
    acc                                      0x200007dc   Data          16  sensors.o(.bss)
    gyro                                     0x200007ec   Data          16  sensors.o(.bss)
    baro                                     0x200007fc   Data          28  sensors.o(.bss)
    spekFrame                                0x20000954   Data          16  spektrum.o(.bss)
    rxBuffer                                 0x20000b00   Data         256  drv_uart.o(.bss)
    txBuffer                                 0x20000c00   Data         256  drv_uart.o(.bss)
    __initial_sp                             0x20001d10   Data           0  startup_stm32f10x_md.o(STACK)



==============================================================================

Memory Map of the image

  Image Entry point : 0x080000ed

  Load Region LR_IROM1 (Base: 0x08000000, Size: 0x0000e8b0, Max: 0x00010000, ABSOLUTE, COMPRESSED[0x0000e524])

    Execution Region ER_IROM1 (Base: 0x08000000, Size: 0x0000e408, Max: 0x00010000, ABSOLUTE)

    Base Addr    Size         Type   Attr      Idx    E Section Name        Object

    0x08000000   0x000000ec   Data   RO          814    RESET               startup_stm32f10x_md.o
    0x080000ec   0x00000000   Code   RO          861  * .ARM.Collect$$$$00000000  mc_w.l(entry.o)
    0x080000ec   0x00000004   Code   RO          962    .ARM.Collect$$$$00000001  mc_w.l(entry2.o)
    0x080000f0   0x00000004   Code   RO          965    .ARM.Collect$$$$00000004  mc_w.l(entry5.o)
    0x080000f4   0x00000000   Code   RO          967    .ARM.Collect$$$$00000008  mc_w.l(entry7b.o)
    0x080000f4   0x00000008   Code   RO          968    .ARM.Collect$$$$00000009  mc_w.l(entry8.o)
    0x080000fc   0x00000004   Code   RO          963    .ARM.Collect$$$$00002712  mc_w.l(entry2.o)
    0x08000100   0x00000be8   Code   RO            1    .text               cli.o
    0x08000ce8   0x000004cc   Code   RO          143    .text               config.o
    0x080011b4   0x000007d4   Code   RO          164    .text               imu.o
    0x08001988   0x000001a8   Code   RO          184    .text               main.o
    0x08001b30   0x000012c4   Code   RO          197    .text               mixer.o
    0x08002df4   0x000014d8   Code   RO          218    .text               mw.o
    0x080042cc   0x00000a84   Code   RO          238    .text               sensors.o
    0x08004d50   0x00000970   Code   RO          266    .text               serial.o
    0x080056c0   0x00001008   Code   RO          283    .text               gps.o
    0x080066c8   0x00000150   Code   RO          298    .text               spektrum.o
    0x08006818   0x000002e4   Code   RO          314    .text               buzzer.o
    0x08006afc   0x000002d0   Code   RO          328    .text               telemetry.o
    0x08006dcc   0x000000dc   Code   RO          342    .text               drv_adc.o
    0x08006ea8   0x00000180   Code   RO          356    .text               drv_adxl345.o
    0x08007028   0x00000430   Code   RO          372    .text               drv_bmp085.o
    0x08007458   0x000000ec   Code   RO          387    .text               drv_hmc5883l.o
    0x08007544   0x000007fc   Code   RO          399    .text               drv_i2c.o
    0x08007d40   0x00000198   Code   RO          413    .text               drv_mpu3050.o
    0x08007ed8   0x000006dc   Code   RO          427    .text               drv_pwm.o
    0x080085b4   0x00000240   Code   RO          444    .text               drv_system.o
    0x080087f4   0x0000030c   Code   RO          463    .text               drv_uart.o
    0x08008b00   0x00000160   Code   RO          479    .text               drv_ledring.o
    0x08008c60   0x00000210   Code   RO          492    .text               drv_mpu6050.o
    0x08008e70   0x00000140   Code   RO          508    .text               drv_mma845x.o
    0x08008fb0   0x00000190   Code   RO          523    .text               drv_hcsr04.o
    0x08009140   0x00000134   Code   RO          547    .text               drv_l3g4200d.o
    0x08009274   0x0000032c   Code   RO          561    .text               drv_ms5611.o
    0x080095a0   0x00000140   Code   RO          587    .text               system_stm32f10x.o
    0x080096e0   0x000000b0   Code   RO          684    .text               misc.o
    0x08009790   0x00000324   Code   RO          700    .text               stm32f10x_adc.o
    0x08009ab4   0x000001c8   Code   RO          712    .text               stm32f10x_dma.o
    0x08009c7c   0x000000e8   Code   RO          724    .text               stm32f10x_exti.o
    0x08009d64   0x00000310   Code   RO          736    .text               stm32f10x_i2c.o
    0x0800a074   0x000002bc   Code   RO          748    .text               stm32f10x_rcc.o
    0x0800a330   0x00000a66   Code   RO          762    .text               stm32f10x_tim.o
    0x0800ad96   0x00000002   PAD
    0x0800ad98   0x00000330   Code   RO          775    .text               stm32f10x_usart.o
    0x0800b0c8   0x0000026c   Code   RO          787    .text               stm32f10x_gpio.o
    0x0800b334   0x0000047c   Code   RO          799    .text               stm32f10x_flash.o
    0x0800b7b0   0x0000007c   Code   RO          815    .text               startup_stm32f10x_md.o
    0x0800b82c   0x00000024   Code   RO          864    .text               mc_w.l(llsshr.o)
    0x0800b850   0x00000008   Code   RO          866    .text               mc_w.l(ctype_o.o)
    0x0800b858   0x0000000c   Code   RO          894    .text               mc_w.l(toupper.o)
    0x0800b864   0x00000046   Code   RO          896    .text               mc_w.l(bsearch.o)
    0x0800b8aa   0x00000024   Code   RO          898    .text               mc_w.l(memcpya.o)
    0x0800b8ce   0x00000026   Code   RO          900    .text               mc_w.l(memseta.o)
    0x0800b8f4   0x0000002c   Code   RO          902    .text               mc_w.l(strstr.o)
    0x0800b920   0x00000012   Code   RO          904    .text               mc_w.l(strchr.o)
    0x0800b932   0x00000010   Code   RO          906    .text               mc_w.l(strlen.o)
    0x0800b942   0x00000032   Code   RO          910    .text               mc_w.l(strncasecmp.o)
    0x0800b974   0x0000001a   Code   RO          912    .text               mc_w.l(atoi.o)
    0x0800b98e   0x000000b0   Code   RO          914    .text               mf_w.l(fadd.o)
    0x0800ba3e   0x0000006c   Code   RO          916    .text               mf_w.l(fmul.o)
    0x0800baaa   0x00000080   Code   RO          918    .text               mf_w.l(fdiv.o)
    0x0800bb2a   0x0000014c   Code   RO          920    .text               mf_w.l(dadd.o)
    0x0800bc76   0x000000e0   Code   RO          922    .text               mf_w.l(dmul.o)
    0x0800bd56   0x00000012   Code   RO          924    .text               mf_w.l(fflti.o)
    0x0800bd68   0x0000000a   Code   RO          926    .text               mf_w.l(ffltui.o)
    0x0800bd72   0x00000032   Code   RO          928    .text               mf_w.l(ffixi.o)
    0x0800bda4   0x00000028   Code   RO          930    .text               mf_w.l(ffixui.o)
    0x0800bdcc   0x0000003e   Code   RO          932    .text               mf_w.l(dfixi.o)
    0x0800be0a   0x0000002c   Code   RO          934    .text               mf_w.l(f2d.o)
    0x0800be36   0x00000002   PAD
    0x0800be38   0x00000014   Code   RO          936    .text               mf_w.l(cfcmple.o)
    0x0800be4c   0x00000014   Code   RO          938    .text               mf_w.l(cfrcmple.o)
    0x0800be60   0x0000001e   Code   RO          969    .text               mc_w.l(llshl.o)
    0x0800be7e   0x00000020   Code   RO          971    .text               mc_w.l(llushr.o)
    0x0800be9e   0x0000000c   Code   RO          973    .text               mc_w.l(tolower.o)
    0x0800beaa   0x00000070   Code   RO          982    .text               mc_w.l(strtol.o)
    0x0800bf1a   0x00000000   Code   RO          984    .text               mc_w.l(iusefp.o)
    0x0800bf1a   0x0000006c   Code   RO          985    .text               mf_w.l(fepilogue.o)
    0x0800bf86   0x00000018   Code   RO          987    .text               mf_w.l(fscalb.o)
    0x0800bf9e   0x0000005e   Code   RO          989    .text               mf_w.l(fsqrt.o)
    0x0800bffc   0x0000003c   Code   RO          991    .text               mf_w.l(frnd.o)
    0x0800c038   0x000000be   Code   RO          993    .text               mf_w.l(depilogue.o)
    0x0800c0f6   0x000000de   Code   RO          995    .text               mf_w.l(ddiv.o)
    0x0800c1d4   0x0000002e   Code   RO          997    .text               mf_w.l(dscalb.o)
    0x0800c202   0x00000022   Code   RO          999    .text               mf_w.l(dflti.o)
    0x0800c224   0x00000028   Code   RO         1001    .text               mf_w.l(cdrcmple.o)
    0x0800c24c   0x00000024   Code   RO         1003    .text               mc_w.l(init.o)
    0x0800c270   0x0000009e   Code   RO         1005    .text               mc_w.l(_strtoul.o)
    0x0800c30e   0x000000a2   Code   RO         1007    .text               mf_w.l(dsqrt.o)
    0x0800c3b0   0x0000001c   Code   RO         1011    .text               mc_w.l(_chval.o)
    0x0800c3cc   0x0000005c   Code   RO         1021    .text               mc_w.l(__dczerorl2.o)
    0x0800c428   0x00000028   Code   RO          942    i.__ARM_fpclassify  m_ws.l(fpclassify.o)
    0x0800c450   0x00000026   Code   RO          944    i.__ARM_fpclassifyf  m_ws.l(fpclassifyf.o)
    0x0800c476   0x00000002   PAD
    0x0800c478   0x00000008   Code   RO          975    i.__aeabi_errno_addr  mc_w.l(errno.o)
    0x0800c480   0x000000aa   Code   RO          948    i.__kernel_poly     m_ws.l(poly.o)
    0x0800c52a   0x00000002   PAD
    0x0800c52c   0x00000010   Code   RO          940    i.__mathlib_dbl_underflow  m_ws.l(dunder.o)
    0x0800c53c   0x0000000a   Code   RO          946    i.__mathlib_flt_underflow  m_ws.l(funder.o)
    0x0800c546   0x00000002   PAD
    0x0800c548   0x00000158   Code   RO          951    i.__mathlib_rredf2  m_ws.l(rredf.o)
    0x0800c6a0   0x0000000e   Code   RO         1015    i.__scatterload_copy  mc_w.l(handlers.o)
    0x0800c6ae   0x00000002   Code   RO         1016    i.__scatterload_null  mc_w.l(handlers.o)
    0x0800c6b0   0x0000000e   Code   RO         1017    i.__scatterload_zeroinit  mc_w.l(handlers.o)
    0x0800c6be   0x00000002   PAD
    0x0800c6c0   0x0000000c   Code   RO          977    i.__set_errno       mc_w.l(errno.o)
    0x0800c6cc   0x00000254   Code   RO          820    i.atan2f            m_ws.l(atan2f.o)
    0x0800c920   0x00000180   Code   RO          828    i.cosf              m_ws.l(cosf.o)
    0x0800caa0   0x000009ec   Code   RO          836    i.pow               m_ws.l(pow.o)
    0x0800d48c   0x0000018c   Code   RO          846    i.sinf              m_ws.l(sinf.o)
    0x0800d618   0x0000004c   Code   RO          955    i.sqrt              m_ws.l(sqrt.o)
    0x0800d664   0x0000002c   Code   RO          854    i.sqrtf             m_ws.l(sqrtf.o)
    0x0800d690   0x000005f0   Data   RO            3    .constdata          cli.o
    0x0800dc80   0x00000009   Data   RO          145    .constdata          config.o
    0x0800dc89   0x00000094   Data   RO          268    .constdata          serial.o
    0x0800dd1d   0x00000036   Data   RO          429    .constdata          drv_pwm.o
    0x0800dd53   0x00000001   PAD
    0x0800dd54   0x00000018   Data   RO          445    .constdata          drv_system.o
    0x0800dd6c   0x00000004   PAD
    0x0800dd70   0x00000088   Data   RO          837    .constdata          m_ws.l(pow.o)
    0x0800ddf8   0x00000081   Data   RO          867    .constdata          mc_w.l(ctype_o.o)
    0x0800de79   0x00000003   PAD
    0x0800de7c   0x00000004   Data   RO          868    .constdata          mc_w.l(ctype_o.o)
    0x0800de80   0x00000008   Data   RO          950    .constdata          m_ws.l(qnan.o)
    0x0800de88   0x00000020   Data   RO          952    .constdata          m_ws.l(rredf.o)
    0x0800dea8   0x00000540   Data   RO            4    .conststring        cli.o
    0x0800e3e8   0x00000020   Data   RO         1013    Region$$Table       anon$$obj.o


    Execution Region RW_IRAM1 (Base: 0x20000000, Size: 0x00001d10, Max: 0x00005000, ABSOLUTE, COMPRESSED[0x0000011c])

    Base Addr    Size         Type   Attr      Idx    E Section Name        Object

    0x20000000   0x000000b0   Data   RW            5    .data               cli.o
    0x200000b0   0x00000005   Data   RW          146    .data               config.o
    0x200000b5   0x00000003   PAD
    0x200000b8   0x00000070   Data   RW          166    .data               imu.o
    0x20000128   0x00000012   Data   RW          199    .data               mixer.o
    0x2000013a   0x00000002   PAD
    0x2000013c   0x000000d2   Data   RW          220    .data               mw.o
    0x2000020e   0x00000002   PAD
    0x20000210   0x0000004c   Data   RW          240    .data               sensors.o
    0x2000025c   0x0000000a   Data   RW          269    .data               serial.o
    0x20000266   0x00000002   PAD
    0x20000268   0x0000007a   Data   RW          285    .data               gps.o
    0x200002e2   0x00000002   PAD
    0x200002e4   0x0000000f   Data   RW          300    .data               spektrum.o
    0x200002f3   0x00000001   PAD
    0x200002f4   0x0000000c   Data   RW          315    .data               buzzer.o
    0x20000300   0x00000009   Data   RW          329    .data               telemetry.o
    0x20000309   0x00000001   PAD
    0x2000030a   0x00000002   Data   RW          343    .data               drv_adc.o
    0x2000030c   0x00000002   Data   RW          357    .data               drv_adxl345.o
    0x2000030e   0x00000002   PAD
    0x20000310   0x0000000c   Data   RW          374    .data               drv_bmp085.o
    0x2000031c   0x0000001c   Data   RW          400    .data               drv_i2c.o
    0x20000338   0x00000001   Data   RW          414    .data               drv_mpu3050.o
    0x20000339   0x00000003   PAD
    0x2000033c   0x000000f9   Data   RW          430    .data               drv_pwm.o
    0x20000435   0x00000003   PAD
    0x20000438   0x00000008   Data   RW          446    .data               drv_system.o
    0x20000440   0x00000010   Data   RW          465    .data               drv_uart.o
    0x20000450   0x00000001   Data   RW          480    .data               drv_ledring.o
    0x20000451   0x00000001   Data   RW          493    .data               drv_mpu6050.o
    0x20000452   0x00000001   Data   RW          509    .data               drv_mma845x.o
    0x20000453   0x00000001   PAD
    0x20000454   0x00000018   Data   RW          524    .data               drv_hcsr04.o
    0x2000046c   0x00000001   Data   RW          548    .data               drv_l3g4200d.o
    0x2000046d   0x00000003   PAD
    0x20000470   0x0000000c   Data   RW          563    .data               drv_ms5611.o
    0x2000047c   0x00000014   Data   RW          588    .data               system_stm32f10x.o
    0x20000490   0x00000014   Data   RW          749    .data               stm32f10x_rcc.o
    0x200004a4   0x00000004   Data   RW          978    .data               mc_w.l(errno.o)
    0x200004a8   0x00000020   Zero   RW            2    .bss                cli.o
    0x200004c8   0x000000d4   Zero   RW          144    .bss                config.o
    0x2000059c   0x00000074   Zero   RW          165    .bss                imu.o
    0x20000610   0x00000108   Zero   RW          198    .bss                mixer.o
    0x20000718   0x000000a0   Zero   RW          219    .bss                mw.o
    0x200007b8   0x00000060   Zero   RW          239    .bss                sensors.o
    0x20000818   0x00000040   Zero   RW          267    .bss                serial.o
    0x20000858   0x000000e0   Zero   RW          284    .bss                gps.o
    0x20000938   0x0000002c   Zero   RW          299    .bss                spektrum.o
    0x20000964   0x00000024   Zero   RW          373    .bss                drv_bmp085.o
    0x20000988   0x00000178   Zero   RW          428    .bss                drv_pwm.o
    0x20000b00   0x00000200   Zero   RW          464    .bss                drv_uart.o
    0x20000d00   0x00000010   Zero   RW          562    .bss                drv_ms5611.o
    0x20000d10   0x00001000   Zero   RW          812    STACK               startup_stm32f10x_md.o


==============================================================================

Image component sizes


      Code (inc. data)   RO Data    RW Data    ZI Data      Debug   Object Name

       740         58          0         12          0       1637   buzzer.o
      3048        912       2864        176         32     296677   cli.o
      1228         50          9          5        212       9335   config.o
         0          0          0          0          0         32   core_cm3.o
       220         12          0          2          0       1112   drv_adc.o
       384         26          0          2          0       2399   drv_adxl345.o
      1072         52          0         12         36       4580   drv_bmp085.o
       400         38          0         24          0      17062   drv_hcsr04.o
       236          0          0          0          0       1945   drv_hmc5883l.o
      2044        112          0         28          0       4529   drv_i2c.o
       308         18          0          1          0       2016   drv_l3g4200d.o
       352         18          0          1          0        958   drv_ledring.o
       320         20          0          1          0       2509   drv_mma845x.o
       408         20          0          1          0       2226   drv_mpu3050.o
       528         32          0          1          0       5567   drv_mpu6050.o
       812         44          0         12         16       3267   drv_ms5611.o
      1756         84         54        249        376       6215   drv_pwm.o
       576         70         24          8          0      17814   drv_system.o
       780         40          0         16        512       3271   drv_uart.o
      4104        416          0        122        224       9728   gps.o
      2004        172          0        112        116       4053   imu.o
       424         44          0          0          0        781   main.o
       176         18          0          0          0       1785   misc.o
      4804        192          0         18        264       3113   mixer.o
      5336        468          0        210        160      11811   mw.o
      2692        250          0         76         96       5128   sensors.o
      2416        250        148         10         64       5290   serial.o
       336         48          0         15         44       1895   spektrum.o
       124         40        236          0       4096        824   startup_stm32f10x_md.o
       804         26          0          0          0      10953   stm32f10x_adc.o
       456         10          0          0          0       4562   stm32f10x_dma.o
       232          8          0          0          0       2275   stm32f10x_exti.o
      1148         22          0          0          0       9168   stm32f10x_flash.o
       620         40          0          0          0       5701   stm32f10x_gpio.o
       784         14          0          0          0       9327   stm32f10x_i2c.o
       700         40          0         20          0       8812   stm32f10x_rcc.o
      2662         84          0          0          0      22682   stm32f10x_tim.o
       816         20          0          0          0       8660   stm32f10x_usart.o
       320         32          0         20          0     284043   system_stm32f10x.o
       720         46          0          9          0       1998   telemetry.o

    ----------------------------------------------------------------------
     46892       3846       3372       1188       6248     795740   Object Totals
         0          0         32          0          0          0   (incl. Generated)
         2          0          5         25          0          0   (incl. Padding)

    ----------------------------------------------------------------------

      Code (inc. data)   RO Data    RW Data    ZI Data      Debug   Library Member Name

       596         76          0          0          0        116   atan2f.o
       384         52          0          0          0        116   cosf.o
        16          6          0          0          0         68   dunder.o
        40          0          0          0          0         68   fpclassify.o
        38          0          0          0          0         68   fpclassifyf.o
        10          0          0          0          0         68   funder.o
       170          0          0          0          0         96   poly.o
      2540        192        136          0          0        340   pow.o
         0          0          8          0          0          0   qnan.o
       344         16         32          0          0         88   rredf.o
       396         54          0          0          0        116   sinf.o
        76          0          0          0          0         84   sqrt.o
        44          0          0          0          0         80   sqrtf.o
        92          0          0          0          0          0   __dczerorl2.o
        28          0          0          0          0         68   _chval.o
       158          0          0          0          0         92   _strtoul.o
        26          0          0          0          0         80   atoi.o
        70          0          0          0          0         92   bsearch.o
         8          4        133          0          0         68   ctype_o.o
         0          0          0          0          0          0   entry.o
         8          4          0          0          0          0   entry2.o
         4          0          0          0          0          0   entry5.o
         0          0          0          0          0          0   entry7b.o
         8          4          0          0          0          0   entry8.o
        20         10          0          4          0        136   errno.o
        30          0          0          0          0          0   handlers.o
        36          8          0          0          0         68   init.o
         0          0          0          0          0          0   iusefp.o
        30          0          0          0          0         68   llshl.o
        36          0          0          0          0         68   llsshr.o
        32          0          0          0          0         68   llushr.o
        36          0          0          0          0         68   memcpya.o
        38          0          0          0          0        108   memseta.o
        18          0          0          0          0         68   strchr.o
        16          0          0          0          0         68   strlen.o
        50          0          0          0          0         84   strncasecmp.o
        44          0          0          0          0         80   strstr.o
       112          0          0          0          0         88   strtol.o
        12          0          0          0          0         68   tolower.o
        12          0          0          0          0         68   toupper.o
        40          2          0          0          0         68   cdrcmple.o
        20          0          0          0          0         68   cfcmple.o
        20          0          0          0          0         68   cfrcmple.o
       332          0          0          0          0        148   dadd.o
       222          0          0          0          0        100   ddiv.o
       190          0          0          0          0        176   depilogue.o
        62          0          0          0          0         80   dfixi.o
        34          0          0          0          0         76   dflti.o
       224          0          0          0          0         96   dmul.o
        46          0          0          0          0         80   dscalb.o
       162          0          0          0          0        100   dsqrt.o
        44          0          0          0          0         68   f2d.o
       176          0          0          0          0        140   fadd.o
       128          0          0          0          0         88   fdiv.o
       108          0          0          0          0        168   fepilogue.o
        50          0          0          0          0         68   ffixi.o
        40          0          0          0          0         68   ffixui.o
        18          0          0          0          0         68   fflti.o
        10          0          0          0          0         68   ffltui.o
       108          0          0          0          0         76   fmul.o
        60          0          0          0          0         76   frnd.o
        24          0          0          0          0         68   fscalb.o
        94          0          0          0          0         96   fsqrt.o

    ----------------------------------------------------------------------
      7800        428        312          4          0       4928   Library Totals
        10          0          3          0          0          0   (incl. Padding)

    ----------------------------------------------------------------------

      Code (inc. data)   RO Data    RW Data    ZI Data      Debug   Library Name

      4654        396        176          0          0       1308   m_ws.l
       924         30        133          4          0       1508   mc_w.l
      2212          2          0          0          0       2112   mf_w.l

    ----------------------------------------------------------------------
      7800        428        312          4          0       4928   Library Totals

    ----------------------------------------------------------------------

==============================================================================


      Code (inc. data)   RO Data    RW Data    ZI Data      Debug   

     54692       4274       3684       1192       6248     793544   Grand Totals
     54692       4274       3684        284       6248     793544   ELF Image Totals (compressed)
     54692       4274       3684        284          0          0   ROM Totals

==============================================================================

    Total RO  Size (Code + RO Data)                58376 (  57.01kB)
    Total RW  Size (RW Data + ZI Data)              7440 (   7.27kB)
    Total ROM Size (Code + RO Data + RW Data)      58660 (  57.29kB)

==============================================================================

