<html>
<body>
<pre>
<h1>µVision Build Log</h1>
<h2>Project:</h2>
C:\Devel\ARM\Naze32\baseflight_cn\baseflight.uvproj
Project File Date:  08/01/2012

<h2>Output:</h2>
compiling drv_ms5611.c...
src\drv_ms5611.c - 0 Error(s), 0 Warning(s).
compiling sensors.c...
src\sensors.c(88): warning:  #223-D: function "ms5611Init" declared implicitly
src\sensors.c(256): warning:  #223-D: function "ms5611UT_Start" declared implicitly
src\sensors.c(261): warning:  #223-D: function "ms5611UT_Read" declared implicitly
src\sensors.c(265): warning:  #223-D: function "ms5611UP_Start" declared implicitly
src\sensors.c(270): warning:  #223-D: function "ms5611UP_Read" declared implicitly
src\sensors.c(271): warning:  #223-D: function "ms5611Calculate" declared implicitly
src\sensors.c(241): warning:  #177-D: variable "baroUT" was declared but never referenced
src\sensors.c(242): warning:  #177-D: variable "baroUP" was declared but never referenced
src\sensors.c - 0 Error(s), 8 Warning(s).
compiling drv_ms5611.c...
src\drv_ms5611.c(44): error:  #118: a void function may not return a value
src\drv_ms5611.c(46): error:  #118: a void function may not return a value
src\drv_ms5611.c(54): error:  #268: declaration may not appear after executable statement in block
src\drv_ms5611.c(64): error:  #41: expression must have arithmetic or pointer type
src\drv_ms5611.c(68): warning:  #223-D: function "ms5611readCalibration" declared implicitly
src\drv_ms5611.c - 4 Error(s), 1 Warning(s).
compiling drv_ms5611.c...
src\drv_ms5611.c(54): error:  #268: declaration may not appear after executable statement in block
src\drv_ms5611.c(68): warning:  #223-D: function "ms5611readCalibration" declared implicitly
src\drv_ms5611.c - 1 Error(s), 1 Warning(s).
compiling drv_ms5611.c...
src\drv_ms5611.c(68): warning:  #223-D: function "ms5611readCalibration" declared implicitly
src\drv_ms5611.c - 0 Error(s), 1 Warning(s).
compiling drv_ms5611.c...
src\drv_ms5611.c - 0 Error(s), 0 Warning(s).
compiling sensors.c...
src\sensors.c(88): warning:  #223-D: function "ms5611Init" declared implicitly
src\sensors.c(256): warning:  #223-D: function "ms5611UT_Start" declared implicitly
src\sensors.c(261): warning:  #223-D: function "ms5611UT_Read" declared implicitly
src\sensors.c(265): warning:  #223-D: function "ms5611UP_Start" declared implicitly
src\sensors.c(270): warning:  #223-D: function "ms5611UP_Read" declared implicitly
src\sensors.c(271): warning:  #223-D: function "ms5611Calculate" declared implicitly
src\sensors.c(241): warning:  #177-D: variable "baroUT" was declared but never referenced
src\sensors.c(242): warning:  #177-D: variable "baroUP" was declared but never referenced
src\sensors.c - 0 Error(s), 8 Warning(s).
Build target 'STM32'
compiling cli.c...
src\cli.c(463): warning:  #1293-D: assignment in condition
compiling config.c...
compiling imu.c...
compiling main.c...
compiling mixer.c...
compiling mw.c...
compiling serial.c...
src\serial.c(75): warning:  #550-D: variable "guiConnected" was set but never used
compiling gps.c...
compiling spektrum.c...
compiling buzzer.c...
compiling telemetry.c...
compiling drv_adc.c...
compiling drv_adxl345.c...
compiling drv_bmp085.c...
src\drv_bmp085.c(239): warning:  #177-D: variable "timeout" was declared but never referenced
src\drv_bmp085.c(271): warning:  #177-D: variable "timeout" was declared but never referenced
compiling drv_hmc5883l.c...
compiling drv_i2c.c...
compiling drv_mpu3050.c...
compiling drv_pwm.c...
src\drv_pwm.c(252): warning:  #177-D: variable "val" was declared but never referenced
src\drv_pwm.c(253): warning:  #177-D: variable "c" was declared but never referenced
compiling drv_system.c...
compiling drv_uart.c...
compiling drv_ledring.c...
compiling drv_mpu6050.c...
compiling drv_mma845x.c...
src\drv_mma845x.c(50): warning:  #550-D: variable "device_id" was set but never used
compiling drv_hcsr04.c...
compiling drv_i2c_soft.c...
compiling drv_ms5611.c...
linking...
Program Size: Code=53700 RO-data=3592 RW-data=1040 ZI-data=5664  
FromELF: creating hex file...
".\obj\baseflight.axf" - 0 Error(s), 7 Warning(s).
compiling drv_ms5611.c...
src\drv_ms5611.c - 0 Error(s), 0 Warning(s).
Build target 'STM32'
linking...
Program Size: Code=53700 RO-data=3592 RW-data=1040 ZI-data=5664  
FromELF: creating hex file...
".\obj\baseflight.axf" - 0 Error(s), 0 Warning(s).
Build target 'STM32'
compiling sensors.c...
src\sensors.c(100): warning:  #223-D: function "ms5611Init" declared implicitly
src\sensors.c(251): warning:  #223-D: function "ms5611UT_Start" declared implicitly
src\sensors.c(256): warning:  #223-D: function "ms5611UT_Read" declared implicitly
src\sensors.c(260): warning:  #223-D: function "ms5611UP_Start" declared implicitly
src\sensors.c(265): warning:  #223-D: function "ms5611UP_Read" declared implicitly
src\sensors.c(266): warning:  #223-D: function "ms5611Calculate" declared implicitly
src\sensors.c(236): warning:  #177-D: variable "baroUT" was declared but never referenced
src\sensors.c(237): warning:  #177-D: variable "baroUP" was declared but never referenced
linking...
Program Size: Code=53700 RO-data=3592 RW-data=1040 ZI-data=5664  
FromELF: creating hex file...
".\obj\baseflight.axf" - 0 Error(s), 8 Warning(s).
compiling sensors.c...
src\sensors.c(236): warning:  #177-D: variable "baroUT" was declared but never referenced
src\sensors.c(237): warning:  #177-D: variable "baroUP" was declared but never referenced
src\sensors.c - 0 Error(s), 2 Warning(s).
Build target 'STM32'
compiling cli.c...
src\cli.c(463): warning:  #1293-D: assignment in condition
compiling config.c...
compiling imu.c...
compiling main.c...
compiling mixer.c...
compiling mw.c...
compiling serial.c...
src\serial.c(75): warning:  #550-D: variable "guiConnected" was set but never used
compiling gps.c...
compiling spektrum.c...
compiling buzzer.c...
compiling telemetry.c...
compiling drv_adc.c...
compiling drv_adxl345.c...
compiling drv_bmp085.c...
src\drv_bmp085.c(239): warning:  #177-D: variable "timeout" was declared but never referenced
src\drv_bmp085.c(271): warning:  #177-D: variable "timeout" was declared but never referenced
compiling drv_hmc5883l.c...
compiling drv_i2c.c...
compiling drv_mpu3050.c...
compiling drv_pwm.c...
src\drv_pwm.c(252): warning:  #177-D: variable "val" was declared but never referenced
src\drv_pwm.c(253): warning:  #177-D: variable "c" was declared but never referenced
compiling drv_system.c...
compiling drv_uart.c...
compiling drv_ledring.c...
compiling drv_mpu6050.c...
compiling drv_mma845x.c...
src\drv_mma845x.c(50): warning:  #550-D: variable "device_id" was set but never used
compiling drv_hcsr04.c...
compiling drv_i2c_soft.c...
compiling drv_ms5611.c...
linking...
Program Size: Code=53700 RO-data=3592 RW-data=1040 ZI-data=5664  
FromELF: creating hex file...
".\obj\baseflight.axf" - 0 Error(s), 7 Warning(s).
