<html>
<body>
<pre>
<h1>µVision Build Log</h1>
<h2>Project:</h2>
C:\Devel\ARM\Naze32\baseflight_cn\baseflight.uvproj
Project File Date:  08/02/2012

<h2>Output:</h2>
Build target 'STM32'
compiling sensors.c...
src\sensors.c(236): warning:  #177-D: variable "baroUT" was declared but never referenced
src\sensors.c(237): warning:  #177-D: variable "baroUP" was declared but never referenced
linking...
Program Size: Code=53700 RO-data=3592 RW-data=1040 ZI-data=5664  
FromELF: creating hex file...
".\obj\baseflight.axf" - 0 Error(s), 2 Warning(s).
